::ffff:127.0.0.1 - - [25/May/2022:03:47:11 +0000] "GET /api/v1/works?limit=100 HTTP/1.0" 200 12003 "-" "Career%20developer/1.0.9 CFNetwork/1331.0.7 Darwin/21.4.0"
::1 - - [25/May/2022:03:47:12 +0000] "GET /api/v1/works?select=createdAt&sort=-createdAt&limit=1 HTTP/1.0" 200 237 "-" "Career%20developer/1.0.9 CFNetwork/1331.0.7 Darwin/21.4.0"
::1 - - [25/May/2022:03:47:12 +0000] "GET /api/v1/magazines?limit=50 HTTP/1.0" 200 194113 "-" "Career%20developer/1.0.9 CFNetwork/1331.0.7 Darwin/21.4.0"
::ffff:127.0.0.1 - - [25/May/2022:03:47:23 +0000] "GET /api/v1/users/undefined HTTP/1.0" 500 250 "-" "Career%20developer/1.0.9 CFNetwork/1331.0.7 Darwin/21.4.0"
::ffff:127.0.0.1 - - [25/May/2022:03:47:23 +0000] "GET /api/v1/binances/6242b7d71aaad439817a4c5e HTTP/1.0" 200 19617 "-" "Career%20developer/1.0.9 CFNetwork/1331.0.7 Darwin/21.4.0"
::ffff:127.0.0.1 - - [25/May/2022:03:47:31 +0000] "GET /api/v1/users/undefined HTTP/1.0" 500 250 "-" "Career%20developer/1.0.9 CFNetwork/1331.0.7 Darwin/21.4.0"
::1 - - [25/May/2022:03:53:50 +0000] "GET /api/v1/webworks?limit=10 HTTP/1.0" 200 792 "https://ihelp.mn/" "Mozilla/5.0 (Windows NT 10.0; Win64; x64) AppleWebKit/537.36 (KHTML, like Gecko) Chrome/101.0.4951.67 Safari/537.36"
::ffff:127.0.0.1 - - [25/May/2022:03:53:50 +0000] "GET /upload/webwork__627e1aa7c36872e4d55f0cbf.jpg HTTP/1.0" 404 183 "https://ihelp.mn/" "Mozilla/5.0 (Windows NT 10.0; Win64; x64) AppleWebKit/537.36 (KHTML, like Gecko) Chrome/101.0.4951.67 Safari/537.36"
::1 - - [25/May/2022:03:59:41 +0000] "GET /api/v1/webworks?limit=10 HTTP/1.0" 200 792 "http://www.ihelp.mn/" "Mozilla/5.0 (Windows NT 10.0; Win64; x64; rv:100.0) Gecko/20100101 Firefox/100.0"
::ffff:127.0.0.1 - - [25/May/2022:03:59:41 +0000] "GET /upload/webwork__627e1aa7c36872e4d55f0cbf.jpg HTTP/1.0" 404 183 "http://www.ihelp.mn/" "Mozilla/5.0 (Windows NT 10.0; Win64; x64; rv:100.0) Gecko/20100101 Firefox/100.0"
::1 - - [25/May/2022:03:59:50 +0000] "GET /api/v1/webworks?limit=10 HTTP/1.0" 304 - "http://www.ihelp.mn/" "Mozilla/5.0 (Windows NT 10.0; Win64; x64; rv:100.0) Gecko/20100101 Firefox/100.0"
::ffff:127.0.0.1 - - [25/May/2022:03:59:50 +0000] "GET /upload/webwork__627e1aa7c36872e4d55f0cbf.jpg HTTP/1.0" 404 183 "http://www.ihelp.mn/" "Mozilla/5.0 (Windows NT 10.0; Win64; x64; rv:100.0) Gecko/20100101 Firefox/100.0"
::1 - - [25/May/2022:04:03:26 +0000] "GET /api/v1/webworks?limit=10 HTTP/1.0" 200 792 "http://www.ihelp.mn/" "Mozilla/5.0 (Windows NT 10.0; Win64; x64) AppleWebKit/537.36 (KHTML, like Gecko) Chrome/101.0.4951.67 Safari/537.36"
::ffff:127.0.0.1 - - [25/May/2022:04:03:26 +0000] "GET /upload/webwork__627e1aa7c36872e4d55f0cbf.jpg HTTP/1.0" 404 183 "http://www.ihelp.mn/" "Mozilla/5.0 (Windows NT 10.0; Win64; x64) AppleWebKit/537.36 (KHTML, like Gecko) Chrome/101.0.4951.67 Safari/537.36"
::1 - - [25/May/2022:04:05:44 +0000] "GET /api/v1/webworks?limit=10 HTTP/1.0" 200 792 "http://www.ihelp.mn/" "Mozilla/5.0 (Windows NT 10.0; Win64; x64) AppleWebKit/537.36 (KHTML, like Gecko) Chrome/97.0.4692.99 Safari/537.36"
::ffff:127.0.0.1 - - [25/May/2022:04:05:44 +0000] "GET /upload/webwork__627e1aa7c36872e4d55f0cbf.jpg HTTP/1.0" 404 183 "http://www.ihelp.mn/" "Mozilla/5.0 (Windows NT 10.0; Win64; x64) AppleWebKit/537.36 (KHTML, like Gecko) Chrome/97.0.4692.99 Safari/537.36"
::ffff:127.0.0.1 - - [25/May/2022:04:05:54 +0000] "GET /upload/null HTTP/1.0" 404 150 "http://www.ihelp.mn/" "Mozilla/5.0 (Windows NT 10.0; Win64; x64) AppleWebKit/537.36 (KHTML, like Gecko) Chrome/97.0.4692.99 Safari/537.36"
::1 - - [25/May/2022:04:05:55 +0000] "GET /api/v1/webworks/627e1aa7c36872e4d55f0cbf HTTP/1.0" 200 712 "http://www.ihelp.mn/" "Mozilla/5.0 (Windows NT 10.0; Win64; x64) AppleWebKit/537.36 (KHTML, like Gecko) Chrome/97.0.4692.99 Safari/537.36"
::ffff:127.0.0.1 - - [25/May/2022:04:05:55 +0000] "GET /upload/webwork__627e1aa7c36872e4d55f0cbf.jpg HTTP/1.0" 404 183 "http://www.ihelp.mn/" "Mozilla/5.0 (Windows NT 10.0; Win64; x64) AppleWebKit/537.36 (KHTML, like Gecko) Chrome/97.0.4692.99 Safari/537.36"
::1 - - [25/May/2022:04:06:04 +0000] "GET /api/v1/webworks?limit=10 HTTP/1.0" 304 - "http://www.ihelp.mn/" "Mozilla/5.0 (Windows NT 10.0; Win64; x64) AppleWebKit/537.36 (KHTML, like Gecko) Chrome/97.0.4692.99 Safari/537.36"
::ffff:127.0.0.1 - - [25/May/2022:04:06:04 +0000] "GET /upload/webwork__627e1aa7c36872e4d55f0cbf.jpg HTTP/1.0" 404 183 "http://www.ihelp.mn/" "Mozilla/5.0 (Windows NT 10.0; Win64; x64) AppleWebKit/537.36 (KHTML, like Gecko) Chrome/97.0.4692.99 Safari/537.36"
::1 - - [25/May/2022:04:07:38 +0000] "GET /api/v1/webworks?limit=10 HTTP/1.0" 200 792 "http://www.ihelp.mn/" "Mozilla/5.0 (Windows NT 10.0; Win64; x64) AppleWebKit/537.36 (KHTML, like Gecko) Chrome/101.0.4951.67 Safari/537.36"
::ffff:127.0.0.1 - - [25/May/2022:04:07:38 +0000] "GET /upload/webwork__627e1aa7c36872e4d55f0cbf.jpg HTTP/1.0" 404 183 "http://www.ihelp.mn/" "Mozilla/5.0 (Windows NT 10.0; Win64; x64) AppleWebKit/537.36 (KHTML, like Gecko) Chrome/101.0.4951.67 Safari/537.36"
::1 - - [25/May/2022:04:08:10 +0000] "GET /api/v1/webworks?limit=10 HTTP/1.0" 304 - "http://www.ihelp.mn/" "Mozilla/5.0 (Windows NT 10.0; Win64; x64) AppleWebKit/537.36 (KHTML, like Gecko) Chrome/101.0.4951.67 Safari/537.36"
::ffff:127.0.0.1 - - [25/May/2022:04:08:10 +0000] "GET /upload/webwork__627e1aa7c36872e4d55f0cbf.jpg HTTP/1.0" 404 183 "http://www.ihelp.mn/" "Mozilla/5.0 (Windows NT 10.0; Win64; x64) AppleWebKit/537.36 (KHTML, like Gecko) Chrome/101.0.4951.67 Safari/537.36"
::1 - - [25/May/2022:04:23:37 +0000] "GET /api/v1/webworks?limit=10 HTTP/1.0" 200 792 "https://www.ihelp.mn/" "Mozilla/5.0 (Windows NT 10.0; Win64; x64) AppleWebKit/537.36 (KHTML, like Gecko) Chrome/101.0.4951.67 Safari/537.36"
::ffff:127.0.0.1 - - [25/May/2022:04:23:37 +0000] "GET /upload/webwork__627e1aa7c36872e4d55f0cbf.jpg HTTP/1.0" 404 183 "https://www.ihelp.mn/" "Mozilla/5.0 (Windows NT 10.0; Win64; x64) AppleWebKit/537.36 (KHTML, like Gecko) Chrome/101.0.4951.67 Safari/537.36"
::1 - - [25/May/2022:04:28:39 +0000] "GET /api/v1/articles?limit=3&sort=-createdAt HTTP/1.0" 200 20841 "http://localhost:3005/" "Mozilla/5.0 (Windows NT 10.0; Win64; x64) AppleWebKit/537.36 (KHTML, like Gecko) Chrome/102.0.5005.61 Safari/537.36"
::ffff:127.0.0.1 - - [25/May/2022:04:28:39 +0000] "GET /upload/photo_626a74fcc36872e4d55eb274.jpeg HTTP/1.0" 404 181 "http://localhost:3005/" "Mozilla/5.0 (Windows NT 10.0; Win64; x64) AppleWebKit/537.36 (KHTML, like Gecko) Chrome/102.0.5005.61 Safari/537.36"
::1 - - [25/May/2022:04:28:39 +0000] "GET /upload/photo_6257a99db41c5c678b99888a.jpg HTTP/1.0" 404 180 "http://localhost:3005/" "Mozilla/5.0 (Windows NT 10.0; Win64; x64) AppleWebKit/537.36 (KHTML, like Gecko) Chrome/102.0.5005.61 Safari/537.36"
::ffff:127.0.0.1 - - [25/May/2022:04:28:39 +0000] "GET /upload/photo_6257a923b41c5c678b998880.jpg HTTP/1.0" 404 180 "http://localhost:3005/" "Mozilla/5.0 (Windows NT 10.0; Win64; x64) AppleWebKit/537.36 (KHTML, like Gecko) Chrome/102.0.5005.61 Safari/537.36"
::1 - - [25/May/2022:04:37:54 +0000] "POST /ajax HTTP/1.0" 404 144 "-" "Mozilla/4.0 (compatible; MSIE 8.0; Windows NT 5.1; Trident/4.0; .NET CLR 1.1.4322; .NET CLR 2.0.50727; .NET CLR 3.0.4506.2152; .NET CLR 3.5.30729)"
::ffff:127.0.0.1 - - [25/May/2022:04:38:45 +0000] "GET /upload/photo_626a74fcc36872e4d55eb274.jpeg HTTP/1.0" 404 181 "https://www.icareer.mn/" "Mozilla/5.0 (Windows NT 10.0; Win64; x64) AppleWebKit/537.36 (KHTML, like Gecko) Chrome/97.0.4692.99 Safari/537.36"
::1 - - [25/May/2022:04:38:45 +0000] "GET /upload/photo_6257a99db41c5c678b99888a.jpg HTTP/1.0" 404 180 "https://www.icareer.mn/" "Mozilla/5.0 (Windows NT 10.0; Win64; x64) AppleWebKit/537.36 (KHTML, like Gecko) Chrome/97.0.4692.99 Safari/537.36"
::1 - - [25/May/2022:04:38:45 +0000] "GET /upload/photo_6257a923b41c5c678b998880.jpg HTTP/1.0" 404 180 "https://www.icareer.mn/" "Mozilla/5.0 (Windows NT 10.0; Win64; x64) AppleWebKit/537.36 (KHTML, like Gecko) Chrome/97.0.4692.99 Safari/537.36"
::1 - - [25/May/2022:04:48:23 +0000] "GET /ReportServer HTTP/1.0" 404 151 "-" "Mozilla/5.0 zgrab/0.x"
::ffff:127.0.0.1 - - [25/May/2022:04:48:42 +0000] "GET /login HTTP/1.0" 404 144 "-" "Mozilla/5.0 zgrab/0.x"
::1 - - [25/May/2022:04:59:21 +0000] "GET /robots.txt HTTP/1.0" 404 149 "-" "Mozilla/5.0 (compatible; AhrefsBot/7.0; +http://ahrefs.com/robot/)"
::ffff:127.0.0.1 - - [25/May/2022:06:03:21 +0000] "GET /api/v1/webworks?limit=10 HTTP/1.0" 200 792 "http://www.ihelp.mn/" "Mozilla/5.0 (Windows NT 10.0; Win64; x64) AppleWebKit/537.36 (KHTML, like Gecko) Chrome/101.0.4951.64 Safari/537.36 Edg/101.0.1210.53"
::1 - - [25/May/2022:06:03:22 +0000] "GET /upload/webwork__627e1aa7c36872e4d55f0cbf.jpg HTTP/1.0" 404 183 "http://www.ihelp.mn/" "Mozilla/5.0 (Windows NT 10.0; Win64; x64) AppleWebKit/537.36 (KHTML, like Gecko) Chrome/101.0.4951.64 Safari/537.36 Edg/101.0.1210.53"
::ffff:127.0.0.1 - - [25/May/2022:06:24:56 +0000] "POST /api/v1/users/register HTTP/1.0" 200 457 "-" "Career%20developer/1.0.9 CFNetwork/1331.0.7 Darwin/21.4.0"
::1 - - [25/May/2022:06:24:57 +0000] "GET /api/v1/users/628dcbb89eaf6f8bd9ccf069 HTTP/1.0" 200 183 "-" "Career%20developer/1.0.9 CFNetwork/1331.0.7 Darwin/21.4.0"
::ffff:127.0.0.1 - - [25/May/2022:06:24:57 +0000] "POST /api/v1/users/register HTTP/1.0" 500 251 "-" "Career%20developer/1.0.9 CFNetwork/1331.0.7 Darwin/21.4.0"
::1 - - [25/May/2022:06:24:57 +0000] "GET /api/v1/tops HTTP/1.0" 200 4811 "-" "Career%20developer/1.0.9 CFNetwork/1331.0.7 Darwin/21.4.0"
::ffff:127.0.0.1 - - [25/May/2022:06:24:57 +0000] "GET /api/v1/odkos HTTP/1.0" 200 10198 "-" "Career%20developer/1.0.9 CFNetwork/1331.0.7 Darwin/21.4.0"
::1 - - [25/May/2022:06:24:57 +0000] "GET /api/v1/ariunzayas HTTP/1.0" 200 19072 "-" "Career%20developer/1.0.9 CFNetwork/1331.0.7 Darwin/21.4.0"
::ffff:127.0.0.1 - - [25/May/2022:06:24:57 +0000] "GET /api/v1/bolors HTTP/1.0" 200 19139 "-" "Career%20developer/1.0.9 CFNetwork/1331.0.7 Darwin/21.4.0"
::ffff:127.0.0.1 - - [25/May/2022:06:24:57 +0000] "GET /api/v1/binances HTTP/1.0" 200 19696 "-" "Career%20developer/1.0.9 CFNetwork/1331.0.7 Darwin/21.4.0"
::ffff:127.0.0.1 - - [25/May/2022:06:24:57 +0000] "GET /api/v1/coins HTTP/1.0" 200 12866 "-" "Career%20developer/1.0.9 CFNetwork/1331.0.7 Darwin/21.4.0"
::1 - - [25/May/2022:06:24:57 +0000] "GET /api/v1/technos HTTP/1.0" 200 16321 "-" "Career%20developer/1.0.9 CFNetwork/1331.0.7 Darwin/21.4.0"
::1 - - [25/May/2022:06:24:57 +0000] "GET /api/v1/binances HTTP/1.0" 200 19696 "-" "Career%20developer/1.0.9 CFNetwork/1331.0.7 Darwin/21.4.0"
::ffff:127.0.0.1 - - [25/May/2022:06:24:58 +0000] "GET /api/v1/baykas HTTP/1.0" 200 28804 "-" "Career%20developer/1.0.9 CFNetwork/1331.0.7 Darwin/21.4.0"
::1 - - [25/May/2022:06:24:58 +0000] "GET /api/v1/bataas HTTP/1.0" 200 17214 "-" "Career%20developer/1.0.9 CFNetwork/1331.0.7 Darwin/21.4.0"
::1 - - [25/May/2022:06:24:58 +0000] "GET /api/v1/ariunzayas HTTP/1.0" 200 19072 "-" "Career%20developer/1.0.9 CFNetwork/1331.0.7 Darwin/21.4.0"
::ffff:127.0.0.1 - - [25/May/2022:06:24:58 +0000] "GET /api/v1/bolors HTTP/1.0" 200 19139 "-" "Career%20developer/1.0.9 CFNetwork/1331.0.7 Darwin/21.4.0"
::1 - - [25/May/2022:06:24:58 +0000] "GET /api/v1/deegiis HTTP/1.0" 200 15902 "-" "Career%20developer/1.0.9 CFNetwork/1331.0.7 Darwin/21.4.0"
::ffff:127.0.0.1 - - [25/May/2022:06:24:58 +0000] "GET /api/v1/odkos HTTP/1.0" 200 10198 "-" "Career%20developer/1.0.9 CFNetwork/1331.0.7 Darwin/21.4.0"
::ffff:127.0.0.1 - - [25/May/2022:06:24:58 +0000] "GET /api/v1/works?select=createdAt&sort=-createdAt&limit=1 HTTP/1.0" 200 237 "-" "Career%20developer/1.0.9 CFNetwork/1331.0.7 Darwin/21.4.0"
::1 - - [25/May/2022:06:24:58 +0000] "GET /api/v1/headerBanners?limit=10 HTTP/1.0" 200 766 "-" "Career%20developer/1.0.9 CFNetwork/1331.0.7 Darwin/21.4.0"
::1 - - [25/May/2022:06:24:58 +0000] "GET /api/v1/works?limit=100 HTTP/1.0" 200 12003 "-" "Career%20developer/1.0.9 CFNetwork/1331.0.7 Darwin/21.4.0"
::ffff:127.0.0.1 - - [25/May/2022:06:24:58 +0000] "GET /api/v1/magazines?limit=50 HTTP/1.0" 200 194113 "-" "Career%20developer/1.0.9 CFNetwork/1331.0.7 Darwin/21.4.0"
::ffff:127.0.0.1 - - [25/May/2022:06:25:05 +0000] "POST /api/v1/users/login HTTP/1.0" 200 457 "-" "Career%20developer/1.0.9 CFNetwork/1331.0.7 Darwin/21.4.0"
::1 - - [25/May/2022:06:25:06 +0000] "GET /api/v1/users/628dcbb89eaf6f8bd9ccf069 HTTP/1.0" 304 - "-" "Career%20developer/1.0.9 CFNetwork/1331.0.7 Darwin/21.4.0"
::ffff:127.0.0.1 - - [25/May/2022:06:25:06 +0000] "GET /api/v1/technos HTTP/1.0" 304 - "-" "Career%20developer/1.0.9 CFNetwork/1331.0.7 Darwin/21.4.0"
::1 - - [25/May/2022:06:25:06 +0000] "GET /api/v1/odkos HTTP/1.0" 304 - "-" "Career%20developer/1.0.9 CFNetwork/1331.0.7 Darwin/21.4.0"
::ffff:127.0.0.1 - - [25/May/2022:06:25:06 +0000] "GET /api/v1/tops HTTP/1.0" 304 - "-" "Career%20developer/1.0.9 CFNetwork/1331.0.7 Darwin/21.4.0"
::1 - - [25/May/2022:06:25:06 +0000] "GET /api/v1/ariunzayas HTTP/1.0" 304 - "-" "Career%20developer/1.0.9 CFNetwork/1331.0.7 Darwin/21.4.0"
::ffff:127.0.0.1 - - [25/May/2022:06:25:06 +0000] "GET /api/v1/bolors HTTP/1.0" 304 - "-" "Career%20developer/1.0.9 CFNetwork/1331.0.7 Darwin/21.4.0"
::1 - - [25/May/2022:06:25:06 +0000] "GET /api/v1/binances HTTP/1.0" 304 - "-" "Career%20developer/1.0.9 CFNetwork/1331.0.7 Darwin/21.4.0"
::ffff:127.0.0.1 - - [25/May/2022:06:25:06 +0000] "GET /api/v1/coins HTTP/1.0" 304 - "-" "Career%20developer/1.0.9 CFNetwork/1331.0.7 Darwin/21.4.0"
::1 - - [25/May/2022:06:25:07 +0000] "GET /api/v1/ariunzayas HTTP/1.0" 304 - "-" "Career%20developer/1.0.9 CFNetwork/1331.0.7 Darwin/21.4.0"
::ffff:127.0.0.1 - - [25/May/2022:06:25:07 +0000] "GET /api/v1/bolors HTTP/1.0" 304 - "-" "Career%20developer/1.0.9 CFNetwork/1331.0.7 Darwin/21.4.0"
::1 - - [25/May/2022:06:25:07 +0000] "GET /api/v1/binances HTTP/1.0" 304 - "-" "Career%20developer/1.0.9 CFNetwork/1331.0.7 Darwin/21.4.0"
::ffff:127.0.0.1 - - [25/May/2022:06:25:07 +0000] "GET /api/v1/baykas HTTP/1.0" 304 - "-" "Career%20developer/1.0.9 CFNetwork/1331.0.7 Darwin/21.4.0"
::1 - - [25/May/2022:06:25:07 +0000] "GET /api/v1/bataas HTTP/1.0" 304 - "-" "Career%20developer/1.0.9 CFNetwork/1331.0.7 Darwin/21.4.0"
::ffff:127.0.0.1 - - [25/May/2022:06:25:07 +0000] "GET /api/v1/deegiis HTTP/1.0" 304 - "-" "Career%20developer/1.0.9 CFNetwork/1331.0.7 Darwin/21.4.0"
::1 - - [25/May/2022:06:25:07 +0000] "GET /api/v1/headerBanners?limit=10 HTTP/1.0" 304 - "-" "Career%20developer/1.0.9 CFNetwork/1331.0.7 Darwin/21.4.0"
::1 - - [25/May/2022:06:25:07 +0000] "GET /api/v1/odkos HTTP/1.0" 304 - "-" "Career%20developer/1.0.9 CFNetwork/1331.0.7 Darwin/21.4.0"
::1 - - [25/May/2022:06:25:07 +0000] "GET /api/v1/works?limit=100 HTTP/1.0" 304 - "-" "Career%20developer/1.0.9 CFNetwork/1331.0.7 Darwin/21.4.0"
::ffff:127.0.0.1 - - [25/May/2022:06:25:07 +0000] "GET /api/v1/magazines?limit=50 HTTP/1.0" 304 - "-" "Career%20developer/1.0.9 CFNetwork/1331.0.7 Darwin/21.4.0"
::ffff:127.0.0.1 - - [25/May/2022:06:25:18 +0000] "GET /api/v1/users/628dcbb89eaf6f8bd9ccf069 HTTP/1.0" 304 - "-" "Career%20developer/1.0.9 CFNetwork/1331.0.7 Darwin/21.4.0"
::1 - - [25/May/2022:06:25:18 +0000] "GET /api/v1/magazines/6242b7d91aaad439817a4c70 HTTP/1.0" 200 194033 "-" "Career%20developer/1.0.9 CFNetwork/1331.0.7 Darwin/21.4.0"
::1 - - [25/May/2022:06:25:44 +0000] "GET /api/v1/users/628dcbb89eaf6f8bd9ccf069 HTTP/1.0" 304 - "-" "Career%20developer/1.0.9 CFNetwork/1331.0.7 Darwin/21.4.0"
::1 - - [25/May/2022:06:25:56 +0000] "GET /api/v1/users/628dcbb89eaf6f8bd9ccf069 HTTP/1.0" 304 - "-" "Career%20developer/1.0.9 CFNetwork/1331.0.7 Darwin/21.4.0"
::1 - - [25/May/2022:06:25:56 +0000] "GET /api/v1/baykas/6242b7d81aaad439817a4c6a HTTP/1.0" 200 28725 "-" "Career%20developer/1.0.9 CFNetwork/1331.0.7 Darwin/21.4.0"
::ffff:127.0.0.1 - - [25/May/2022:06:27:25 +0000] "GET /api/v1/users/628dcbb89eaf6f8bd9ccf069 HTTP/1.0" 304 - "-" "Career%20developer/1.0.9 CFNetwork/1331.0.7 Darwin/21.4.0"
::1 - - [25/May/2022:06:27:27 +0000] "GET /api/v1/bolors/6242b7d81aaad439817a4c62 HTTP/1.0" 200 19060 "-" "Career%20developer/1.0.9 CFNetwork/1331.0.7 Darwin/21.4.0"
::ffff:127.0.0.1 - - [25/May/2022:06:27:27 +0000] "GET /api/v1/users/628dcbb89eaf6f8bd9ccf069 HTTP/1.0" 304 - "-" "Career%20developer/1.0.9 CFNetwork/1331.0.7 Darwin/21.4.0"
::1 - - [25/May/2022:06:29:51 +0000] "GET /api/v1/users/628dcbb89eaf6f8bd9ccf069 HTTP/1.0" 304 - "-" "Career%20developer/1.0.9 CFNetwork/1331.0.7 Darwin/21.4.0"
::1 - - [25/May/2022:06:30:04 +0000] "GET /api/v1/users/628dcbb89eaf6f8bd9ccf069 HTTP/1.0" 304 - "-" "Career%20developer/1.0.9 CFNetwork/1331.0.7 Darwin/21.4.0"
::ffff:127.0.0.1 - - [25/May/2022:06:30:04 +0000] "GET /api/v1/magazines/6242b7d91aaad439817a4c70 HTTP/1.0" 200 194033 "-" "Career%20developer/1.0.9 CFNetwork/1331.0.7 Darwin/21.4.0"
::1 - - [25/May/2022:06:30:42 +0000] "GET /api/v1/users/628dcbb89eaf6f8bd9ccf069 HTTP/1.0" 304 - "-" "Career%20developer/1.0.9 CFNetwork/1331.0.7 Darwin/21.4.0"
::1 - - [25/May/2022:06:37:27 +0000] "POST /api/v1/users/register HTTP/1.0" 500 251 "-" "Career%20developer/1.0.9 CFNetwork/1220.1 Darwin/20.3.0"
::ffff:127.0.0.1 - - [25/May/2022:06:37:40 +0000] "POST /api/v1/users/login HTTP/1.0" 401 138 "-" "Career%20developer/1.0.9 CFNetwork/1220.1 Darwin/20.3.0"
::1 - - [25/May/2022:06:37:46 +0000] "POST /api/v1/users/login HTTP/1.0" 401 138 "-" "Career%20developer/1.0.9 CFNetwork/1220.1 Darwin/20.3.0"
::ffff:127.0.0.1 - - [25/May/2022:06:38:10 +0000] "POST /api/v1/users/forgot-password HTTP/1.0" 200 38 "-" "Career%20developer/1.0.9 CFNetwork/1220.1 Darwin/20.3.0"
::1 - - [25/May/2022:06:38:59 +0000] "POST /api/v1/users/reset-password HTTP/1.0" 200 455 "-" "Career%20developer/1.0.9 CFNetwork/1220.1 Darwin/20.3.0"
::ffff:127.0.0.1 - - [25/May/2022:06:39:02 +0000] "POST /api/v1/users/login HTTP/1.0" 401 138 "-" "Career%20developer/1.0.9 CFNetwork/1220.1 Darwin/20.3.0"
::1 - - [25/May/2022:06:39:09 +0000] "POST /api/v1/users/login HTTP/1.0" 200 455 "-" "Career%20developer/1.0.9 CFNetwork/1220.1 Darwin/20.3.0"
::ffff:127.0.0.1 - - [25/May/2022:06:39:09 +0000] "GET /api/v1/users/6263943181428fe338d4b64e HTTP/1.0" 200 181 "-" "Career%20developer/1.0.9 CFNetwork/1220.1 Darwin/20.3.0"
::1 - - [25/May/2022:06:39:09 +0000] "GET /api/v1/bolors HTTP/1.0" 200 19139 "-" "Career%20developer/1.0.9 CFNetwork/1220.1 Darwin/20.3.0"
::1 - - [25/May/2022:06:39:09 +0000] "GET /api/v1/odkos HTTP/1.0" 200 10198 "-" "Career%20developer/1.0.9 CFNetwork/1220.1 Darwin/20.3.0"
::ffff:127.0.0.1 - - [25/May/2022:06:39:09 +0000] "GET /api/v1/ariunzayas HTTP/1.0" 200 19072 "-" "Career%20developer/1.0.9 CFNetwork/1220.1 Darwin/20.3.0"
::ffff:127.0.0.1 - - [25/May/2022:06:39:10 +0000] "GET /api/v1/binances HTTP/1.0" 200 19696 "-" "Career%20developer/1.0.9 CFNetwork/1220.1 Darwin/20.3.0"
::ffff:127.0.0.1 - - [25/May/2022:06:39:10 +0000] "GET /api/v1/tops HTTP/1.0" 200 4811 "-" "Career%20developer/1.0.9 CFNetwork/1220.1 Darwin/20.3.0"
::1 - - [25/May/2022:06:39:10 +0000] "GET /api/v1/technos HTTP/1.0" 200 16321 "-" "Career%20developer/1.0.9 CFNetwork/1220.1 Darwin/20.3.0"
::1 - - [25/May/2022:06:39:10 +0000] "GET /api/v1/coins HTTP/1.0" 200 12866 "-" "Career%20developer/1.0.9 CFNetwork/1220.1 Darwin/20.3.0"
::ffff:127.0.0.1 - - [25/May/2022:06:39:10 +0000] "GET /api/v1/binances HTTP/1.0" 200 19696 "-" "Career%20developer/1.0.9 CFNetwork/1220.1 Darwin/20.3.0"
::ffff:127.0.0.1 - - [25/May/2022:06:39:10 +0000] "GET /api/v1/baykas HTTP/1.0" 200 28804 "-" "Career%20developer/1.0.9 CFNetwork/1220.1 Darwin/20.3.0"
::1 - - [25/May/2022:06:39:10 +0000] "GET /api/v1/ariunzayas HTTP/1.0" 200 19072 "-" "Career%20developer/1.0.9 CFNetwork/1220.1 Darwin/20.3.0"
::ffff:127.0.0.1 - - [25/May/2022:06:39:10 +0000] "GET /api/v1/bataas HTTP/1.0" 200 17214 "-" "Career%20developer/1.0.9 CFNetwork/1220.1 Darwin/20.3.0"
::1 - - [25/May/2022:06:39:10 +0000] "GET /api/v1/bolors HTTP/1.0" 200 19139 "-" "Career%20developer/1.0.9 CFNetwork/1220.1 Darwin/20.3.0"
::1 - - [25/May/2022:06:39:10 +0000] "GET /api/v1/odkos HTTP/1.0" 200 10198 "-" "Career%20developer/1.0.9 CFNetwork/1220.1 Darwin/20.3.0"
::ffff:127.0.0.1 - - [25/May/2022:06:39:10 +0000] "GET /api/v1/deegiis HTTP/1.0" 200 15902 "-" "Career%20developer/1.0.9 CFNetwork/1220.1 Darwin/20.3.0"
::1 - - [25/May/2022:06:39:10 +0000] "GET /api/v1/works?select=createdAt&sort=-createdAt&limit=1 HTTP/1.0" 200 237 "-" "Career%20developer/1.0.9 CFNetwork/1220.1 Darwin/20.3.0"
::ffff:127.0.0.1 - - [25/May/2022:06:39:11 +0000] "GET /api/v1/headerBanners?limit=10 HTTP/1.0" 304 - "-" "Career%20developer/1.0.9 CFNetwork/1220.1 Darwin/20.3.0"
::1 - - [25/May/2022:06:39:11 +0000] "GET /api/v1/works?limit=100 HTTP/1.0" 200 12003 "-" "Career%20developer/1.0.9 CFNetwork/1220.1 Darwin/20.3.0"
::ffff:127.0.0.1 - - [25/May/2022:06:39:11 +0000] "GET /api/v1/magazines?limit=50 HTTP/1.0" 200 194113 "-" "Career%20developer/1.0.9 CFNetwork/1220.1 Darwin/20.3.0"
::1 - - [25/May/2022:06:39:12 +0000] "GET /api/v1/users/6263943181428fe338d4b64e HTTP/1.0" 304 - "-" "Career%20developer/1.0.9 CFNetwork/1220.1 Darwin/20.3.0"
::ffff:127.0.0.1 - - [25/May/2022:06:39:19 +0000] "PUT /api/v1/users/6263943181428fe338d4b64e HTTP/1.0" 200 202 "-" "Career%20developer/1.0.9 CFNetwork/1220.1 Darwin/20.3.0"
::1 - - [25/May/2022:06:39:19 +0000] "GET /api/v1/users/6263943181428fe338d4b64e HTTP/1.0" 200 202 "-" "Career%20developer/1.0.9 CFNetwork/1220.1 Darwin/20.3.0"
::1 - - [25/May/2022:06:40:32 +0000] "GET /api/v1/users/undefined HTTP/1.0" 500 250 "-" "Career%20developer/1.0.9 CFNetwork/1327.0.4 Darwin/21.2.0"
::ffff:127.0.0.1 - - [25/May/2022:06:40:32 +0000] "GET /api/v1/technos HTTP/1.0" 200 16321 "-" "Career%20developer/1.0.9 CFNetwork/1327.0.4 Darwin/21.2.0"
::ffff:127.0.0.1 - - [25/May/2022:06:40:32 +0000] "GET /api/v1/odkos HTTP/1.0" 200 10198 "-" "Career%20developer/1.0.9 CFNetwork/1327.0.4 Darwin/21.2.0"
::1 - - [25/May/2022:06:40:32 +0000] "GET /api/v1/tops HTTP/1.0" 200 4811 "-" "Career%20developer/1.0.9 CFNetwork/1327.0.4 Darwin/21.2.0"
::ffff:127.0.0.1 - - [25/May/2022:06:40:32 +0000] "GET /api/v1/binances HTTP/1.0" 200 19696 "-" "Career%20developer/1.0.9 CFNetwork/1327.0.4 Darwin/21.2.0"
::1 - - [25/May/2022:06:40:32 +0000] "GET /api/v1/ariunzayas HTTP/1.0" 200 19072 "-" "Career%20developer/1.0.9 CFNetwork/1327.0.4 Darwin/21.2.0"
::1 - - [25/May/2022:06:40:33 +0000] "GET /api/v1/bolors HTTP/1.0" 200 19139 "-" "Career%20developer/1.0.9 CFNetwork/1327.0.4 Darwin/21.2.0"
::ffff:127.0.0.1 - - [25/May/2022:06:40:33 +0000] "GET /api/v1/coins HTTP/1.0" 200 12866 "-" "Career%20developer/1.0.9 CFNetwork/1327.0.4 Darwin/21.2.0"
::1 - - [25/May/2022:06:40:33 +0000] "GET /api/v1/binances HTTP/1.0" 200 19696 "-" "Career%20developer/1.0.9 CFNetwork/1327.0.4 Darwin/21.2.0"
::1 - - [25/May/2022:06:40:33 +0000] "GET /api/v1/ariunzayas HTTP/1.0" 200 19072 "-" "Career%20developer/1.0.9 CFNetwork/1327.0.4 Darwin/21.2.0"
::ffff:127.0.0.1 - - [25/May/2022:06:40:33 +0000] "GET /api/v1/baykas HTTP/1.0" 200 28804 "-" "Career%20developer/1.0.9 CFNetwork/1327.0.4 Darwin/21.2.0"
::1 - - [25/May/2022:06:40:33 +0000] "GET /api/v1/bataas HTTP/1.0" 304 - "-" "Career%20developer/1.0.9 CFNetwork/1327.0.4 Darwin/21.2.0"
::ffff:127.0.0.1 - - [25/May/2022:06:40:33 +0000] "GET /api/v1/bolors HTTP/1.0" 200 19139 "-" "Career%20developer/1.0.9 CFNetwork/1327.0.4 Darwin/21.2.0"
::ffff:127.0.0.1 - - [25/May/2022:06:40:33 +0000] "GET /api/v1/deegiis HTTP/1.0" 200 15902 "-" "Career%20developer/1.0.9 CFNetwork/1327.0.4 Darwin/21.2.0"
::1 - - [25/May/2022:06:40:33 +0000] "GET /api/v1/odkos HTTP/1.0" 200 10198 "-" "Career%20developer/1.0.9 CFNetwork/1327.0.4 Darwin/21.2.0"
::ffff:127.0.0.1 - - [25/May/2022:06:40:33 +0000] "GET /api/v1/works?select=createdAt&sort=-createdAt&limit=1 HTTP/1.0" 304 - "-" "Career%20developer/1.0.9 CFNetwork/1327.0.4 Darwin/21.2.0"
::1 - - [25/May/2022:06:40:33 +0000] "GET /api/v1/headerBanners?limit=10 HTTP/1.0" 304 - "-" "Career%20developer/1.0.9 CFNetwork/1327.0.4 Darwin/21.2.0"
::1 - - [25/May/2022:06:40:33 +0000] "GET /api/v1/works?limit=100 HTTP/1.0" 304 - "-" "Career%20developer/1.0.9 CFNetwork/1327.0.4 Darwin/21.2.0"
::ffff:127.0.0.1 - - [25/May/2022:06:40:33 +0000] "GET /api/v1/magazines?limit=50 HTTP/1.0" 200 194113 "-" "Career%20developer/1.0.9 CFNetwork/1327.0.4 Darwin/21.2.0"
::ffff:127.0.0.1 - - [25/May/2022:06:56:10 +0000] "GET //feed/ HTTP/1.0" 404 145 "-" "Mozilla/5.0 (Windows NT 10.0; Win64; x64) AppleWebKit/537.36 (KHTML, like Gecko) Chrome/95.0.4638.69 Safari/537.36"
::1 - - [25/May/2022:06:56:10 +0000] "GET //xmlrpc.php?rsd HTTP/1.0" 404 150 "-" "Mozilla/5.0 (Windows NT 10.0; Win64; x64) AppleWebKit/537.36 (KHTML, like Gecko) Chrome/95.0.4638.69 Safari/537.36"
::ffff:127.0.0.1 - - [25/May/2022:06:56:10 +0000] "GET //blog/wp-includes/wlwmanifest.xml HTTP/1.0" 404 172 "-" "Mozilla/5.0 (Windows NT 10.0; Win64; x64) AppleWebKit/537.36 (KHTML, like Gecko) Chrome/95.0.4638.69 Safari/537.36"
::1 - - [25/May/2022:06:56:10 +0000] "GET //web/wp-includes/wlwmanifest.xml HTTP/1.0" 404 171 "-" "Mozilla/5.0 (Windows NT 10.0; Win64; x64) AppleWebKit/537.36 (KHTML, like Gecko) Chrome/95.0.4638.69 Safari/537.36"
::ffff:127.0.0.1 - - [25/May/2022:06:56:10 +0000] "GET //wordpress/wp-includes/wlwmanifest.xml HTTP/1.0" 404 177 "-" "Mozilla/5.0 (Windows NT 10.0; Win64; x64) AppleWebKit/537.36 (KHTML, like Gecko) Chrome/95.0.4638.69 Safari/537.36"
::1 - - [25/May/2022:06:56:10 +0000] "GET //wp/wp-includes/wlwmanifest.xml HTTP/1.0" 404 170 "-" "Mozilla/5.0 (Windows NT 10.0; Win64; x64) AppleWebKit/537.36 (KHTML, like Gecko) Chrome/95.0.4638.69 Safari/537.36"
::ffff:127.0.0.1 - - [25/May/2022:06:56:10 +0000] "GET //2020/wp-includes/wlwmanifest.xml HTTP/1.0" 404 172 "-" "Mozilla/5.0 (Windows NT 10.0; Win64; x64) AppleWebKit/537.36 (KHTML, like Gecko) Chrome/95.0.4638.69 Safari/537.36"
::1 - - [25/May/2022:06:56:10 +0000] "GET //2019/wp-includes/wlwmanifest.xml HTTP/1.0" 404 172 "-" "Mozilla/5.0 (Windows NT 10.0; Win64; x64) AppleWebKit/537.36 (KHTML, like Gecko) Chrome/95.0.4638.69 Safari/537.36"
::ffff:127.0.0.1 - - [25/May/2022:06:56:10 +0000] "GET //2021/wp-includes/wlwmanifest.xml HTTP/1.0" 404 172 "-" "Mozilla/5.0 (Windows NT 10.0; Win64; x64) AppleWebKit/537.36 (KHTML, like Gecko) Chrome/95.0.4638.69 Safari/537.36"
::1 - - [25/May/2022:06:56:10 +0000] "GET //shop/wp-includes/wlwmanifest.xml HTTP/1.0" 404 172 "-" "Mozilla/5.0 (Windows NT 10.0; Win64; x64) AppleWebKit/537.36 (KHTML, like Gecko) Chrome/95.0.4638.69 Safari/537.36"
::ffff:127.0.0.1 - - [25/May/2022:06:56:10 +0000] "GET //wp1/wp-includes/wlwmanifest.xml HTTP/1.0" 404 171 "-" "Mozilla/5.0 (Windows NT 10.0; Win64; x64) AppleWebKit/537.36 (KHTML, like Gecko) Chrome/95.0.4638.69 Safari/537.36"
::1 - - [25/May/2022:06:56:10 +0000] "GET //test/wp-includes/wlwmanifest.xml HTTP/1.0" 404 172 "-" "Mozilla/5.0 (Windows NT 10.0; Win64; x64) AppleWebKit/537.36 (KHTML, like Gecko) Chrome/95.0.4638.69 Safari/537.36"
::ffff:127.0.0.1 - - [25/May/2022:06:56:10 +0000] "GET //site/wp-includes/wlwmanifest.xml HTTP/1.0" 404 172 "-" "Mozilla/5.0 (Windows NT 10.0; Win64; x64) AppleWebKit/537.36 (KHTML, like Gecko) Chrome/95.0.4638.69 Safari/537.36"
::1 - - [25/May/2022:06:56:10 +0000] "GET //cms/wp-includes/wlwmanifest.xml HTTP/1.0" 404 171 "-" "Mozilla/5.0 (Windows NT 10.0; Win64; x64) AppleWebKit/537.36 (KHTML, like Gecko) Chrome/95.0.4638.69 Safari/537.36"
::ffff:127.0.0.1 - - [25/May/2022:07:06:22 +0000] "GET /favicon.ico HTTP/1.0" 404 150 "-" "masscan-ng/1.3 (https://github.com/bi-zone/masscan-ng)"
::ffff:127.0.0.1 - - [25/May/2022:07:11:30 +0000] "GET /api/v1/webworks?limit=10 HTTP/1.0" 200 792 "https://www.ihelp.mn/" "Mozilla/5.0 (Windows NT 10.0; Win64; x64) AppleWebKit/537.36 (KHTML, like Gecko) Chrome/101.0.4951.67 Safari/537.36"
::1 - - [25/May/2022:07:11:30 +0000] "GET /upload/webwork__627e1aa7c36872e4d55f0cbf.jpg HTTP/1.0" 404 183 "https://www.ihelp.mn/" "Mozilla/5.0 (Windows NT 10.0; Win64; x64) AppleWebKit/537.36 (KHTML, like Gecko) Chrome/101.0.4951.67 Safari/537.36"
::ffff:127.0.0.1 - - [25/May/2022:07:27:19 +0000] "GET /api/v1/users/undefined HTTP/1.0" 500 250 "-" "Career%20developer/1.0.9 CFNetwork/1331.0.7 Darwin/21.4.0"
::1 - - [25/May/2022:07:27:19 +0000] "GET /api/v1/technos HTTP/1.0" 200 16321 "-" "Career%20developer/1.0.9 CFNetwork/1331.0.7 Darwin/21.4.0"
::1 - - [25/May/2022:07:27:19 +0000] "GET /api/v1/odkos HTTP/1.0" 200 10198 "-" "Career%20developer/1.0.9 CFNetwork/1331.0.7 Darwin/21.4.0"
::ffff:127.0.0.1 - - [25/May/2022:07:27:19 +0000] "GET /api/v1/tops HTTP/1.0" 200 4811 "-" "Career%20developer/1.0.9 CFNetwork/1331.0.7 Darwin/21.4.0"
::1 - - [25/May/2022:07:27:19 +0000] "GET /api/v1/binances HTTP/1.0" 200 19696 "-" "Career%20developer/1.0.9 CFNetwork/1331.0.7 Darwin/21.4.0"
::ffff:127.0.0.1 - - [25/May/2022:07:27:19 +0000] "GET /api/v1/ariunzayas HTTP/1.0" 200 19072 "-" "Career%20developer/1.0.9 CFNetwork/1331.0.7 Darwin/21.4.0"
::ffff:127.0.0.1 - - [25/May/2022:07:27:19 +0000] "GET /api/v1/bolors HTTP/1.0" 200 19139 "-" "Career%20developer/1.0.9 CFNetwork/1331.0.7 Darwin/21.4.0"
::1 - - [25/May/2022:07:27:19 +0000] "GET /api/v1/coins HTTP/1.0" 200 12866 "-" "Career%20developer/1.0.9 CFNetwork/1331.0.7 Darwin/21.4.0"
::ffff:127.0.0.1 - - [25/May/2022:07:27:19 +0000] "GET /api/v1/binances HTTP/1.0" 200 19696 "-" "Career%20developer/1.0.9 CFNetwork/1331.0.7 Darwin/21.4.0"
::1 - - [25/May/2022:07:27:19 +0000] "GET /api/v1/baykas HTTP/1.0" 200 28804 "-" "Career%20developer/1.0.9 CFNetwork/1331.0.7 Darwin/21.4.0"
::ffff:127.0.0.1 - - [25/May/2022:07:27:19 +0000] "GET /api/v1/ariunzayas HTTP/1.0" 200 19072 "-" "Career%20developer/1.0.9 CFNetwork/1331.0.7 Darwin/21.4.0"
::1 - - [25/May/2022:07:27:19 +0000] "GET /api/v1/bolors HTTP/1.0" 200 19139 "-" "Career%20developer/1.0.9 CFNetwork/1331.0.7 Darwin/21.4.0"
::ffff:127.0.0.1 - - [25/May/2022:07:27:19 +0000] "GET /api/v1/bataas HTTP/1.0" 200 17214 "-" "Career%20developer/1.0.9 CFNetwork/1331.0.7 Darwin/21.4.0"
::1 - - [25/May/2022:07:27:19 +0000] "GET /api/v1/deegiis HTTP/1.0" 200 15902 "-" "Career%20developer/1.0.9 CFNetwork/1331.0.7 Darwin/21.4.0"
::ffff:127.0.0.1 - - [25/May/2022:07:27:20 +0000] "GET /api/v1/odkos HTTP/1.0" 200 10198 "-" "Career%20developer/1.0.9 CFNetwork/1331.0.7 Darwin/21.4.0"
::ffff:127.0.0.1 - - [25/May/2022:07:27:20 +0000] "GET /api/v1/headerBanners?limit=10 HTTP/1.0" 200 766 "-" "Career%20developer/1.0.9 CFNetwork/1331.0.7 Darwin/21.4.0"
::1 - - [25/May/2022:07:27:20 +0000] "GET /api/v1/works?select=createdAt&sort=-createdAt&limit=1 HTTP/1.0" 200 237 "-" "Career%20developer/1.0.9 CFNetwork/1331.0.7 Darwin/21.4.0"
::ffff:127.0.0.1 - - [25/May/2022:07:27:20 +0000] "GET /api/v1/works?limit=100 HTTP/1.0" 200 12003 "-" "Career%20developer/1.0.9 CFNetwork/1331.0.7 Darwin/21.4.0"
::1 - - [25/May/2022:07:27:20 +0000] "GET /api/v1/magazines?limit=50 HTTP/1.0" 200 194113 "-" "Career%20developer/1.0.9 CFNetwork/1331.0.7 Darwin/21.4.0"
::1 - - [25/May/2022:07:36:45 +0000] "GET /robots.txt HTTP/1.0" 404 149 "-" "Mozilla/5.0 (compatible; Googlebot/2.1; +http://www.google.com/bot.html)"
::ffff:127.0.0.1 - - [25/May/2022:07:36:53 +0000] "GET /favicon.ico HTTP/1.0" 404 150 "-" "Googlebot-Image/1.0"
::1 - - [25/May/2022:07:37:36 +0000] "GET /api/v1/webworks?limit=10 HTTP/1.0" 200 792 "http://www.ihelp.mn/" "Mozilla/5.0 (Windows NT 10.0; Win64; x64) AppleWebKit/537.36 (KHTML, like Gecko) Chrome/101.0.4951.64 Safari/537.36 Edg/101.0.1210.53"
::ffff:127.0.0.1 - - [25/May/2022:07:37:36 +0000] "GET /upload/webwork__627e1aa7c36872e4d55f0cbf.jpg HTTP/1.0" 404 183 "http://www.ihelp.mn/" "Mozilla/5.0 (Windows NT 10.0; Win64; x64) AppleWebKit/537.36 (KHTML, like Gecko) Chrome/101.0.4951.64 Safari/537.36 Edg/101.0.1210.53"
::ffff:127.0.0.1 - - [25/May/2022:08:06:23 +0000] "GET /api/v1/webworks?limit=10 HTTP/1.0" 200 792 "http://www.ihelp.mn/" "Mozilla/5.0 (Windows NT 6.1) AppleWebKit/537.36 (KHTML, like Gecko) Chrome/101.0.4951.67 Safari/537.36"
::1 - - [25/May/2022:08:06:23 +0000] "GET /upload/webwork__627e1aa7c36872e4d55f0cbf.jpg HTTP/1.0" 404 183 "http://www.ihelp.mn/" "Mozilla/5.0 (Windows NT 6.1) AppleWebKit/537.36 (KHTML, like Gecko) Chrome/101.0.4951.67 Safari/537.36"
::ffff:127.0.0.1 - - [25/May/2022:08:06:31 +0000] "GET /upload/null HTTP/1.0" 404 150 "http://www.ihelp.mn/" "Mozilla/5.0 (Windows NT 6.1) AppleWebKit/537.36 (KHTML, like Gecko) Chrome/101.0.4951.67 Safari/537.36"
::ffff:127.0.0.1 - - [25/May/2022:08:06:31 +0000] "GET /api/v1/webworks/627e1aa7c36872e4d55f0cbf HTTP/1.0" 200 712 "http://www.ihelp.mn/" "Mozilla/5.0 (Windows NT 6.1) AppleWebKit/537.36 (KHTML, like Gecko) Chrome/101.0.4951.67 Safari/537.36"
::1 - - [25/May/2022:08:06:32 +0000] "GET /upload/webwork__627e1aa7c36872e4d55f0cbf.jpg HTTP/1.0" 404 183 "http://www.ihelp.mn/" "Mozilla/5.0 (Windows NT 6.1) AppleWebKit/537.36 (KHTML, like Gecko) Chrome/101.0.4951.67 Safari/537.36"
::1 - - [25/May/2022:08:06:33 +0000] "GET /upload/null HTTP/1.0" 404 150 "http://www.ihelp.mn/" "Mozilla/5.0 (Windows NT 6.1) AppleWebKit/537.36 (KHTML, like Gecko) Chrome/101.0.4951.67 Safari/537.36"
::ffff:127.0.0.1 - - [25/May/2022:08:06:33 +0000] "GET /api/v1/webworks/627e1aa7c36872e4d55f0cbf HTTP/1.0" 304 - "http://www.ihelp.mn/" "Mozilla/5.0 (Windows NT 6.1) AppleWebKit/537.36 (KHTML, like Gecko) Chrome/101.0.4951.67 Safari/537.36"
::ffff:127.0.0.1 - - [25/May/2022:08:06:33 +0000] "GET /upload/webwork__627e1aa7c36872e4d55f0cbf.jpg HTTP/1.0" 404 183 "http://www.ihelp.mn/" "Mozilla/5.0 (Windows NT 6.1) AppleWebKit/537.36 (KHTML, like Gecko) Chrome/101.0.4951.67 Safari/537.36"
::1 - - [25/May/2022:08:25:16 +0000] "GET /api/v1/webworks?limit=10 HTTP/1.0" 200 792 "http://www.ihelp.mn/" "Mozilla/5.0 (Windows NT 10.0; Win64; x64) AppleWebKit/537.36 (KHTML, like Gecko) Chrome/101.0.4951.67 Safari/537.36"
::ffff:127.0.0.1 - - [25/May/2022:08:25:16 +0000] "GET /upload/webwork__627e1aa7c36872e4d55f0cbf.jpg HTTP/1.0" 404 183 "http://www.ihelp.mn/" "Mozilla/5.0 (Windows NT 10.0; Win64; x64) AppleWebKit/537.36 (KHTML, like Gecko) Chrome/101.0.4951.67 Safari/537.36"
::1 - - [25/May/2022:08:29:16 +0000] "POST /api/v1/users/register HTTP/1.0" 200 459 "-" "okhttp/3.14.9"
::ffff:127.0.0.1 - - [25/May/2022:08:29:17 +0000] "GET /api/v1/users/628de8dc9eaf6f8bd9ccf14c HTTP/1.0" 200 185 "-" "okhttp/3.14.9"
::1 - - [25/May/2022:08:29:17 +0000] "GET /api/v1/tops HTTP/1.0" 200 4811 "-" "okhttp/3.14.9"
::1 - - [25/May/2022:08:29:17 +0000] "GET /api/v1/odkos HTTP/1.0" 200 10198 "-" "okhttp/3.14.9"
::ffff:127.0.0.1 - - [25/May/2022:08:29:17 +0000] "GET /api/v1/technos HTTP/1.0" 200 16321 "-" "okhttp/3.14.9"
::ffff:127.0.0.1 - - [25/May/2022:08:29:17 +0000] "GET /api/v1/binances HTTP/1.0" 200 19696 "-" "okhttp/3.14.9"
::ffff:127.0.0.1 - - [25/May/2022:08:29:17 +0000] "GET /api/v1/bolors HTTP/1.0" 200 19139 "-" "okhttp/3.14.9"
::1 - - [25/May/2022:08:29:17 +0000] "GET /api/v1/coins HTTP/1.0" 200 12866 "-" "okhttp/3.14.9"
::ffff:127.0.0.1 - - [25/May/2022:08:29:18 +0000] "GET /api/v1/ariunzayas HTTP/1.0" 200 19072 "-" "okhttp/3.14.9"
::1 - - [25/May/2022:08:29:18 +0000] "GET /api/v1/baykas HTTP/1.0" 200 28804 "-" "okhttp/3.14.9"
::1 - - [25/May/2022:08:29:18 +0000] "GET /api/v1/binances HTTP/1.0" 304 - "-" "okhttp/3.14.9"
::ffff:127.0.0.1 - - [25/May/2022:08:29:18 +0000] "GET /api/v1/bolors HTTP/1.0" 304 - "-" "okhttp/3.14.9"
::1 - - [25/May/2022:08:29:18 +0000] "GET /api/v1/bataas HTTP/1.0" 200 17214 "-" "okhttp/3.14.9"
::1 - - [25/May/2022:08:29:18 +0000] "GET /api/v1/deegiis HTTP/1.0" 200 15902 "-" "okhttp/3.14.9"
::ffff:127.0.0.1 - - [25/May/2022:08:29:18 +0000] "GET /api/v1/odkos HTTP/1.0" 304 - "-" "okhttp/3.14.9"
::1 - - [25/May/2022:08:29:18 +0000] "GET /api/v1/works?select=createdAt&sort=-createdAt&limit=1 HTTP/1.0" 200 237 "-" "okhttp/3.14.9"
::ffff:127.0.0.1 - - [25/May/2022:08:29:18 +0000] "GET /api/v1/headerBanners?limit=10 HTTP/1.0" 200 766 "-" "okhttp/3.14.9"
::1 - - [25/May/2022:08:29:18 +0000] "GET /api/v1/magazines?limit=50 HTTP/1.0" 200 194113 "-" "okhttp/3.14.9"
::ffff:127.0.0.1 - - [25/May/2022:08:29:18 +0000] "GET /api/v1/works?limit=100 HTTP/1.0" 200 12003 "-" "okhttp/3.14.9"
::1 - - [25/May/2022:08:29:35 +0000] "GET /api/v1/odkos/6242b7d71aaad439817a4c60 HTTP/1.0" 200 10119 "-" "okhttp/3.14.9"
::ffff:127.0.0.1 - - [25/May/2022:08:29:35 +0000] "GET /api/v1/users/628de8dc9eaf6f8bd9ccf14c HTTP/1.0" 304 - "-" "okhttp/3.14.9"
::1 - - [25/May/2022:08:30:13 +0000] "GET /api/v1/users/628de8dc9eaf6f8bd9ccf14c HTTP/1.0" 304 - "-" "okhttp/3.14.9"
::ffff:127.0.0.1 - - [25/May/2022:09:02:42 +0000] "POST /api/v1/users/register HTTP/1.0" 200 460 "-" "okhttp/3.14.9"
::1 - - [25/May/2022:09:02:43 +0000] "GET /api/v1/ariunzayas HTTP/1.0" 200 19072 "-" "okhttp/3.14.9"
::1 - - [25/May/2022:09:02:43 +0000] "GET /api/v1/users/628df0b29eaf6f8bd9ccf177 HTTP/1.0" 200 186 "-" "okhttp/3.14.9"
::1 - - [25/May/2022:09:02:43 +0000] "GET /api/v1/odkos HTTP/1.0" 200 10198 "-" "okhttp/3.14.9"
::ffff:127.0.0.1 - - [25/May/2022:09:02:43 +0000] "GET /api/v1/bolors HTTP/1.0" 200 19139 "-" "okhttp/3.14.9"
::ffff:127.0.0.1 - - [25/May/2022:09:02:43 +0000] "GET /api/v1/binances HTTP/1.0" 200 19696 "-" "okhttp/3.14.9"
::1 - - [25/May/2022:09:02:43 +0000] "GET /api/v1/tops HTTP/1.0" 200 4811 "-" "okhttp/3.14.9"
::ffff:127.0.0.1 - - [25/May/2022:09:02:43 +0000] "GET /api/v1/technos HTTP/1.0" 200 16321 "-" "okhttp/3.14.9"
::ffff:127.0.0.1 - - [25/May/2022:09:02:43 +0000] "GET /api/v1/coins HTTP/1.0" 200 12866 "-" "okhttp/3.14.9"
::1 - - [25/May/2022:09:02:43 +0000] "GET /api/v1/binances HTTP/1.0" 200 19696 "-" "okhttp/3.14.9"
::1 - - [25/May/2022:09:02:44 +0000] "GET /api/v1/ariunzayas HTTP/1.0" 304 - "-" "okhttp/3.14.9"
::ffff:127.0.0.1 - - [25/May/2022:09:02:44 +0000] "GET /api/v1/baykas HTTP/1.0" 200 28804 "-" "okhttp/3.14.9"
::1 - - [25/May/2022:09:02:44 +0000] "GET /api/v1/bolors HTTP/1.0" 304 - "-" "okhttp/3.14.9"
::1 - - [25/May/2022:09:02:44 +0000] "GET /api/v1/bataas HTTP/1.0" 200 17214 "-" "okhttp/3.14.9"
::1 - - [25/May/2022:09:02:44 +0000] "GET /api/v1/deegiis HTTP/1.0" 200 15902 "-" "okhttp/3.14.9"
::1 - - [25/May/2022:09:02:44 +0000] "GET /api/v1/odkos HTTP/1.0" 304 - "-" "okhttp/3.14.9"
::1 - - [25/May/2022:09:02:44 +0000] "GET /api/v1/works?select=createdAt&sort=-createdAt&limit=1 HTTP/1.0" 200 237 "-" "okhttp/3.14.9"
::ffff:127.0.0.1 - - [25/May/2022:09:02:44 +0000] "GET /api/v1/headerBanners?limit=10 HTTP/1.0" 200 766 "-" "okhttp/3.14.9"
::ffff:127.0.0.1 - - [25/May/2022:09:02:44 +0000] "GET /api/v1/works?limit=100 HTTP/1.0" 200 12003 "-" "okhttp/3.14.9"
::1 - - [25/May/2022:09:02:44 +0000] "GET /api/v1/magazines?limit=50 HTTP/1.0" 200 194113 "-" "okhttp/3.14.9"
::1 - - [25/May/2022:09:03:04 +0000] "GET /api/v1/users/628df0b29eaf6f8bd9ccf177 HTTP/1.0" 304 - "-" "okhttp/3.14.9"
::ffff:127.0.0.1 - - [25/May/2022:09:03:04 +0000] "GET /api/v1/binances/6242b7d71aaad439817a4c5e HTTP/1.0" 200 19617 "-" "okhttp/3.14.9"
::ffff:127.0.0.1 - - [25/May/2022:09:09:58 +0000] "GET /api/v1/webworks?limit=10 HTTP/1.0" 200 792 "http://www.ihelp.mn/" "Mozilla/5.0 (Windows NT 10.0; Win64; x64) AppleWebKit/537.36 (KHTML, like Gecko) Chrome/101.0.0.0 Safari/537.36"
::1 - - [25/May/2022:09:09:58 +0000] "GET /upload/webwork__627e1aa7c36872e4d55f0cbf.jpg HTTP/1.0" 404 183 "http://www.ihelp.mn/" "Mozilla/5.0 (Windows NT 10.0; Win64; x64) AppleWebKit/537.36 (KHTML, like Gecko) Chrome/101.0.0.0 Safari/537.36"
::1 - - [25/May/2022:09:10:04 +0000] "GET /upload/null HTTP/1.0" 404 150 "http://www.ihelp.mn/" "Mozilla/5.0 (Windows NT 10.0; Win64; x64) AppleWebKit/537.36 (KHTML, like Gecko) Chrome/101.0.0.0 Safari/537.36"
::ffff:127.0.0.1 - - [25/May/2022:09:10:05 +0000] "GET /api/v1/webworks/627e1aa7c36872e4d55f0cbf HTTP/1.0" 200 712 "http://www.ihelp.mn/" "Mozilla/5.0 (Windows NT 10.0; Win64; x64) AppleWebKit/537.36 (KHTML, like Gecko) Chrome/101.0.0.0 Safari/537.36"
::ffff:127.0.0.1 - - [25/May/2022:09:10:05 +0000] "GET /upload/webwork__627e1aa7c36872e4d55f0cbf.jpg HTTP/1.0" 404 183 "http://www.ihelp.mn/" "Mozilla/5.0 (Windows NT 10.0; Win64; x64) AppleWebKit/537.36 (KHTML, like Gecko) Chrome/101.0.0.0 Safari/537.36"
::1 - - [25/May/2022:09:10:09 +0000] "GET /api/v1/webworks?limit=10 HTTP/1.0" 304 - "http://www.ihelp.mn/" "Mozilla/5.0 (Windows NT 10.0; Win64; x64) AppleWebKit/537.36 (KHTML, like Gecko) Chrome/101.0.0.0 Safari/537.36"
::ffff:127.0.0.1 - - [25/May/2022:09:10:10 +0000] "GET /upload/webwork__627e1aa7c36872e4d55f0cbf.jpg HTTP/1.0" 404 183 "http://www.ihelp.mn/" "Mozilla/5.0 (Windows NT 10.0; Win64; x64) AppleWebKit/537.36 (KHTML, like Gecko) Chrome/101.0.0.0 Safari/537.36"
::1 - - [25/May/2022:09:15:47 +0000] "GET /api/v1/users/628df0b29eaf6f8bd9ccf177 HTTP/1.0" 304 - "-" "okhttp/3.14.9"
::ffff:127.0.0.1 - - [25/May/2022:09:27:31 +0000] "GET /favicon.ico HTTP/1.0" 404 150 "-" "Mozilla/5.0 (X11; Linux x86_64) AppleWebKit/537.36 (KHTML, like Gecko) Chrome/83.0.4103.97 Safari/537.36"
::ffff:127.0.0.1 - - [25/May/2022:10:09:17 +0000] "GET /a HTTP/1.0" 404 140 "https://www.novelistgroup.com/" "Mozilla/5.0 (Macintosh; Intel Mac OS X 10_13_2) AppleWebKit/537.36 (KHTML, like Gecko) Chrome/66.0.3359.139 Safari/537.36"
::1 - - [25/May/2022:11:20:03 +0000] "POST /Autodiscover/Autodiscover.xml HTTP/1.0" 404 169 "-" "Mozilla/5.0 (Windows NT 10.0; Win64; x64) AppleWebKit/537.36 (KHTML, like Gecko) Chrome/78.0.3904.108 Safari/537.36"
::ffff:127.0.0.1 - - [25/May/2022:12:01:13 +0000] "GET /upload/photo_626a74fcc36872e4d55eb274.jpeg HTTP/1.0" 404 181 "-" "facebookexternalhit/1.1 (+http://www.facebook.com/externalhit_uatext.php)"
::1 - - [25/May/2022:12:04:36 +0000] "GET /_ignition/execute-solution HTTP/1.0" 404 165 "-" "Mozilla/5.0 (Windows NT 10.0; Win64; x64) AppleWebKit/537.36 (KHTML, like Gecko) Chrome/78.0.3904.108 Safari/537.36"
::ffff:127.0.0.1 - - [25/May/2022:12:10:41 +0000] "GET /upload/photo_626a74fcc36872e4d55eb274.jpeg HTTP/1.0" 404 181 "https://icareer.mn/" "Mozilla/5.0 (Windows NT 10.0; Win64; x64) AppleWebKit/537.36 (KHTML, like Gecko) Chrome/102.0.5005.61/63 Safari/537.36"
::1 - - [25/May/2022:12:10:41 +0000] "GET /upload/photo_6257a99db41c5c678b99888a.jpg HTTP/1.0" 404 180 "https://icareer.mn/" "Mozilla/5.0 (Windows NT 10.0; Win64; x64) AppleWebKit/537.36 (KHTML, like Gecko) Chrome/102.0.5005.61/63 Safari/537.36"
::ffff:127.0.0.1 - - [25/May/2022:12:10:41 +0000] "GET /upload/photo_6257a923b41c5c678b998880.jpg HTTP/1.0" 404 180 "https://icareer.mn/" "Mozilla/5.0 (Windows NT 10.0; Win64; x64) AppleWebKit/537.36 (KHTML, like Gecko) Chrome/102.0.5005.61/63 Safari/537.36"
::1 - - [25/May/2022:12:16:29 +0000] "GET /favicon.ico HTTP/1.0" 404 150 "-" "Mozilla/5.0 (Windows NT 10.0; Win64; x64; rv:65.0) Gecko/20100101 Firefox/65.0"
::1 - - [25/May/2022:12:47:48 +0000] "GET /.env HTTP/1.0" 404 143 "-" "Mozilla/5.0 (X11; Linux x86_64) AppleWebKit/537.36 (KHTML, like Gecko) Chrome/81.0.4044.129 Safari/537.36"
::ffff:127.0.0.1 - - [25/May/2022:12:47:48 +0000] "POST / HTTP/1.0" 404 140 "-" "Mozilla/5.0 (X11; Linux x86_64) AppleWebKit/537.36 (KHTML, like Gecko) Chrome/81.0.4044.129 Safari/537.36"
::1 - - [25/May/2022:13:14:37 +0000] "GET /api/v1/webworks?limit=10 HTTP/1.0" 200 792 "http://www.ihelp.mn/work" "Mozilla/5.0 (iPhone; CPU iPhone OS 13_3_1 like Mac OS X) AppleWebKit/605.1.15 (KHTML, like Gecko) Mobile/15E148 [LinkedInApp]/9.22.7858"
::ffff:127.0.0.1 - - [25/May/2022:13:14:37 +0000] "GET /upload/webwork__627e1aa7c36872e4d55f0cbf.jpg HTTP/1.0" 404 183 "http://www.ihelp.mn/work" "Mozilla/5.0 (iPhone; CPU iPhone OS 13_3_1 like Mac OS X) AppleWebKit/605.1.15 (KHTML, like Gecko) Mobile/15E148 [LinkedInApp]/9.22.7858"
::1 - - [25/May/2022:13:30:04 +0000] "GET /actuator/health HTTP/1.0" 404 154 "-" "Mozilla/5.0 zgrab/0.x"
::1 - - [25/May/2022:13:30:09 +0000] "GET /api/v1/users/628c716b9eaf6f8bd9ccec8d HTTP/1.0" 304 - "-" "okhttp/3.14.9"
::ffff:127.0.0.1 - - [25/May/2022:13:30:09 +0000] "GET /api/v1/odkos HTTP/1.0" 200 10198 "-" "okhttp/3.14.9"
::ffff:127.0.0.1 - - [25/May/2022:13:30:09 +0000] "GET /api/v1/binances HTTP/1.0" 200 19696 "-" "okhttp/3.14.9"
::ffff:127.0.0.1 - - [25/May/2022:13:30:09 +0000] "GET /api/v1/bolors HTTP/1.0" 200 19139 "-" "okhttp/3.14.9"
::1 - - [25/May/2022:13:30:09 +0000] "GET /api/v1/ariunzayas HTTP/1.0" 200 19072 "-" "okhttp/3.14.9"
::1 - - [25/May/2022:13:30:09 +0000] "GET /api/v1/tops HTTP/1.0" 200 4811 "-" "okhttp/3.14.9"
::ffff:127.0.0.1 - - [25/May/2022:13:30:09 +0000] "GET /api/v1/technos HTTP/1.0" 200 16321 "-" "okhttp/3.14.9"
::1 - - [25/May/2022:13:30:09 +0000] "GET /api/v1/coins HTTP/1.0" 200 12866 "-" "okhttp/3.14.9"
::ffff:127.0.0.1 - - [25/May/2022:13:30:09 +0000] "GET /api/v1/ariunzayas HTTP/1.0" 304 - "-" "okhttp/3.14.9"
::ffff:127.0.0.1 - - [25/May/2022:13:30:09 +0000] "GET /api/v1/binances HTTP/1.0" 304 - "-" "okhttp/3.14.9"
::1 - - [25/May/2022:13:30:09 +0000] "GET /api/v1/baykas HTTP/1.0" 200 28804 "-" "okhttp/3.14.9"
::1 - - [25/May/2022:13:30:09 +0000] "GET /api/v1/deegiis HTTP/1.0" 304 - "-" "okhttp/3.14.9"
::ffff:127.0.0.1 - - [25/May/2022:13:30:09 +0000] "GET /api/v1/bataas HTTP/1.0" 304 - "-" "okhttp/3.14.9"
::1 - - [25/May/2022:13:30:09 +0000] "GET /api/v1/bolors HTTP/1.0" 304 - "-" "okhttp/3.14.9"
::ffff:127.0.0.1 - - [25/May/2022:13:30:09 +0000] "GET /api/v1/odkos HTTP/1.0" 304 - "-" "okhttp/3.14.9"
::1 - - [25/May/2022:13:30:10 +0000] "GET /api/v1/works?select=createdAt&sort=-createdAt&limit=1 HTTP/1.0" 304 - "-" "okhttp/3.14.9"
::ffff:127.0.0.1 - - [25/May/2022:13:30:10 +0000] "GET /api/v1/headerBanners?limit=10 HTTP/1.0" 304 - "-" "okhttp/3.14.9"
::ffff:127.0.0.1 - - [25/May/2022:13:30:10 +0000] "GET /api/v1/works?limit=100 HTTP/1.0" 304 - "-" "okhttp/3.14.9"
::1 - - [25/May/2022:13:30:10 +0000] "GET /api/v1/magazines?limit=50 HTTP/1.0" 200 194113 "-" "okhttp/3.14.9"
::1 - - [25/May/2022:13:30:31 +0000] "GET /api/v1/users/628c716b9eaf6f8bd9ccec8d HTTP/1.0" 304 - "-" "okhttp/3.14.9"
::ffff:127.0.0.1 - - [25/May/2022:13:30:31 +0000] "GET /api/v1/technos/6242b7d81aaad439817a4c66 HTTP/1.0" 200 16242 "-" "okhttp/3.14.9"
::ffff:127.0.0.1 - - [25/May/2022:13:32:15 +0000] "GET /api/v1/users/628c716b9eaf6f8bd9ccec8d HTTP/1.0" 304 - "-" "okhttp/3.14.9"
::1 - - [25/May/2022:13:32:22 +0000] "GET /api/v1/binances/6242b7d71aaad439817a4c5e HTTP/1.0" 200 19617 "-" "okhttp/3.14.9"
::ffff:127.0.0.1 - - [25/May/2022:13:32:22 +0000] "GET /api/v1/users/628c716b9eaf6f8bd9ccec8d HTTP/1.0" 304 - "-" "okhttp/3.14.9"
::1 - - [25/May/2022:13:33:38 +0000] "GET /api/v1/users/628c716b9eaf6f8bd9ccec8d HTTP/1.0" 304 - "-" "okhttp/3.14.9"
::1 - - [25/May/2022:14:53:45 +0000] "POST /api/v1/users/register HTTP/1.0" 200 456 "-" "okhttp/3.14.9"
::ffff:127.0.0.1 - - [25/May/2022:14:53:46 +0000] "GET /api/v1/users/628e42f99eaf6f8bd9ccf1d6 HTTP/1.0" 200 182 "-" "okhttp/3.14.9"
::1 - - [25/May/2022:14:53:46 +0000] "GET /api/v1/tops HTTP/1.0" 200 4811 "-" "okhttp/3.14.9"
::ffff:127.0.0.1 - - [25/May/2022:14:53:46 +0000] "GET /api/v1/odkos HTTP/1.0" 200 10198 "-" "okhttp/3.14.9"
::1 - - [25/May/2022:14:53:46 +0000] "GET /api/v1/binances HTTP/1.0" 200 19696 "-" "okhttp/3.14.9"
::ffff:127.0.0.1 - - [25/May/2022:14:53:46 +0000] "GET /api/v1/ariunzayas HTTP/1.0" 200 19072 "-" "okhttp/3.14.9"
::1 - - [25/May/2022:14:53:46 +0000] "GET /api/v1/bolors HTTP/1.0" 200 19139 "-" "okhttp/3.14.9"
::1 - - [25/May/2022:14:53:46 +0000] "GET /api/v1/technos HTTP/1.0" 200 16321 "-" "okhttp/3.14.9"
::ffff:127.0.0.1 - - [25/May/2022:14:53:47 +0000] "GET /api/v1/coins HTTP/1.0" 200 12866 "-" "okhttp/3.14.9"
::1 - - [25/May/2022:14:53:52 +0000] "GET /api/v1/binances HTTP/1.0" 200 19696 "-" "okhttp/3.14.9"
::1 - - [25/May/2022:14:53:56 +0000] "GET /api/v1/baykas HTTP/1.0" 200 28804 "-" "okhttp/3.14.9"
::ffff:127.0.0.1 - - [25/May/2022:14:53:57 +0000] "GET /api/v1/ariunzayas HTTP/1.0" 200 19072 "-" "okhttp/3.14.9"
::1 - - [25/May/2022:14:54:02 +0000] "GET /api/v1/bolors HTTP/1.0" 304 - "-" "okhttp/3.14.9"
::ffff:127.0.0.1 - - [25/May/2022:14:54:02 +0000] "GET /api/v1/bataas HTTP/1.0" 200 17214 "-" "okhttp/3.14.9"
::1 - - [25/May/2022:14:54:05 +0000] "GET /api/v1/deegiis HTTP/1.0" 200 15902 "-" "okhttp/3.14.9"
::ffff:127.0.0.1 - - [25/May/2022:14:54:06 +0000] "GET /api/v1/odkos HTTP/1.0" 304 - "-" "okhttp/3.14.9"
::ffff:127.0.0.1 - - [25/May/2022:14:54:07 +0000] "GET /api/v1/works?select=createdAt&sort=-createdAt&limit=1 HTTP/1.0" 200 237 "-" "okhttp/3.14.9"
::1 - - [25/May/2022:14:54:08 +0000] "GET /api/v1/headerBanners?limit=10 HTTP/1.0" 200 766 "-" "okhttp/3.14.9"
::ffff:127.0.0.1 - - [25/May/2022:14:54:08 +0000] "GET /api/v1/magazines?limit=50 HTTP/1.0" 200 194113 "-" "okhttp/3.14.9"
::ffff:127.0.0.1 - - [25/May/2022:14:54:11 +0000] "GET /api/v1/works?limit=100 HTTP/1.0" 200 12003 "-" "okhttp/3.14.9"
::ffff:127.0.0.1 - - [25/May/2022:15:13:35 +0000] "GET /showLogin.cc HTTP/1.0" 404 151 "-" "Mozilla/5.0 (Windows NT 10.0; Win64; x64) AppleWebKit/537.36 (KHTML, like Gecko) Chrome/60.0.3112.113 Safari/537.36"
::1 - - [25/May/2022:15:16:32 +0000] "GET /api/v1/users/undefined HTTP/1.0" 500 250 "-" "Career%20developer/1.0.9 CFNetwork/1331.0.7 Darwin/21.4.0"
::ffff:127.0.0.1 - - [25/May/2022:15:16:32 +0000] "GET /api/v1/technos HTTP/1.0" 200 16321 "-" "Career%20developer/1.0.9 CFNetwork/1331.0.7 Darwin/21.4.0"
::1 - - [25/May/2022:15:16:32 +0000] "GET /api/v1/odkos HTTP/1.0" 200 10198 "-" "Career%20developer/1.0.9 CFNetwork/1331.0.7 Darwin/21.4.0"
::ffff:127.0.0.1 - - [25/May/2022:15:16:32 +0000] "GET /api/v1/tops HTTP/1.0" 200 4811 "-" "Career%20developer/1.0.9 CFNetwork/1331.0.7 Darwin/21.4.0"
::1 - - [25/May/2022:15:16:32 +0000] "GET /api/v1/binances HTTP/1.0" 200 19696 "-" "Career%20developer/1.0.9 CFNetwork/1331.0.7 Darwin/21.4.0"
::ffff:127.0.0.1 - - [25/May/2022:15:16:32 +0000] "GET /api/v1/bolors HTTP/1.0" 200 19139 "-" "Career%20developer/1.0.9 CFNetwork/1331.0.7 Darwin/21.4.0"
::1 - - [25/May/2022:15:16:32 +0000] "GET /api/v1/ariunzayas HTTP/1.0" 200 19072 "-" "Career%20developer/1.0.9 CFNetwork/1331.0.7 Darwin/21.4.0"
::ffff:127.0.0.1 - - [25/May/2022:15:16:32 +0000] "GET /api/v1/coins HTTP/1.0" 200 12866 "-" "Career%20developer/1.0.9 CFNetwork/1331.0.7 Darwin/21.4.0"
::1 - - [25/May/2022:15:16:33 +0000] "GET /api/v1/binances HTTP/1.0" 200 19696 "-" "Career%20developer/1.0.9 CFNetwork/1331.0.7 Darwin/21.4.0"
