::1 - - [15/Sep/2022:02:05:15 +0000] "GET /system_api.php HTTP/1.0" 404 153 "-" "Mozilla/5.0 (Windows NT 10.0; Win64; x64) AppleWebKit/537.36 (KHTML, like Gecko) Chrome/74.0.3729.169 Safari/537.36"
::ffff:127.0.0.1 - - [15/Sep/2022:02:05:17 +0000] "GET /c/version.js HTTP/1.0" 404 151 "-" "Mozilla/5.0 (Windows NT 10.0; Win64; x64) AppleWebKit/537.36 (KHTML, like Gecko) Chrome/74.0.3729.169 Safari/537.36"
::1 - - [15/Sep/2022:02:05:18 +0000] "GET /streaming/clients_live.php HTTP/1.0" 404 165 "-" "Mozilla/5.0 (Windows NT 10.0; Win64; x64) AppleWebKit/537.36 (KHTML, like Gecko) Chrome/74.0.3729.169 Safari/537.36"
::ffff:127.0.0.1 - - [15/Sep/2022:02:05:19 +0000] "GET /stalker_portal/c/version.js HTTP/1.0" 404 166 "-" "Mozilla/5.0 (Windows NT 10.0; Win64; x64) AppleWebKit/537.36 (KHTML, like Gecko) Chrome/74.0.3729.169 Safari/537.36"
::1 - - [15/Sep/2022:02:05:20 +0000] "GET /stream/live.php HTTP/1.0" 404 154 "-" "VLC/3.0.8 LibVLC/3.0.8"
::ffff:127.0.0.1 - - [15/Sep/2022:02:05:22 +0000] "GET /flu/403.html HTTP/1.0" 404 151 "-" "Mozilla/5.0 (Windows NT 10.0; Win64; x64) AppleWebKit/537.36 (KHTML, like Gecko) Chrome/74.0.3729.169 Safari/537.36"
::ffff:127.0.0.1 - - [15/Sep/2022:02:40:24 +0000] "POST /FD873AC4-CF86-4FED-84EC-4BD59C6F17A7 HTTP/1.0" 404 176 "-" "Mozilla/4.0 (compatible; MSIE 6.0; Windows NT 5.1)"
::1 - - [15/Sep/2022:03:26:15 +0000] "GET /api/v1/articles?limit=3&sort=-createdAt HTTP/1.0" 200 26380 "https://www.icareer.mn/" "Mozilla/5.0 (iPhone; CPU iPhone OS 15_7 like Mac OS X) AppleWebKit/605.1.15 (KHTML, like Gecko) Mobile/19H12 [FBAN/FBIOS;FBDV/iPhone12,1;FBMD/iPhone;FBSN/iOS;FBSV/15.7;FBSS/2;FBID/phone;FBLC/en_US;FBOP/5]"
::ffff:127.0.0.1 - - [15/Sep/2022:03:42:11 +0000] "GET /owa/auth/logon.aspx?url=https%3a%2f%2f1%2fecp%2f HTTP/1.0" 404 158 "-" "Mozilla/5.0 zgrab/0.x"
::ffff:127.0.0.1 - - [15/Sep/2022:03:47:25 +0000] "GET /api/v1/articles?limit=3&sort=-createdAt HTTP/1.0" 200 26380 "https://www.icareer.mn/" "Mozilla/5.0 (iPhone; CPU iPhone OS 16_0 like Mac OS X) AppleWebKit/605.1.15 (KHTML, like Gecko) Mobile/20A362 [FBAN/FBIOS;FBDV/iPhone12,5;FBMD/iPhone;FBSN/iOS;FBSV/16.0;FBSS/3;FBID/phone;FBLC/en_GB;FBOP/5]"
::ffff:127.0.0.1 - - [15/Sep/2022:03:48:54 +0000] "GET /api/v1/articles?limit=3&sort=-createdAt HTTP/1.0" 200 26380 "https://www.icareer.mn/" "Mozilla/5.0 (iPhone; CPU iPhone OS 15_7 like Mac OS X) AppleWebKit/605.1.15 (KHTML, like Gecko) Version/15.6,2 Mobile/15E148 Safari/604.1"
::ffff:127.0.0.1 - - [15/Sep/2022:03:54:03 +0000] "GET /api/v1/headerBanners?limit=10 HTTP/1.0" 200 766 "-" "Career%20developer/1.0.9 CFNetwork/1335.0.3 Darwin/21.6.0"
::1 - - [15/Sep/2022:03:54:03 +0000] "GET /api/v1/works?limit=100 HTTP/1.0" 200 11727 "-" "Career%20developer/1.0.9 CFNetwork/1335.0.3 Darwin/21.6.0"
::ffff:127.0.0.1 - - [15/Sep/2022:03:54:03 +0000] "GET /api/v1/works?select=createdAt&sort=-createdAt&limit=1 HTTP/1.0" 200 237 "-" "Career%20developer/1.0.9 CFNetwork/1335.0.3 Darwin/21.6.0"
::ffff:127.0.0.1 - - [15/Sep/2022:03:54:03 +0000] "GET /api/v1/users/undefined HTTP/1.0" 500 250 "-" "Career%20developer/1.0.9 CFNetwork/1335.0.3 Darwin/21.6.0"
::ffff:127.0.0.1 - - [15/Sep/2022:03:54:03 +0000] "GET /api/v1/magazines?limit=50 HTTP/1.0" 200 194113 "-" "Career%20developer/1.0.9 CFNetwork/1335.0.3 Darwin/21.6.0"
::ffff:127.0.0.1 - - [15/Sep/2022:03:56:51 +0000] "GET /.aws/config.php HTTP/1.0" 404 154 "-" "Mozilla/5.0 (X11; Linux x86_64) AppleWebKit/537.36 (KHTML, like Gecko) Chrome/81.0.4044.129 Safari/537.36"
::1 - - [15/Sep/2022:04:08:15 +0000] "POST /api/v1/users/register HTTP/1.0" 200 457 "-" "Career%20developer/1.1.1 CFNetwork/1390 Darwin/22.0.0"
::ffff:127.0.0.1 - - [15/Sep/2022:04:08:15 +0000] "GET /api/v1/users/6322a52f942f4533f11fca9c HTTP/1.0" 200 183 "-" "Career%20developer/1.1.1 CFNetwork/1390 Darwin/22.0.0"
::1 - - [15/Sep/2022:04:08:16 +0000] "GET /api/v1/works?select=createdAt&sort=-createdAt&limit=1 HTTP/1.0" 200 237 "-" "Career%20developer/1.1.1 CFNetwork/1390 Darwin/22.0.0"
::ffff:127.0.0.1 - - [15/Sep/2022:04:08:16 +0000] "GET /api/v1/headerBanners?limit=10 HTTP/1.0" 200 766 "-" "Career%20developer/1.1.1 CFNetwork/1390 Darwin/22.0.0"
::ffff:127.0.0.1 - - [15/Sep/2022:04:08:16 +0000] "GET /api/v1/works?limit=100 HTTP/1.0" 200 11727 "-" "Career%20developer/1.1.1 CFNetwork/1390 Darwin/22.0.0"
::ffff:127.0.0.1 - - [15/Sep/2022:04:08:16 +0000] "GET /api/v1/magazines?limit=50 HTTP/1.0" 200 194113 "-" "Career%20developer/1.1.1 CFNetwork/1390 Darwin/22.0.0"
::1 - - [15/Sep/2022:04:08:44 +0000] "GET /api/v1/users/6322a52f942f4533f11fca9c HTTP/1.0" 304 - "-" "Career%20developer/1.1.1 CFNetwork/1390 Darwin/22.0.0"
::1 - - [15/Sep/2022:04:08:44 +0000] "GET /api/v1/works?limit=100 HTTP/1.0" 304 - "-" "Career%20developer/1.1.1 CFNetwork/1390 Darwin/22.0.0"
::ffff:127.0.0.1 - - [15/Sep/2022:04:08:44 +0000] "GET /api/v1/works?limit=10&sort=-createdAt&page=1 HTTP/1.0" 200 7611 "-" "Career%20developer/1.1.1 CFNetwork/1390 Darwin/22.0.0"
::ffff:127.0.0.1 - - [15/Sep/2022:04:09:12 +0000] "GET /api/v1/works?limit=10&sort=-createdAt&page=2 HTTP/1.0" 200 4247 "-" "Career%20developer/1.1.1 CFNetwork/1390 Darwin/22.0.0"
::ffff:127.0.0.1 - - [15/Sep/2022:04:54:33 +0000] "GET /api/v1/users/6322a52f942f4533f11fca9c HTTP/1.0" 304 - "-" "Career%20developer/1.1.1 CFNetwork/1390 Darwin/22.0.0"
::1 - - [15/Sep/2022:04:54:33 +0000] "GET /api/v1/works?limit=100 HTTP/1.0" 304 - "-" "Career%20developer/1.1.1 CFNetwork/1390 Darwin/22.0.0"
::ffff:127.0.0.1 - - [15/Sep/2022:04:54:33 +0000] "GET /api/v1/headerBanners?limit=10 HTTP/1.0" 304 - "-" "Career%20developer/1.1.1 CFNetwork/1390 Darwin/22.0.0"
::ffff:127.0.0.1 - - [15/Sep/2022:04:54:33 +0000] "GET /api/v1/works?select=createdAt&sort=-createdAt&limit=1 HTTP/1.0" 304 - "-" "Career%20developer/1.1.1 CFNetwork/1390 Darwin/22.0.0"
::1 - - [15/Sep/2022:04:54:33 +0000] "GET /api/v1/magazines?limit=50 HTTP/1.0" 304 - "-" "Career%20developer/1.1.1 CFNetwork/1390 Darwin/22.0.0"
::1 - - [15/Sep/2022:04:54:42 +0000] "GET /api/v1/users/6322a52f942f4533f11fca9c HTTP/1.0" 304 - "-" "Career%20developer/1.1.1 CFNetwork/1390 Darwin/22.0.0"
::ffff:127.0.0.1 - - [15/Sep/2022:04:54:42 +0000] "GET /api/v1/works?limit=100 HTTP/1.0" 304 - "-" "Career%20developer/1.1.1 CFNetwork/1390 Darwin/22.0.0"
::ffff:127.0.0.1 - - [15/Sep/2022:04:54:42 +0000] "GET /api/v1/works?limit=10&sort=-createdAt&page=1 HTTP/1.0" 304 - "-" "Career%20developer/1.1.1 CFNetwork/1390 Darwin/22.0.0"
::1 - - [15/Sep/2022:04:55:27 +0000] "GET /api/v1/users/6322a52f942f4533f11fca9c HTTP/1.0" 304 - "-" "Career%20developer/1.1.1 CFNetwork/1390 Darwin/22.0.0"
::1 - - [15/Sep/2022:04:55:27 +0000] "GET /api/v1/works?select=createdAt&sort=-createdAt&limit=1 HTTP/1.0" 304 - "-" "Career%20developer/1.1.1 CFNetwork/1390 Darwin/22.0.0"
::1 - - [15/Sep/2022:04:55:27 +0000] "GET /api/v1/works?limit=100 HTTP/1.0" 304 - "-" "Career%20developer/1.1.1 CFNetwork/1390 Darwin/22.0.0"
::ffff:127.0.0.1 - - [15/Sep/2022:04:55:27 +0000] "GET /api/v1/headerBanners?limit=10 HTTP/1.0" 304 - "-" "Career%20developer/1.1.1 CFNetwork/1390 Darwin/22.0.0"
::ffff:127.0.0.1 - - [15/Sep/2022:04:55:28 +0000] "GET /api/v1/magazines?limit=50 HTTP/1.0" 304 - "-" "Career%20developer/1.1.1 CFNetwork/1390 Darwin/22.0.0"
::1 - - [15/Sep/2022:04:55:37 +0000] "GET /api/v1/users/6322a52f942f4533f11fca9c HTTP/1.0" 304 - "-" "Career%20developer/1.1.1 CFNetwork/1390 Darwin/22.0.0"
::1 - - [15/Sep/2022:04:55:56 +0000] "GET /api/v1/users/6322a52f942f4533f11fca9c HTTP/1.0" 304 - "-" "Career%20developer/1.1.1 CFNetwork/1390 Darwin/22.0.0"
::ffff:127.0.0.1 - - [15/Sep/2022:05:05:52 +0000] "GET /favicon.ico HTTP/1.0" 404 150 "-" "Mozilla/5.0 (Windows NT 10.0; Win64; x64) AppleWebKit/537.36 (KHTML, like Gecko) Chrome/105.0.0.0 Safari/537.36"
::1 - - [15/Sep/2022:05:11:16 +0000] "GET /robots.txt HTTP/1.0" 404 149 "-" "Mozilla/5.0 (compatible; bingbot/2.0; +http://www.bing.com/bingbot.htm)"
::1 - - [15/Sep/2022:05:11:37 +0000] "GET /fonts/glyphicons-halflings-regular.ttf HTTP/1.0" 404 177 "-" "Mozilla/5.0 AppleWebKit/537.36 (KHTML, like Gecko; compatible; bingbot/2.0; +http://www.bing.com/bingbot.htm) Chrome/103.0.5060.134 Safari/537.36"
::ffff:127.0.0.1 - - [15/Sep/2022:05:11:37 +0000] "GET /fonts/glyphicons-halflings-regular.woff HTTP/1.0" 404 178 "-" "Mozilla/5.0 (compatible; bingbot/2.0; +http://www.bing.com/bingbot.htm)"
::1 - - [15/Sep/2022:05:11:47 +0000] "GET /fonts/glyphicons-halflings-regular.woff2 HTTP/1.0" 404 179 "-" "Mozilla/5.0 (compatible; bingbot/2.0; +http://www.bing.com/bingbot.htm)"
::1 - - [15/Sep/2022:05:34:41 +0000] "GET /api/v1/articles?limit=3&sort=-createdAt HTTP/1.0" 200 26380 "https://www.icareer.mn/" "Mozilla/5.0 (Windows NT 6.1; Win64; x64; rv:104.0) Gecko/20100101 Firefox/104.0"
::ffff:127.0.0.1 - - [15/Sep/2022:05:35:04 +0000] "GET /api/v1/articles?limit=6&sort=-createdAt&page=1 HTTP/1.0" 200 44464 "https://www.icareer.mn/" "Mozilla/5.0 (Windows NT 6.1; Win64; x64; rv:104.0) Gecko/20100101 Firefox/104.0"
::ffff:127.0.0.1 - - [15/Sep/2022:06:01:12 +0000] "GET /api/v1/users/undefined HTTP/1.0" 500 250 "-" "Career%20developer/1.1.1 CFNetwork/1390 Darwin/22.0.0"
::1 - - [15/Sep/2022:06:01:12 +0000] "GET /api/v1/headerBanners?limit=10 HTTP/1.0" 200 766 "-" "Career%20developer/1.1.1 CFNetwork/1390 Darwin/22.0.0"
::1 - - [15/Sep/2022:06:01:12 +0000] "GET /api/v1/works?limit=100 HTTP/1.0" 200 11727 "-" "Career%20developer/1.1.1 CFNetwork/1390 Darwin/22.0.0"
::1 - - [15/Sep/2022:06:01:12 +0000] "GET /api/v1/works?select=createdAt&sort=-createdAt&limit=1 HTTP/1.0" 200 237 "-" "Career%20developer/1.1.1 CFNetwork/1390 Darwin/22.0.0"
::ffff:127.0.0.1 - - [15/Sep/2022:06:01:12 +0000] "GET /api/v1/magazines?limit=50 HTTP/1.0" 200 194113 "-" "Career%20developer/1.1.1 CFNetwork/1390 Darwin/22.0.0"
::ffff:127.0.0.1 - - [15/Sep/2022:06:01:37 +0000] "GET /api/v1/users/undefined HTTP/1.0" 500 250 "-" "Career%20developer/1.1.1 CFNetwork/1390 Darwin/22.0.0"
::1 - - [15/Sep/2022:06:02:09 +0000] "GET /upload/66m8.jpg HTTP/1.0" 404 154 "-" "Career%20developer/1.1.1 CFNetwork/1390 Darwin/22.0.0"
::1 - - [15/Sep/2022:06:02:17 +0000] "GET /upload/5m3.jpg HTTP/1.0" 404 153 "-" "Career%20developer/1.1.1 CFNetwork/1390 Darwin/22.0.0"
::1 - - [15/Sep/2022:06:30:45 +0000] "GET /api/v1/users/6322a52f942f4533f11fca9c HTTP/1.0" 304 - "-" "Career%20developer/1.1.1 CFNetwork/1390 Darwin/22.0.0"
::ffff:127.0.0.1 - - [15/Sep/2022:06:30:45 +0000] "GET /api/v1/works?limit=100 HTTP/1.0" 304 - "-" "Career%20developer/1.1.1 CFNetwork/1390 Darwin/22.0.0"
::1 - - [15/Sep/2022:06:30:45 +0000] "GET /api/v1/works?select=createdAt&sort=-createdAt&limit=1 HTTP/1.0" 304 - "-" "Career%20developer/1.1.1 CFNetwork/1390 Darwin/22.0.0"
::ffff:127.0.0.1 - - [15/Sep/2022:06:30:45 +0000] "GET /api/v1/headerBanners?limit=10 HTTP/1.0" 304 - "-" "Career%20developer/1.1.1 CFNetwork/1390 Darwin/22.0.0"
::1 - - [15/Sep/2022:06:30:45 +0000] "GET /api/v1/magazines?limit=50 HTTP/1.0" 304 - "-" "Career%20developer/1.1.1 CFNetwork/1390 Darwin/22.0.0"
::ffff:127.0.0.1 - - [15/Sep/2022:06:59:14 +0000] "GET /actuator/gateway/routes HTTP/1.0" 404 162 "-" "Mozilla/5.0 (Windows NT 10.0; Win64; x64) AppleWebKit/537.36 (KHTML, like Gecko) Chrome/78.0.3904.108 Safari/537.36"
::1 - - [15/Sep/2022:07:58:30 +0000] "GET /Electron/download/windows/\Windows\win.ini HTTP/1.0" 404 185 "-" "xfa1"
::ffff:127.0.0.1 - - [15/Sep/2022:08:03:33 +0000] "GET /api/v1/webworks?limit=10 HTTP/1.0" 200 792 "http://www.ihelp.mn/" "Mozilla/5.0 (Linux; Android 9; LM-X420N Build/PKQ1.190522.001; wv) AppleWebKit/537.36 (KHTML, like Gecko) Version/4.0 Chrome/105.0.5195.79 Mobile Safari/537.36 [FB_IAB/FB4A;FBAV/383.1.0.25.106;]"
::1 - - [15/Sep/2022:08:03:33 +0000] "GET /upload/webwork__627e1aa7c36872e4d55f0cbf.jpg HTTP/1.0" 404 183 "http://www.ihelp.mn/" "Mozilla/5.0 (Linux; Android 9; LM-X420N Build/PKQ1.190522.001; wv) AppleWebKit/537.36 (KHTML, like Gecko) Version/4.0 Chrome/105.0.5195.79 Mobile Safari/537.36 [FB_IAB/FB4A;FBAV/383.1.0.25.106;]"
::ffff:127.0.0.1 - - [15/Sep/2022:08:03:43 +0000] "GET /api/v1/webworks/627e1aa7c36872e4d55f0cbf HTTP/1.0" 200 712 "http://www.ihelp.mn/" "Mozilla/5.0 (Linux; Android 9; LM-X420N Build/PKQ1.190522.001; wv) AppleWebKit/537.36 (KHTML, like Gecko) Version/4.0 Chrome/105.0.5195.79 Mobile Safari/537.36 [FB_IAB/FB4A;FBAV/383.1.0.25.106;]"
::1 - - [15/Sep/2022:08:03:43 +0000] "GET /upload/null HTTP/1.0" 404 150 "http://www.ihelp.mn/" "Mozilla/5.0 (Linux; Android 9; LM-X420N Build/PKQ1.190522.001; wv) AppleWebKit/537.36 (KHTML, like Gecko) Version/4.0 Chrome/105.0.5195.79 Mobile Safari/537.36 [FB_IAB/FB4A;FBAV/383.1.0.25.106;]"
::ffff:127.0.0.1 - - [15/Sep/2022:08:03:43 +0000] "GET /upload/webwork__627e1aa7c36872e4d55f0cbf.jpg HTTP/1.0" 404 183 "http://www.ihelp.mn/" "Mozilla/5.0 (Linux; Android 9; LM-X420N Build/PKQ1.190522.001; wv) AppleWebKit/537.36 (KHTML, like Gecko) Version/4.0 Chrome/105.0.5195.79 Mobile Safari/537.36 [FB_IAB/FB4A;FBAV/383.1.0.25.106;]"
::1 - - [15/Sep/2022:08:03:56 +0000] "GET /api/v1/webworks?limit=10 HTTP/1.0" 304 - "http://www.ihelp.mn/" "Mozilla/5.0 (Linux; Android 9; LM-X420N Build/PKQ1.190522.001; wv) AppleWebKit/537.36 (KHTML, like Gecko) Version/4.0 Chrome/105.0.5195.79 Mobile Safari/537.36 [FB_IAB/FB4A;FBAV/383.1.0.25.106;]"
::ffff:127.0.0.1 - - [15/Sep/2022:08:03:56 +0000] "GET /upload/webwork__627e1aa7c36872e4d55f0cbf.jpg HTTP/1.0" 404 183 "http://www.ihelp.mn/" "Mozilla/5.0 (Linux; Android 9; LM-X420N Build/PKQ1.190522.001; wv) AppleWebKit/537.36 (KHTML, like Gecko) Version/4.0 Chrome/105.0.5195.79 Mobile Safari/537.36 [FB_IAB/FB4A;FBAV/383.1.0.25.106;]"
::1 - - [15/Sep/2022:08:05:04 +0000] "GET /api/v1/webworks?limit=10 HTTP/1.0" 304 - "http://www.ihelp.mn/" "Mozilla/5.0 (Linux; Android 9; LM-X420N Build/PKQ1.190522.001; wv) AppleWebKit/537.36 (KHTML, like Gecko) Version/4.0 Chrome/105.0.5195.79 Mobile Safari/537.36 [FB_IAB/FB4A;FBAV/383.1.0.25.106;]"
::ffff:127.0.0.1 - - [15/Sep/2022:08:05:04 +0000] "GET /upload/webwork__627e1aa7c36872e4d55f0cbf.jpg HTTP/1.0" 404 183 "http://www.ihelp.mn/" "Mozilla/5.0 (Linux; Android 9; LM-X420N Build/PKQ1.190522.001; wv) AppleWebKit/537.36 (KHTML, like Gecko) Version/4.0 Chrome/105.0.5195.79 Mobile Safari/537.36 [FB_IAB/FB4A;FBAV/383.1.0.25.106;]"
::ffff:127.0.0.1 - - [15/Sep/2022:08:05:21 +0000] "GET /upload/null HTTP/1.0" 404 150 "http://www.ihelp.mn/" "Mozilla/5.0 (Linux; Android 9; LM-X420N Build/PKQ1.190522.001; wv) AppleWebKit/537.36 (KHTML, like Gecko) Version/4.0 Chrome/105.0.5195.79 Mobile Safari/537.36 [FB_IAB/FB4A;FBAV/383.1.0.25.106;]"
::1 - - [15/Sep/2022:08:05:21 +0000] "GET /api/v1/webworks/627e1aa7c36872e4d55f0cbf HTTP/1.0" 304 - "http://www.ihelp.mn/" "Mozilla/5.0 (Linux; Android 9; LM-X420N Build/PKQ1.190522.001; wv) AppleWebKit/537.36 (KHTML, like Gecko) Version/4.0 Chrome/105.0.5195.79 Mobile Safari/537.36 [FB_IAB/FB4A;FBAV/383.1.0.25.106;]"
::1 - - [15/Sep/2022:08:05:21 +0000] "GET /upload/webwork__627e1aa7c36872e4d55f0cbf.jpg HTTP/1.0" 404 183 "http://www.ihelp.mn/" "Mozilla/5.0 (Linux; Android 9; LM-X420N Build/PKQ1.190522.001; wv) AppleWebKit/537.36 (KHTML, like Gecko) Version/4.0 Chrome/105.0.5195.79 Mobile Safari/537.36 [FB_IAB/FB4A;FBAV/383.1.0.25.106;]"
::ffff:127.0.0.1 - - [15/Sep/2022:08:05:36 +0000] "GET /api/v1/webworks?limit=10 HTTP/1.0" 304 - "http://www.ihelp.mn/" "Mozilla/5.0 (Linux; Android 9; LM-X420N Build/PKQ1.190522.001; wv) AppleWebKit/537.36 (KHTML, like Gecko) Version/4.0 Chrome/105.0.5195.79 Mobile Safari/537.36 [FB_IAB/FB4A;FBAV/383.1.0.25.106;]"
::1 - - [15/Sep/2022:08:05:36 +0000] "GET /upload/webwork__627e1aa7c36872e4d55f0cbf.jpg HTTP/1.0" 404 183 "http://www.ihelp.mn/" "Mozilla/5.0 (Linux; Android 9; LM-X420N Build/PKQ1.190522.001; wv) AppleWebKit/537.36 (KHTML, like Gecko) Version/4.0 Chrome/105.0.5195.79 Mobile Safari/537.36 [FB_IAB/FB4A;FBAV/383.1.0.25.106;]"
::ffff:127.0.0.1 - - [15/Sep/2022:08:18:25 +0000] "POST /api/v1/users/login HTTP/1.0" 400 120 "-" "Career%20developer/1.1.1 CFNetwork/1335.0.3 Darwin/21.6.0"
::ffff:127.0.0.1 - - [15/Sep/2022:08:28:36 +0000] "GET /favicon.ico HTTP/1.0" 404 150 "-" "Mozilla/5.0 (Windows NT 10.0; Win64; x64) AppleWebKit/537.36 (KHTML, like Gecko) Chrome/104.0.5112.102 Safari/537.36 Edg/104.0.1293.63"
::ffff:127.0.0.1 - - [15/Sep/2022:09:11:56 +0000] "GET /api/v1/webworks?limit=10 HTTP/1.0" 200 792 "http://www.ihelp.mn/" "Mozilla/5.0 (Windows NT 10.0; Win64; x64) AppleWebKit/537.36 (KHTML, like Gecko) Chrome/105.0.0.0 Safari/537.36"
::1 - - [15/Sep/2022:09:11:56 +0000] "GET /upload/webwork__627e1aa7c36872e4d55f0cbf.jpg HTTP/1.0" 404 183 "http://www.ihelp.mn/" "Mozilla/5.0 (Windows NT 10.0; Win64; x64) AppleWebKit/537.36 (KHTML, like Gecko) Chrome/105.0.0.0 Safari/537.36"
::1 - - [15/Sep/2022:09:41:00 +0000] "GET /favicon.ico HTTP/1.0" 404 150 "-" "Mozilla/5.0 (X11; Linux x86_64) AppleWebKit/537.36 (KHTML, like Gecko) Chrome/83.0.4103.97 Safari/537.36"
::1 - - [15/Sep/2022:11:12:54 +0000] "GET /api/v1/users/undefined HTTP/1.0" 500 250 "-" "Career%20developer/1.1.1 CFNetwork/1335.0.3 Darwin/21.6.0"
::ffff:127.0.0.1 - - [15/Sep/2022:11:12:54 +0000] "GET /api/v1/headerBanners?limit=10 HTTP/1.0" 304 - "-" "Career%20developer/1.1.1 CFNetwork/1335.0.3 Darwin/21.6.0"
::ffff:127.0.0.1 - - [15/Sep/2022:11:12:54 +0000] "GET /api/v1/works?select=createdAt&sort=-createdAt&limit=1 HTTP/1.0" 304 - "-" "Career%20developer/1.1.1 CFNetwork/1335.0.3 Darwin/21.6.0"
::1 - - [15/Sep/2022:11:12:54 +0000] "GET /api/v1/works?limit=100 HTTP/1.0" 200 11727 "-" "Career%20developer/1.1.1 CFNetwork/1335.0.3 Darwin/21.6.0"
::1 - - [15/Sep/2022:11:12:55 +0000] "GET /api/v1/magazines?limit=50 HTTP/1.0" - - "-" "Career%20developer/1.1.1 CFNetwork/1335.0.3 Darwin/21.6.0"
::1 - - [15/Sep/2022:11:46:11 +0000] "POST /api/v1/users/register HTTP/1.0" 200 457 "-" "okhttp/3.14.9"
::ffff:127.0.0.1 - - [15/Sep/2022:11:46:12 +0000] "GET /api/v1/users/63231083942f4533f11fcaf0 HTTP/1.0" 200 183 "-" "okhttp/3.14.9"
::1 - - [15/Sep/2022:11:46:13 +0000] "GET /api/v1/works?select=createdAt&sort=-createdAt&limit=1 HTTP/1.0" 200 237 "-" "okhttp/3.14.9"
::ffff:127.0.0.1 - - [15/Sep/2022:11:46:13 +0000] "GET /api/v1/works?limit=100 HTTP/1.0" 200 11727 "-" "okhttp/3.14.9"
::1 - - [15/Sep/2022:11:46:13 +0000] "GET /api/v1/headerBanners?limit=10 HTTP/1.0" 200 766 "-" "okhttp/3.14.9"
::ffff:127.0.0.1 - - [15/Sep/2022:11:46:13 +0000] "GET /api/v1/magazines?limit=50 HTTP/1.0" 200 194113 "-" "okhttp/3.14.9"
::1 - - [15/Sep/2022:11:51:25 +0000] "GET /remote/fgt_lang?lang=/../../../..//////////dev/cmdb/sslvpn_websession HTTP/1.0" 404 154 "-" "Python-urllib/3.8"
::ffff:127.0.0.1 - - [15/Sep/2022:13:18:48 +0000] "GET /ab2g HTTP/1.0" 404 143 "-" "Mozilla/5.0 zgrab/0.x"
::1 - - [15/Sep/2022:13:18:49 +0000] "GET /ab2h HTTP/1.0" 404 143 "-" "Mozilla/5.0 zgrab/0.x"
::ffff:127.0.0.1 - - [15/Sep/2022:14:14:15 +0000] "GET /.git/config HTTP/1.0" 404 150 "-" "Mozilla/5.0 (iPad; CPU OS 9_3_2 like Mac OS X) AppleWebKit/601.1.46 (KHTML, like Gecko) Version/9.0 Mobile/13F69 Safari/601.1"
::ffff:127.0.0.1 - - [15/Sep/2022:14:59:08 +0000] "GET /robots.txt HTTP/1.0" 404 149 "-" "Mozilla/5.0 (compatible; AhrefsBot/7.0; +http://ahrefs.com/robot/)"
::1 - - [15/Sep/2022:16:30:35 +0000] "GET /robots.txt HTTP/1.0" 404 149 "-" "Mozilla/5.0 (compatible; AhrefsBot/7.0; +http://ahrefs.com/robot/)"
::ffff:127.0.0.1 - - [15/Sep/2022:16:53:41 +0000] "GET /robots.txt HTTP/1.0" 404 149 "-" "Mozilla/5.0 (compatible; AhrefsBot/7.0; +http://ahrefs.com/robot/)"
::ffff:127.0.0.1 - - [15/Sep/2022:21:27:34 +0000] "GET /actuator/health HTTP/1.0" 404 154 "-" "Mozilla/5.0 zgrab/0.x"
::1 - - [15/Sep/2022:22:11:44 +0000] "GET /Electron/download/windows/\Windows\win.ini HTTP/1.0" 404 185 "-" "xfa1"
::ffff:127.0.0.1 - - [15/Sep/2022:22:29:19 +0000] "GET /ab2g HTTP/1.0" 404 143 "-" "Mozilla/5.0 zgrab/0.x"
::1 - - [15/Sep/2022:22:29:19 +0000] "GET /ab2h HTTP/1.0" 404 143 "-" "Mozilla/5.0 zgrab/0.x"
