::ffff:127.0.0.1 - - [02/Jun/2022:00:06:33 +0000] "GET /robots.txt HTTP/1.0" 404 149 "-" "Mozilla/5.0 (compatible; Googlebot/2.1; +http://www.google.com/bot.html)"
::1 - - [02/Jun/2022:00:25:20 +0000] "GET /robots.txt HTTP/1.0" 404 149 "-" "Mozilla/5.0 (compatible; AhrefsBot/7.0; +http://ahrefs.com/robot/)"
::1 - - [02/Jun/2022:00:26:47 +0000] "GET /robots.txt HTTP/1.0" 404 149 "-" "Mozilla/5.0 (compatible; Googlebot/2.1; +http://www.google.com/bot.html)"
::ffff:127.0.0.1 - - [02/Jun/2022:00:43:20 +0000] "GET /api/v1/users/6241a206896a43d8d06f683a HTTP/1.0" 304 - "-" "Career%20developer/1.0.9 CFNetwork/1333.0.4 Darwin/21.5.0"
::1 - - [02/Jun/2022:00:43:21 +0000] "GET /api/v1/tops HTTP/1.0" 200 4811 "-" "Career%20developer/1.0.9 CFNetwork/1333.0.4 Darwin/21.5.0"
::1 - - [02/Jun/2022:00:43:21 +0000] "GET /api/v1/odkos HTTP/1.0" 200 10198 "-" "Career%20developer/1.0.9 CFNetwork/1333.0.4 Darwin/21.5.0"
::1 - - [02/Jun/2022:00:43:21 +0000] "GET /api/v1/technos HTTP/1.0" 304 - "-" "Career%20developer/1.0.9 CFNetwork/1333.0.4 Darwin/21.5.0"
::ffff:127.0.0.1 - - [02/Jun/2022:00:43:21 +0000] "GET /api/v1/bolors HTTP/1.0" 200 19139 "-" "Career%20developer/1.0.9 CFNetwork/1333.0.4 Darwin/21.5.0"
::ffff:127.0.0.1 - - [02/Jun/2022:00:43:21 +0000] "GET /api/v1/ariunzayas HTTP/1.0" 200 19072 "-" "Career%20developer/1.0.9 CFNetwork/1333.0.4 Darwin/21.5.0"
::ffff:127.0.0.1 - - [02/Jun/2022:00:43:21 +0000] "GET /api/v1/binances HTTP/1.0" 200 19696 "-" "Career%20developer/1.0.9 CFNetwork/1333.0.4 Darwin/21.5.0"
::1 - - [02/Jun/2022:00:43:21 +0000] "GET /api/v1/coins HTTP/1.0" 200 12866 "-" "Career%20developer/1.0.9 CFNetwork/1333.0.4 Darwin/21.5.0"
::ffff:127.0.0.1 - - [02/Jun/2022:00:43:21 +0000] "GET /api/v1/binances HTTP/1.0" 200 19696 "-" "Career%20developer/1.0.9 CFNetwork/1333.0.4 Darwin/21.5.0"
::1 - - [02/Jun/2022:00:43:21 +0000] "GET /api/v1/baykas HTTP/1.0" 200 28804 "-" "Career%20developer/1.0.9 CFNetwork/1333.0.4 Darwin/21.5.0"
::ffff:127.0.0.1 - - [02/Jun/2022:00:43:21 +0000] "GET /api/v1/ariunzayas HTTP/1.0" 200 19072 "-" "Career%20developer/1.0.9 CFNetwork/1333.0.4 Darwin/21.5.0"
::1 - - [02/Jun/2022:00:43:21 +0000] "GET /api/v1/deegiis HTTP/1.0" 200 15902 "-" "Career%20developer/1.0.9 CFNetwork/1333.0.4 Darwin/21.5.0"
::1 - - [02/Jun/2022:00:43:21 +0000] "GET /api/v1/bolors HTTP/1.0" 200 19139 "-" "Career%20developer/1.0.9 CFNetwork/1333.0.4 Darwin/21.5.0"
::ffff:127.0.0.1 - - [02/Jun/2022:00:43:21 +0000] "GET /api/v1/bataas HTTP/1.0" 200 17214 "-" "Career%20developer/1.0.9 CFNetwork/1333.0.4 Darwin/21.5.0"
::ffff:127.0.0.1 - - [02/Jun/2022:00:43:21 +0000] "GET /api/v1/odkos HTTP/1.0" 200 10198 "-" "Career%20developer/1.0.9 CFNetwork/1333.0.4 Darwin/21.5.0"
::1 - - [02/Jun/2022:00:43:21 +0000] "GET /api/v1/works?select=createdAt&sort=-createdAt&limit=1 HTTP/1.0" 304 - "-" "Career%20developer/1.0.9 CFNetwork/1333.0.4 Darwin/21.5.0"
::ffff:127.0.0.1 - - [02/Jun/2022:00:43:21 +0000] "GET /api/v1/headerBanners?limit=10 HTTP/1.0" 304 - "-" "Career%20developer/1.0.9 CFNetwork/1333.0.4 Darwin/21.5.0"
::ffff:127.0.0.1 - - [02/Jun/2022:00:43:22 +0000] "GET /api/v1/works?limit=100 HTTP/1.0" 304 - "-" "Career%20developer/1.0.9 CFNetwork/1333.0.4 Darwin/21.5.0"
::1 - - [02/Jun/2022:00:43:22 +0000] "GET /api/v1/magazines?limit=50 HTTP/1.0" 200 194113 "-" "Career%20developer/1.0.9 CFNetwork/1333.0.4 Darwin/21.5.0"
::1 - - [02/Jun/2022:00:43:28 +0000] "GET /api/v1/users/6241a206896a43d8d06f683a HTTP/1.0" 304 - "-" "Career%20developer/1.0.9 CFNetwork/1333.0.4 Darwin/21.5.0"
::ffff:127.0.0.1 - - [02/Jun/2022:00:43:28 +0000] "GET /api/v1/magazines/6242b7d91aaad439817a4c70 HTTP/1.0" 200 194033 "-" "Career%20developer/1.0.9 CFNetwork/1333.0.4 Darwin/21.5.0"
::ffff:127.0.0.1 - - [02/Jun/2022:01:44:19 +0000] "GET /upload/photo_626a74fcc36872e4d55eb274.jpeg HTTP/1.0" 404 181 "https://www.icareer.mn/" "Mozilla/5.0 (Windows NT 10.0; Win64; x64) AppleWebKit/537.36 (KHTML, like Gecko) Chrome/101.0.4951.64 Safari/537.36 Edg/101.0.1210.53"
::1 - - [02/Jun/2022:01:44:19 +0000] "GET /upload/photo_6257a99db41c5c678b99888a.jpg HTTP/1.0" 404 180 "https://www.icareer.mn/" "Mozilla/5.0 (Windows NT 10.0; Win64; x64) AppleWebKit/537.36 (KHTML, like Gecko) Chrome/101.0.4951.64 Safari/537.36 Edg/101.0.1210.53"
::ffff:127.0.0.1 - - [02/Jun/2022:01:44:19 +0000] "GET /upload/photo_6257a923b41c5c678b998880.jpg HTTP/1.0" 404 180 "https://www.icareer.mn/" "Mozilla/5.0 (Windows NT 10.0; Win64; x64) AppleWebKit/537.36 (KHTML, like Gecko) Chrome/101.0.4951.64 Safari/537.36 Edg/101.0.1210.53"
::ffff:127.0.0.1 - - [02/Jun/2022:01:44:53 +0000] "GET /robots.txt HTTP/1.0" 404 149 "-" "Mozilla/5.0 (Macintosh; Intel Mac OS X 10_15_5) AppleWebKit/605.1.15 (KHTML, like Gecko) Version/13.1.1 Safari/605.1.15 (Applebot/0.1; +http://www.apple.com/go/applebot)"
::1 - - [02/Jun/2022:01:44:53 +0000] "GET /upload/photo_626a74fcc36872e4d55eb274.jpeg HTTP/1.0" 404 181 "-" "Mozilla/5.0 (Macintosh; Intel Mac OS X 10_15_5) AppleWebKit/605.1.15 (KHTML, like Gecko) Version/13.1.1 Safari/605.1.15 (Applebot/0.1; +http://www.apple.com/go/applebot)"
::1 - - [02/Jun/2022:01:47:59 +0000] "GET /owa/auth/logon.aspx?url=https%3a%2f%2f1%2fecp%2f HTTP/1.0" 404 158 "-" "Mozilla/5.0 zgrab/0.x"
::1 - - [02/Jun/2022:01:58:51 +0000] "GET /api/v1/users/undefined HTTP/1.0" 500 250 "-" "Career%20developer/1.0.9 CFNetwork/1333.0.4 Darwin/21.5.0"
::ffff:127.0.0.1 - - [02/Jun/2022:01:58:52 +0000] "GET /api/v1/technos HTTP/1.0" 200 16321 "-" "Career%20developer/1.0.9 CFNetwork/1333.0.4 Darwin/21.5.0"
::1 - - [02/Jun/2022:01:58:52 +0000] "GET /api/v1/tops HTTP/1.0" 200 4811 "-" "Career%20developer/1.0.9 CFNetwork/1333.0.4 Darwin/21.5.0"
::ffff:127.0.0.1 - - [02/Jun/2022:01:58:52 +0000] "GET /api/v1/odkos HTTP/1.0" 200 10198 "-" "Career%20developer/1.0.9 CFNetwork/1333.0.4 Darwin/21.5.0"
::1 - - [02/Jun/2022:01:58:52 +0000] "GET /api/v1/ariunzayas HTTP/1.0" 200 19072 "-" "Career%20developer/1.0.9 CFNetwork/1333.0.4 Darwin/21.5.0"
::ffff:127.0.0.1 - - [02/Jun/2022:01:58:52 +0000] "GET /api/v1/bolors HTTP/1.0" 200 19139 "-" "Career%20developer/1.0.9 CFNetwork/1333.0.4 Darwin/21.5.0"
::ffff:127.0.0.1 - - [02/Jun/2022:01:58:52 +0000] "GET /api/v1/binances HTTP/1.0" 200 19696 "-" "Career%20developer/1.0.9 CFNetwork/1333.0.4 Darwin/21.5.0"
::1 - - [02/Jun/2022:01:58:52 +0000] "GET /api/v1/coins HTTP/1.0" 200 12866 "-" "Career%20developer/1.0.9 CFNetwork/1333.0.4 Darwin/21.5.0"
::ffff:127.0.0.1 - - [02/Jun/2022:01:58:52 +0000] "GET /api/v1/binances HTTP/1.0" 200 19696 "-" "Career%20developer/1.0.9 CFNetwork/1333.0.4 Darwin/21.5.0"
::1 - - [02/Jun/2022:01:58:52 +0000] "GET /api/v1/baykas HTTP/1.0" 200 28804 "-" "Career%20developer/1.0.9 CFNetwork/1333.0.4 Darwin/21.5.0"
::ffff:127.0.0.1 - - [02/Jun/2022:01:58:52 +0000] "GET /api/v1/ariunzayas HTTP/1.0" 200 19072 "-" "Career%20developer/1.0.9 CFNetwork/1333.0.4 Darwin/21.5.0"
::1 - - [02/Jun/2022:01:58:52 +0000] "GET /api/v1/bolors HTTP/1.0" 200 19139 "-" "Career%20developer/1.0.9 CFNetwork/1333.0.4 Darwin/21.5.0"
::ffff:127.0.0.1 - - [02/Jun/2022:01:58:52 +0000] "GET /api/v1/deegiis HTTP/1.0" 200 15902 "-" "Career%20developer/1.0.9 CFNetwork/1333.0.4 Darwin/21.5.0"
::1 - - [02/Jun/2022:01:58:52 +0000] "GET /api/v1/bataas HTTP/1.0" 200 17214 "-" "Career%20developer/1.0.9 CFNetwork/1333.0.4 Darwin/21.5.0"
::1 - - [02/Jun/2022:01:58:52 +0000] "GET /api/v1/odkos HTTP/1.0" 200 10198 "-" "Career%20developer/1.0.9 CFNetwork/1333.0.4 Darwin/21.5.0"
::ffff:127.0.0.1 - - [02/Jun/2022:01:58:52 +0000] "GET /api/v1/works?select=createdAt&sort=-createdAt&limit=1 HTTP/1.0" 200 237 "-" "Career%20developer/1.0.9 CFNetwork/1333.0.4 Darwin/21.5.0"
::1 - - [02/Jun/2022:01:58:52 +0000] "GET /api/v1/headerBanners?limit=10 HTTP/1.0" 200 766 "-" "Career%20developer/1.0.9 CFNetwork/1333.0.4 Darwin/21.5.0"
::1 - - [02/Jun/2022:01:58:52 +0000] "GET /api/v1/works?limit=100 HTTP/1.0" 200 12003 "-" "Career%20developer/1.0.9 CFNetwork/1333.0.4 Darwin/21.5.0"
::ffff:127.0.0.1 - - [02/Jun/2022:01:58:53 +0000] "GET /api/v1/magazines?limit=50 HTTP/1.0" 200 194113 "-" "Career%20developer/1.0.9 CFNetwork/1333.0.4 Darwin/21.5.0"
::1 - - [02/Jun/2022:01:59:26 +0000] "GET /api/v1/users/undefined HTTP/1.0" 500 250 "-" "Career%20developer/1.0.9 CFNetwork/1333.0.4 Darwin/21.5.0"
::ffff:127.0.0.1 - - [02/Jun/2022:01:59:26 +0000] "GET /api/v1/works?limit=100 HTTP/1.0" 304 - "-" "Career%20developer/1.0.9 CFNetwork/1333.0.4 Darwin/21.5.0"
::ffff:127.0.0.1 - - [02/Jun/2022:01:59:26 +0000] "GET /upload/work__627e214dc36872e4d55f0d15.jpg HTTP/1.0" 404 180 "-" "Career%20developer/1.0.9 CFNetwork/1333.0.4 Darwin/21.5.0"
::1 - - [02/Jun/2022:01:59:26 +0000] "GET /upload/work__627e2255c36872e4d55f0d43.png HTTP/1.0" 404 180 "-" "Career%20developer/1.0.9 CFNetwork/1333.0.4 Darwin/21.5.0"
::ffff:127.0.0.1 - - [02/Jun/2022:01:59:26 +0000] "GET /upload/work__627e1fb1c36872e4d55f0d0c.jpg HTTP/1.0" 404 180 "-" "Career%20developer/1.0.9 CFNetwork/1333.0.4 Darwin/21.5.0"
::1 - - [02/Jun/2022:01:59:26 +0000] "GET /upload/work__62738134c36872e4d55eec4e.jpg HTTP/1.0" 404 180 "-" "Career%20developer/1.0.9 CFNetwork/1333.0.4 Darwin/21.5.0"
::1 - - [02/Jun/2022:01:59:26 +0000] "GET /upload/work__627e28a7c36872e4d55f0d83.jpg HTTP/1.0" 404 180 "-" "Career%20developer/1.0.9 CFNetwork/1333.0.4 Darwin/21.5.0"
::1 - - [02/Jun/2022:01:59:26 +0000] "GET /upload/work__627e2a3bc36872e4d55f0dcc.png HTTP/1.0" 404 180 "-" "Career%20developer/1.0.9 CFNetwork/1333.0.4 Darwin/21.5.0"
::ffff:127.0.0.1 - - [02/Jun/2022:01:59:26 +0000] "GET /upload/work__627e1ee4c36872e4d55f0d03.jpg HTTP/1.0" 404 180 "-" "Career%20developer/1.0.9 CFNetwork/1333.0.4 Darwin/21.5.0"
::ffff:127.0.0.1 - - [02/Jun/2022:01:59:26 +0000] "GET /upload/work__627e2c22c36872e4d55f0e04.jpg HTTP/1.0" 404 180 "-" "Career%20developer/1.0.9 CFNetwork/1333.0.4 Darwin/21.5.0"
::1 - - [02/Jun/2022:01:59:26 +0000] "GET /upload/work__627e27d7c36872e4d55f0d7d.png HTTP/1.0" 404 180 "-" "Career%20developer/1.0.9 CFNetwork/1333.0.4 Darwin/21.5.0"
::ffff:127.0.0.1 - - [02/Jun/2022:01:59:26 +0000] "GET /upload/work__627e1d1ac36872e4d55f0cee.png HTTP/1.0" 404 180 "-" "Career%20developer/1.0.9 CFNetwork/1333.0.4 Darwin/21.5.0"
::1 - - [02/Jun/2022:01:59:26 +0000] "GET /upload/work__627e2adec36872e4d55f0dd2.jpg HTTP/1.0" 404 180 "-" "Career%20developer/1.0.9 CFNetwork/1333.0.4 Darwin/21.5.0"
::1 - - [02/Jun/2022:01:59:26 +0000] "GET /upload/work__627e242cc36872e4d55f0d4c.jpg HTTP/1.0" 404 180 "-" "Career%20developer/1.0.9 CFNetwork/1333.0.4 Darwin/21.5.0"
::ffff:127.0.0.1 - - [02/Jun/2022:01:59:27 +0000] "GET /upload/work__627e2b6fc36872e4d55f0dfe.png HTTP/1.0" 404 180 "-" "Career%20developer/1.0.9 CFNetwork/1333.0.4 Darwin/21.5.0"
::1 - - [02/Jun/2022:02:00:06 +0000] "GET /api/v1/users/undefined HTTP/1.0" 500 250 "-" "Career%20developer/1.0.9 CFNetwork/1333.0.4 Darwin/21.5.0"
::1 - - [02/Jun/2022:03:30:05 +0000] "GET //wp-includes/ID3/license.txt HTTP/1.0" 404 167 "-" "Mozilla/5.0 (Windows NT 10.0; Win64; x64) AppleWebKit/537.36 (KHTML, like Gecko) Chrome/95.0.4638.69 Safari/537.36"
::ffff:127.0.0.1 - - [02/Jun/2022:03:30:05 +0000] "GET //feed/ HTTP/1.0" 404 145 "-" "Mozilla/5.0 (Windows NT 10.0; Win64; x64) AppleWebKit/537.36 (KHTML, like Gecko) Chrome/95.0.4638.69 Safari/537.36"
::1 - - [02/Jun/2022:03:30:05 +0000] "GET //xmlrpc.php?rsd HTTP/1.0" 404 150 "-" "Mozilla/5.0 (Windows NT 10.0; Win64; x64) AppleWebKit/537.36 (KHTML, like Gecko) Chrome/95.0.4638.69 Safari/537.36"
::ffff:127.0.0.1 - - [02/Jun/2022:03:30:05 +0000] "GET //blog/wp-includes/wlwmanifest.xml HTTP/1.0" 404 172 "-" "Mozilla/5.0 (Windows NT 10.0; Win64; x64) AppleWebKit/537.36 (KHTML, like Gecko) Chrome/95.0.4638.69 Safari/537.36"
::1 - - [02/Jun/2022:03:30:05 +0000] "GET //web/wp-includes/wlwmanifest.xml HTTP/1.0" 404 171 "-" "Mozilla/5.0 (Windows NT 10.0; Win64; x64) AppleWebKit/537.36 (KHTML, like Gecko) Chrome/95.0.4638.69 Safari/537.36"
::ffff:127.0.0.1 - - [02/Jun/2022:03:30:05 +0000] "GET //wordpress/wp-includes/wlwmanifest.xml HTTP/1.0" 404 177 "-" "Mozilla/5.0 (Windows NT 10.0; Win64; x64) AppleWebKit/537.36 (KHTML, like Gecko) Chrome/95.0.4638.69 Safari/537.36"
::1 - - [02/Jun/2022:03:30:05 +0000] "GET //wp/wp-includes/wlwmanifest.xml HTTP/1.0" 404 170 "-" "Mozilla/5.0 (Windows NT 10.0; Win64; x64) AppleWebKit/537.36 (KHTML, like Gecko) Chrome/95.0.4638.69 Safari/537.36"
::ffff:127.0.0.1 - - [02/Jun/2022:03:30:05 +0000] "GET //2020/wp-includes/wlwmanifest.xml HTTP/1.0" 404 172 "-" "Mozilla/5.0 (Windows NT 10.0; Win64; x64) AppleWebKit/537.36 (KHTML, like Gecko) Chrome/95.0.4638.69 Safari/537.36"
::1 - - [02/Jun/2022:03:30:05 +0000] "GET //2019/wp-includes/wlwmanifest.xml HTTP/1.0" 404 172 "-" "Mozilla/5.0 (Windows NT 10.0; Win64; x64) AppleWebKit/537.36 (KHTML, like Gecko) Chrome/95.0.4638.69 Safari/537.36"
::ffff:127.0.0.1 - - [02/Jun/2022:03:30:05 +0000] "GET //2021/wp-includes/wlwmanifest.xml HTTP/1.0" 404 172 "-" "Mozilla/5.0 (Windows NT 10.0; Win64; x64) AppleWebKit/537.36 (KHTML, like Gecko) Chrome/95.0.4638.69 Safari/537.36"
::1 - - [02/Jun/2022:03:30:05 +0000] "GET //shop/wp-includes/wlwmanifest.xml HTTP/1.0" 404 172 "-" "Mozilla/5.0 (Windows NT 10.0; Win64; x64) AppleWebKit/537.36 (KHTML, like Gecko) Chrome/95.0.4638.69 Safari/537.36"
::ffff:127.0.0.1 - - [02/Jun/2022:03:30:05 +0000] "GET //wp1/wp-includes/wlwmanifest.xml HTTP/1.0" 404 171 "-" "Mozilla/5.0 (Windows NT 10.0; Win64; x64) AppleWebKit/537.36 (KHTML, like Gecko) Chrome/95.0.4638.69 Safari/537.36"
::1 - - [02/Jun/2022:03:30:05 +0000] "GET //test/wp-includes/wlwmanifest.xml HTTP/1.0" 404 172 "-" "Mozilla/5.0 (Windows NT 10.0; Win64; x64) AppleWebKit/537.36 (KHTML, like Gecko) Chrome/95.0.4638.69 Safari/537.36"
::ffff:127.0.0.1 - - [02/Jun/2022:03:30:05 +0000] "GET //site/wp-includes/wlwmanifest.xml HTTP/1.0" 404 172 "-" "Mozilla/5.0 (Windows NT 10.0; Win64; x64) AppleWebKit/537.36 (KHTML, like Gecko) Chrome/95.0.4638.69 Safari/537.36"
::1 - - [02/Jun/2022:03:30:05 +0000] "GET //cms/wp-includes/wlwmanifest.xml HTTP/1.0" 404 171 "-" "Mozilla/5.0 (Windows NT 10.0; Win64; x64) AppleWebKit/537.36 (KHTML, like Gecko) Chrome/95.0.4638.69 Safari/537.36"
::ffff:127.0.0.1 - - [02/Jun/2022:03:54:53 +0000] "GET /upload/photo_626a74fcc36872e4d55eb274.jpeg HTTP/1.0" 404 181 "https://www.icareer.mn/" "Mozilla/5.0 (Linux; Android 9; Redmi Note 7 Build/PKQ1.180904.001; wv) AppleWebKit/537.36 (KHTML, like Gecko) Version/4.0 Chrome/101.0.4951.61 Mobile Safari/537.36[FBAN/EMA;FBLC/en_US;FBAV/305.0.0.12.106;]"
::1 - - [02/Jun/2022:03:54:53 +0000] "GET /upload/photo_6257a99db41c5c678b99888a.jpg HTTP/1.0" 404 180 "https://www.icareer.mn/" "Mozilla/5.0 (Linux; Android 9; Redmi Note 7 Build/PKQ1.180904.001; wv) AppleWebKit/537.36 (KHTML, like Gecko) Version/4.0 Chrome/101.0.4951.61 Mobile Safari/537.36[FBAN/EMA;FBLC/en_US;FBAV/305.0.0.12.106;]"
::ffff:127.0.0.1 - - [02/Jun/2022:03:54:53 +0000] "GET /upload/photo_6257a923b41c5c678b998880.jpg HTTP/1.0" 404 180 "https://www.icareer.mn/" "Mozilla/5.0 (Linux; Android 9; Redmi Note 7 Build/PKQ1.180904.001; wv) AppleWebKit/537.36 (KHTML, like Gecko) Version/4.0 Chrome/101.0.4951.61 Mobile Safari/537.36[FBAN/EMA;FBLC/en_US;FBAV/305.0.0.12.106;]"
::ffff:127.0.0.1 - - [02/Jun/2022:03:58:05 +0000] "POST /api/v1/users/register HTTP/1.0" 200 463 "-" "Career%20developer/1.0.9 CFNetwork/1331.0.7 Darwin/21.4.0"
::1 - - [02/Jun/2022:03:58:06 +0000] "GET /api/v1/users/6298354d9eaf6f8bd9cd028f HTTP/1.0" 200 189 "-" "Career%20developer/1.0.9 CFNetwork/1331.0.7 Darwin/21.4.0"
::ffff:127.0.0.1 - - [02/Jun/2022:03:58:06 +0000] "GET /api/v1/technos HTTP/1.0" 200 16321 "-" "Career%20developer/1.0.9 CFNetwork/1331.0.7 Darwin/21.4.0"
::ffff:127.0.0.1 - - [02/Jun/2022:03:58:06 +0000] "GET /api/v1/odkos HTTP/1.0" 200 10198 "-" "Career%20developer/1.0.9 CFNetwork/1331.0.7 Darwin/21.4.0"
::ffff:127.0.0.1 - - [02/Jun/2022:03:58:06 +0000] "GET /api/v1/tops HTTP/1.0" 200 4811 "-" "Career%20developer/1.0.9 CFNetwork/1331.0.7 Darwin/21.4.0"
::1 - - [02/Jun/2022:03:58:06 +0000] "GET /api/v1/binances HTTP/1.0" 200 19696 "-" "Career%20developer/1.0.9 CFNetwork/1331.0.7 Darwin/21.4.0"
::ffff:127.0.0.1 - - [02/Jun/2022:03:58:06 +0000] "GET /api/v1/ariunzayas HTTP/1.0" 200 19072 "-" "Career%20developer/1.0.9 CFNetwork/1331.0.7 Darwin/21.4.0"
::1 - - [02/Jun/2022:03:58:06 +0000] "GET /api/v1/bolors HTTP/1.0" 200 19139 "-" "Career%20developer/1.0.9 CFNetwork/1331.0.7 Darwin/21.4.0"
::1 - - [02/Jun/2022:03:58:06 +0000] "GET /api/v1/coins HTTP/1.0" 200 12866 "-" "Career%20developer/1.0.9 CFNetwork/1331.0.7 Darwin/21.4.0"
::1 - - [02/Jun/2022:03:58:06 +0000] "GET /api/v1/binances HTTP/1.0" 200 19696 "-" "Career%20developer/1.0.9 CFNetwork/1331.0.7 Darwin/21.4.0"
::ffff:127.0.0.1 - - [02/Jun/2022:03:58:06 +0000] "GET /api/v1/baykas HTTP/1.0" 200 28804 "-" "Career%20developer/1.0.9 CFNetwork/1331.0.7 Darwin/21.4.0"
::1 - - [02/Jun/2022:03:58:06 +0000] "GET /api/v1/ariunzayas HTTP/1.0" 200 19072 "-" "Career%20developer/1.0.9 CFNetwork/1331.0.7 Darwin/21.4.0"
::ffff:127.0.0.1 - - [02/Jun/2022:03:58:06 +0000] "GET /api/v1/bolors HTTP/1.0" 200 19139 "-" "Career%20developer/1.0.9 CFNetwork/1331.0.7 Darwin/21.4.0"
::1 - - [02/Jun/2022:03:58:06 +0000] "GET /api/v1/bataas HTTP/1.0" 200 17214 "-" "Career%20developer/1.0.9 CFNetwork/1331.0.7 Darwin/21.4.0"
::ffff:127.0.0.1 - - [02/Jun/2022:03:58:06 +0000] "GET /api/v1/deegiis HTTP/1.0" 200 15902 "-" "Career%20developer/1.0.9 CFNetwork/1331.0.7 Darwin/21.4.0"
::ffff:127.0.0.1 - - [02/Jun/2022:03:58:07 +0000] "GET /api/v1/odkos HTTP/1.0" 200 10198 "-" "Career%20developer/1.0.9 CFNetwork/1331.0.7 Darwin/21.4.0"
::1 - - [02/Jun/2022:03:58:07 +0000] "GET /api/v1/works?select=createdAt&sort=-createdAt&limit=1 HTTP/1.0" 200 237 "-" "Career%20developer/1.0.9 CFNetwork/1331.0.7 Darwin/21.4.0"
::ffff:127.0.0.1 - - [02/Jun/2022:03:58:07 +0000] "GET /api/v1/headerBanners?limit=10 HTTP/1.0" 200 766 "-" "Career%20developer/1.0.9 CFNetwork/1331.0.7 Darwin/21.4.0"
::ffff:127.0.0.1 - - [02/Jun/2022:03:58:07 +0000] "GET /api/v1/works?limit=100 HTTP/1.0" 200 12003 "-" "Career%20developer/1.0.9 CFNetwork/1331.0.7 Darwin/21.4.0"
::1 - - [02/Jun/2022:03:58:07 +0000] "GET /api/v1/magazines?limit=50 HTTP/1.0" 200 194113 "-" "Career%20developer/1.0.9 CFNetwork/1331.0.7 Darwin/21.4.0"
::1 - - [02/Jun/2022:03:58:24 +0000] "GET /api/v1/users/6298354d9eaf6f8bd9cd028f HTTP/1.0" 304 - "-" "Career%20developer/1.0.9 CFNetwork/1331.0.7 Darwin/21.4.0"
::ffff:127.0.0.1 - - [02/Jun/2022:03:58:24 +0000] "GET /api/v1/magazines/6242b7d91aaad439817a4c70 HTTP/1.0" 200 194033 "-" "Career%20developer/1.0.9 CFNetwork/1331.0.7 Darwin/21.4.0"
::ffff:127.0.0.1 - - [02/Jun/2022:03:58:34 +0000] "GET /api/v1/users/6298354d9eaf6f8bd9cd028f HTTP/1.0" 304 - "-" "Career%20developer/1.0.9 CFNetwork/1331.0.7 Darwin/21.4.0"
::ffff:127.0.0.1 - - [02/Jun/2022:03:58:54 +0000] "GET /api/v1/users/6298354d9eaf6f8bd9cd028f HTTP/1.0" 304 - "-" "Career%20developer/1.0.9 CFNetwork/1331.0.7 Darwin/21.4.0"
::1 - - [02/Jun/2022:03:58:55 +0000] "GET /api/v1/deegiis/6242b7d81aaad439817a4c6e HTTP/1.0" 200 15823 "-" "Career%20developer/1.0.9 CFNetwork/1331.0.7 Darwin/21.4.0"
::1 - - [02/Jun/2022:04:07:23 +0000] "POST /api/v1/users/register HTTP/1.0" 200 453 "-" "Career%20developer/1.0.9 CFNetwork/1333.0.4 Darwin/21.5.0"
::ffff:127.0.0.1 - - [02/Jun/2022:04:07:23 +0000] "GET /api/v1/users/6298377b9eaf6f8bd9cd02bd HTTP/1.0" 200 179 "-" "Career%20developer/1.0.9 CFNetwork/1333.0.4 Darwin/21.5.0"
::1 - - [02/Jun/2022:04:07:23 +0000] "GET /api/v1/tops HTTP/1.0" 200 4811 "-" "Career%20developer/1.0.9 CFNetwork/1333.0.4 Darwin/21.5.0"
::1 - - [02/Jun/2022:04:07:23 +0000] "GET /api/v1/odkos HTTP/1.0" 200 10198 "-" "Career%20developer/1.0.9 CFNetwork/1333.0.4 Darwin/21.5.0"
::1 - - [02/Jun/2022:04:07:23 +0000] "GET /api/v1/technos HTTP/1.0" 200 16321 "-" "Career%20developer/1.0.9 CFNetwork/1333.0.4 Darwin/21.5.0"
::ffff:127.0.0.1 - - [02/Jun/2022:04:07:24 +0000] "GET /api/v1/ariunzayas HTTP/1.0" 200 19072 "-" "Career%20developer/1.0.9 CFNetwork/1333.0.4 Darwin/21.5.0"
::ffff:127.0.0.1 - - [02/Jun/2022:04:07:24 +0000] "GET /api/v1/binances HTTP/1.0" 200 19696 "-" "Career%20developer/1.0.9 CFNetwork/1333.0.4 Darwin/21.5.0"
::ffff:127.0.0.1 - - [02/Jun/2022:04:07:24 +0000] "GET /api/v1/bolors HTTP/1.0" 200 19139 "-" "Career%20developer/1.0.9 CFNetwork/1333.0.4 Darwin/21.5.0"
::ffff:127.0.0.1 - - [02/Jun/2022:04:07:24 +0000] "GET /api/v1/coins HTTP/1.0" 200 12866 "-" "Career%20developer/1.0.9 CFNetwork/1333.0.4 Darwin/21.5.0"
::1 - - [02/Jun/2022:04:07:24 +0000] "GET /api/v1/binances HTTP/1.0" 200 19696 "-" "Career%20developer/1.0.9 CFNetwork/1333.0.4 Darwin/21.5.0"
::ffff:127.0.0.1 - - [02/Jun/2022:04:07:24 +0000] "GET /api/v1/bataas HTTP/1.0" 200 17214 "-" "Career%20developer/1.0.9 CFNetwork/1333.0.4 Darwin/21.5.0"
::ffff:127.0.0.1 - - [02/Jun/2022:04:07:24 +0000] "GET /api/v1/baykas HTTP/1.0" 200 28804 "-" "Career%20developer/1.0.9 CFNetwork/1333.0.4 Darwin/21.5.0"
::1 - - [02/Jun/2022:04:07:24 +0000] "GET /api/v1/ariunzayas HTTP/1.0" 200 19072 "-" "Career%20developer/1.0.9 CFNetwork/1333.0.4 Darwin/21.5.0"
::1 - - [02/Jun/2022:04:07:24 +0000] "GET /api/v1/bolors HTTP/1.0" 200 19139 "-" "Career%20developer/1.0.9 CFNetwork/1333.0.4 Darwin/21.5.0"
::1 - - [02/Jun/2022:04:07:24 +0000] "GET /api/v1/deegiis HTTP/1.0" 200 15902 "-" "Career%20developer/1.0.9 CFNetwork/1333.0.4 Darwin/21.5.0"
::ffff:127.0.0.1 - - [02/Jun/2022:04:07:24 +0000] "GET /api/v1/odkos HTTP/1.0" 200 10198 "-" "Career%20developer/1.0.9 CFNetwork/1333.0.4 Darwin/21.5.0"
::1 - - [02/Jun/2022:04:07:24 +0000] "GET /api/v1/works?select=createdAt&sort=-createdAt&limit=1 HTTP/1.0" 200 237 "-" "Career%20developer/1.0.9 CFNetwork/1333.0.4 Darwin/21.5.0"
::ffff:127.0.0.1 - - [02/Jun/2022:04:07:24 +0000] "GET /api/v1/headerBanners?limit=10 HTTP/1.0" 200 766 "-" "Career%20developer/1.0.9 CFNetwork/1333.0.4 Darwin/21.5.0"
::ffff:127.0.0.1 - - [02/Jun/2022:04:07:24 +0000] "GET /api/v1/works?limit=100 HTTP/1.0" 200 12003 "-" "Career%20developer/1.0.9 CFNetwork/1333.0.4 Darwin/21.5.0"
::1 - - [02/Jun/2022:04:07:24 +0000] "GET /api/v1/magazines?limit=50 HTTP/1.0" 200 194113 "-" "Career%20developer/1.0.9 CFNetwork/1333.0.4 Darwin/21.5.0"
::ffff:127.0.0.1 - - [02/Jun/2022:04:07:51 +0000] "GET /api/v1/users/6298377b9eaf6f8bd9cd02bd HTTP/1.0" 304 - "-" "Career%20developer/1.0.9 CFNetwork/1333.0.4 Darwin/21.5.0"
::1 - - [02/Jun/2022:04:07:51 +0000] "GET /api/v1/deegiis/6242b7d81aaad439817a4c6e HTTP/1.0" 200 15823 "-" "Career%20developer/1.0.9 CFNetwork/1333.0.4 Darwin/21.5.0"
::ffff:127.0.0.1 - - [02/Jun/2022:05:18:34 +0000] "GET /upload/photo_626a74fcc36872e4d55eb274.jpeg HTTP/1.0" 404 181 "https://icareer.mn/" "Mozilla/5.0 (Windows NT 10.0; Win64; x64) AppleWebKit/537.36 (KHTML, like Gecko) Chrome/101.0.4951.67 Safari/537.36"
::1 - - [02/Jun/2022:05:18:34 +0000] "GET /upload/photo_6257a99db41c5c678b99888a.jpg HTTP/1.0" 404 180 "https://icareer.mn/" "Mozilla/5.0 (Windows NT 10.0; Win64; x64) AppleWebKit/537.36 (KHTML, like Gecko) Chrome/101.0.4951.67 Safari/537.36"
::ffff:127.0.0.1 - - [02/Jun/2022:05:18:34 +0000] "GET /upload/photo_6257a923b41c5c678b998880.jpg HTTP/1.0" 404 180 "https://icareer.mn/" "Mozilla/5.0 (Windows NT 10.0; Win64; x64) AppleWebKit/537.36 (KHTML, like Gecko) Chrome/101.0.4951.67 Safari/537.36"
::ffff:127.0.0.1 - - [02/Jun/2022:05:20:07 +0000] "GET /favicon.ico HTTP/1.0" 404 150 "https://novelistgroup.com/upload/brochure.pdf" "Mozilla/5.0 (Windows NT 10.0; Win64; x64) AppleWebKit/537.36 (KHTML, like Gecko) Chrome/101.0.4951.67 Safari/537.36"
::1 - - [02/Jun/2022:05:27:07 +0000] "GET /api/v1/webworks?limit=10 HTTP/1.0" 200 792 "http://www.ihelp.mn/" "Mozilla/5.0 (Windows NT 10.0; Win64; x64) AppleWebKit/537.36 (KHTML, like Gecko) Chrome/102.0.5005.63 Safari/537.36"
::ffff:127.0.0.1 - - [02/Jun/2022:05:27:07 +0000] "GET /upload/webwork__627e1aa7c36872e4d55f0cbf.jpg HTTP/1.0" 404 183 "http://www.ihelp.mn/" "Mozilla/5.0 (Windows NT 10.0; Win64; x64) AppleWebKit/537.36 (KHTML, like Gecko) Chrome/102.0.5005.63 Safari/537.36"
::1 - - [02/Jun/2022:05:28:08 +0000] "GET /api/v1/webworks?limit=10 HTTP/1.0" 200 792 "http://www.ihelp.mn/" "Mozilla/5.0 (iPhone; CPU iPhone OS 15_4_1 like Mac OS X) AppleWebKit/605.1.15 (KHTML, like Gecko) Mobile/19E258 [FBAN/FBIOS;FBDV/iPhone11,2;FBMD/iPhone;FBSN/iOS;FBSV/15.4.1;FBSS/3;FBID/phone;FBLC/en_US;FBOP/5]"
::ffff:127.0.0.1 - - [02/Jun/2022:05:28:08 +0000] "GET /upload/webwork__627e1aa7c36872e4d55f0cbf.jpg HTTP/1.0" 404 183 "http://www.ihelp.mn/" "Mozilla/5.0 (iPhone; CPU iPhone OS 15_4_1 like Mac OS X) AppleWebKit/605.1.15 (KHTML, like Gecko) Mobile/19E258 [FBAN/FBIOS;FBDV/iPhone11,2;FBMD/iPhone;FBSN/iOS;FBSV/15.4.1;FBSS/3;FBID/phone;FBLC/en_US;FBOP/5]"
::1 - - [02/Jun/2022:05:39:34 +0000] "GET /api/v1/webworks?limit=10 HTTP/1.0" 200 792 "http://www.ihelp.mn/" "Mozilla/5.0 (Windows NT 6.1; Win64; x64) AppleWebKit/537.36 (KHTML, like Gecko) Chrome/102.0.0.0 Safari/537.36"
::ffff:127.0.0.1 - - [02/Jun/2022:05:39:34 +0000] "GET /upload/webwork__627e1aa7c36872e4d55f0cbf.jpg HTTP/1.0" 404 183 "http://www.ihelp.mn/" "Mozilla/5.0 (Windows NT 6.1; Win64; x64) AppleWebKit/537.36 (KHTML, like Gecko) Chrome/102.0.0.0 Safari/537.36"
::1 - - [02/Jun/2022:05:41:37 +0000] "GET /api/v1/webworks/627e1aa7c36872e4d55f0cbf HTTP/1.0" 200 712 "http://www.ihelp.mn/" "Mozilla/5.0 (Windows NT 6.1; Win64; x64) AppleWebKit/537.36 (KHTML, like Gecko) Chrome/102.0.0.0 Safari/537.36"
::ffff:127.0.0.1 - - [02/Jun/2022:05:41:37 +0000] "GET /upload/null HTTP/1.0" 404 150 "http://www.ihelp.mn/" "Mozilla/5.0 (Windows NT 6.1; Win64; x64) AppleWebKit/537.36 (KHTML, like Gecko) Chrome/102.0.0.0 Safari/537.36"
::1 - - [02/Jun/2022:05:41:38 +0000] "GET /upload/webwork__627e1aa7c36872e4d55f0cbf.jpg HTTP/1.0" 404 183 "http://www.ihelp.mn/" "Mozilla/5.0 (Windows NT 6.1; Win64; x64) AppleWebKit/537.36 (KHTML, like Gecko) Chrome/102.0.0.0 Safari/537.36"
::ffff:127.0.0.1 - - [02/Jun/2022:05:42:01 +0000] "GET /api/v1/webworks?limit=10 HTTP/1.0" 304 - "http://www.ihelp.mn/" "Mozilla/5.0 (Windows NT 6.1; Win64; x64) AppleWebKit/537.36 (KHTML, like Gecko) Chrome/102.0.0.0 Safari/537.36"
::1 - - [02/Jun/2022:05:42:01 +0000] "GET /upload/webwork__627e1aa7c36872e4d55f0cbf.jpg HTTP/1.0" 404 183 "http://www.ihelp.mn/" "Mozilla/5.0 (Windows NT 6.1; Win64; x64) AppleWebKit/537.36 (KHTML, like Gecko) Chrome/102.0.0.0 Safari/537.36"
::1 - - [02/Jun/2022:05:42:29 +0000] "GET /upload/null HTTP/1.0" 404 150 "http://www.ihelp.mn/" "Mozilla/5.0 (Windows NT 6.1; Win64; x64) AppleWebKit/537.36 (KHTML, like Gecko) Chrome/102.0.0.0 Safari/537.36"
::ffff:127.0.0.1 - - [02/Jun/2022:05:42:29 +0000] "GET /api/v1/webworks/627e1aa7c36872e4d55f0cbf HTTP/1.0" 304 - "http://www.ihelp.mn/" "Mozilla/5.0 (Windows NT 6.1; Win64; x64) AppleWebKit/537.36 (KHTML, like Gecko) Chrome/102.0.0.0 Safari/537.36"
::ffff:127.0.0.1 - - [02/Jun/2022:05:42:29 +0000] "GET /upload/webwork__627e1aa7c36872e4d55f0cbf.jpg HTTP/1.0" 404 183 "http://www.ihelp.mn/" "Mozilla/5.0 (Windows NT 6.1; Win64; x64) AppleWebKit/537.36 (KHTML, like Gecko) Chrome/102.0.0.0 Safari/537.36"
::1 - - [02/Jun/2022:05:42:38 +0000] "GET /upload/null HTTP/1.0" 404 150 "http://www.ihelp.mn/" "Mozilla/5.0 (Windows NT 6.1; Win64; x64) AppleWebKit/537.36 (KHTML, like Gecko) Chrome/102.0.0.0 Safari/537.36"
::1 - - [02/Jun/2022:05:42:38 +0000] "GET /api/v1/webworks/627e1aa7c36872e4d55f0cbf HTTP/1.0" 304 - "http://www.ihelp.mn/" "Mozilla/5.0 (Windows NT 6.1; Win64; x64) AppleWebKit/537.36 (KHTML, like Gecko) Chrome/102.0.0.0 Safari/537.36"
::ffff:127.0.0.1 - - [02/Jun/2022:05:42:38 +0000] "GET /upload/webwork__627e1aa7c36872e4d55f0cbf.jpg HTTP/1.0" 404 183 "http://www.ihelp.mn/" "Mozilla/5.0 (Windows NT 6.1; Win64; x64) AppleWebKit/537.36 (KHTML, like Gecko) Chrome/102.0.0.0 Safari/537.36"
::ffff:127.0.0.1 - - [02/Jun/2022:05:43:44 +0000] "GET /upload/null HTTP/1.0" 404 150 "http://www.ihelp.mn/" "Mozilla/5.0 (Windows NT 6.1; Win64; x64) AppleWebKit/537.36 (KHTML, like Gecko) Chrome/102.0.0.0 Safari/537.36"
::1 - - [02/Jun/2022:05:43:44 +0000] "GET /api/v1/webworks/627e1aa7c36872e4d55f0cbf HTTP/1.0" 304 - "http://www.ihelp.mn/" "Mozilla/5.0 (Windows NT 6.1; Win64; x64) AppleWebKit/537.36 (KHTML, like Gecko) Chrome/102.0.0.0 Safari/537.36"
::1 - - [02/Jun/2022:05:43:44 +0000] "GET /upload/webwork__627e1aa7c36872e4d55f0cbf.jpg HTTP/1.0" 404 183 "http://www.ihelp.mn/" "Mozilla/5.0 (Windows NT 6.1; Win64; x64) AppleWebKit/537.36 (KHTML, like Gecko) Chrome/102.0.0.0 Safari/537.36"
::1 - - [02/Jun/2022:05:43:57 +0000] "GET /upload/null HTTP/1.0" 404 150 "http://www.ihelp.mn/" "Mozilla/5.0 (Windows NT 6.1; Win64; x64) AppleWebKit/537.36 (KHTML, like Gecko) Chrome/102.0.0.0 Safari/537.36"
::ffff:127.0.0.1 - - [02/Jun/2022:05:43:57 +0000] "GET /api/v1/webworks/627e1aa7c36872e4d55f0cbf HTTP/1.0" 304 - "http://www.ihelp.mn/" "Mozilla/5.0 (Windows NT 6.1; Win64; x64) AppleWebKit/537.36 (KHTML, like Gecko) Chrome/102.0.0.0 Safari/537.36"
::ffff:127.0.0.1 - - [02/Jun/2022:05:43:57 +0000] "GET /upload/webwork__627e1aa7c36872e4d55f0cbf.jpg HTTP/1.0" 404 183 "http://www.ihelp.mn/" "Mozilla/5.0 (Windows NT 6.1; Win64; x64) AppleWebKit/537.36 (KHTML, like Gecko) Chrome/102.0.0.0 Safari/537.36"
::1 - - [02/Jun/2022:05:43:59 +0000] "GET /api/v1/webworks?limit=10 HTTP/1.0" 304 - "http://www.ihelp.mn/" "Mozilla/5.0 (Windows NT 6.1; Win64; x64) AppleWebKit/537.36 (KHTML, like Gecko) Chrome/102.0.0.0 Safari/537.36"
::ffff:127.0.0.1 - - [02/Jun/2022:05:43:59 +0000] "GET /upload/webwork__627e1aa7c36872e4d55f0cbf.jpg HTTP/1.0" 404 183 "http://www.ihelp.mn/" "Mozilla/5.0 (Windows NT 6.1; Win64; x64) AppleWebKit/537.36 (KHTML, like Gecko) Chrome/102.0.0.0 Safari/537.36"
::ffff:127.0.0.1 - - [02/Jun/2022:05:44:00 +0000] "GET /upload/null HTTP/1.0" 404 150 "http://www.ihelp.mn/" "Mozilla/5.0 (Windows NT 6.1; Win64; x64) AppleWebKit/537.36 (KHTML, like Gecko) Chrome/102.0.0.0 Safari/537.36"
::1 - - [02/Jun/2022:05:44:00 +0000] "GET /api/v1/webworks/627e1aa7c36872e4d55f0cbf HTTP/1.0" 304 - "http://www.ihelp.mn/" "Mozilla/5.0 (Windows NT 6.1; Win64; x64) AppleWebKit/537.36 (KHTML, like Gecko) Chrome/102.0.0.0 Safari/537.36"
::1 - - [02/Jun/2022:05:44:00 +0000] "GET /upload/webwork__627e1aa7c36872e4d55f0cbf.jpg HTTP/1.0" 404 183 "http://www.ihelp.mn/" "Mozilla/5.0 (Windows NT 6.1; Win64; x64) AppleWebKit/537.36 (KHTML, like Gecko) Chrome/102.0.0.0 Safari/537.36"
::ffff:127.0.0.1 - - [02/Jun/2022:05:44:01 +0000] "GET /api/v1/webworks?limit=10 HTTP/1.0" 304 - "http://www.ihelp.mn/" "Mozilla/5.0 (Windows NT 6.1; Win64; x64) AppleWebKit/537.36 (KHTML, like Gecko) Chrome/102.0.0.0 Safari/537.36"
::1 - - [02/Jun/2022:05:44:01 +0000] "GET /upload/webwork__627e1aa7c36872e4d55f0cbf.jpg HTTP/1.0" 404 183 "http://www.ihelp.mn/" "Mozilla/5.0 (Windows NT 6.1; Win64; x64) AppleWebKit/537.36 (KHTML, like Gecko) Chrome/102.0.0.0 Safari/537.36"
::1 - - [02/Jun/2022:05:52:04 +0000] "GET /api/v1/webworks?limit=10 HTTP/1.0" 200 792 "http://www.ihelp.mn/" "Mozilla/5.0 (iPhone; CPU iPhone OS 15_4_1 like Mac OS X) AppleWebKit/605.1.15 (KHTML, like Gecko) Mobile/19E258 [FBAN/FBIOS;FBDV/iPhone11,8;FBMD/iPhone;FBSN/iOS;FBSV/15.4.1;FBSS/2;FBID/phone;FBLC/en_US;FBOP/5]"
::ffff:127.0.0.1 - - [02/Jun/2022:05:52:04 +0000] "GET /upload/webwork__627e1aa7c36872e4d55f0cbf.jpg HTTP/1.0" 404 183 "http://www.ihelp.mn/" "Mozilla/5.0 (iPhone; CPU iPhone OS 15_4_1 like Mac OS X) AppleWebKit/605.1.15 (KHTML, like Gecko) Mobile/19E258 [FBAN/FBIOS;FBDV/iPhone11,8;FBMD/iPhone;FBSN/iOS;FBSV/15.4.1;FBSS/2;FBID/phone;FBLC/en_US;FBOP/5]"
::ffff:127.0.0.1 - - [02/Jun/2022:05:52:12 +0000] "GET /upload/null HTTP/1.0" 404 150 "http://www.ihelp.mn/" "Mozilla/5.0 (iPhone; CPU iPhone OS 15_4_1 like Mac OS X) AppleWebKit/605.1.15 (KHTML, like Gecko) Mobile/19E258 [FBAN/FBIOS;FBDV/iPhone11,8;FBMD/iPhone;FBSN/iOS;FBSV/15.4.1;FBSS/2;FBID/phone;FBLC/en_US;FBOP/5]"
::1 - - [02/Jun/2022:05:52:12 +0000] "GET /api/v1/webworks/627e1aa7c36872e4d55f0cbf HTTP/1.0" 200 712 "http://www.ihelp.mn/" "Mozilla/5.0 (iPhone; CPU iPhone OS 15_4_1 like Mac OS X) AppleWebKit/605.1.15 (KHTML, like Gecko) Mobile/19E258 [FBAN/FBIOS;FBDV/iPhone11,8;FBMD/iPhone;FBSN/iOS;FBSV/15.4.1;FBSS/2;FBID/phone;FBLC/en_US;FBOP/5]"
::1 - - [02/Jun/2022:05:52:12 +0000] "GET /upload/webwork__627e1aa7c36872e4d55f0cbf.jpg HTTP/1.0" 404 183 "http://www.ihelp.mn/" "Mozilla/5.0 (iPhone; CPU iPhone OS 15_4_1 like Mac OS X) AppleWebKit/605.1.15 (KHTML, like Gecko) Mobile/19E258 [FBAN/FBIOS;FBDV/iPhone11,8;FBMD/iPhone;FBSN/iOS;FBSV/15.4.1;FBSS/2;FBID/phone;FBLC/en_US;FBOP/5]"
::ffff:127.0.0.1 - - [02/Jun/2022:06:03:02 +0000] "GET /upload/photo_6257a99db41c5c678b99888a.jpg HTTP/1.0" 404 180 "https://www.icareer.mn/" "Mozilla/5.0 (Linux; Android 11; SM-A505FN Build/RP1A.200720.012; wv) AppleWebKit/537.36 (KHTML, like Gecko) Version/4.0 Chrome/101.0.4951.61 Mobile Safari/537.36 [FB_IAB/FB4A;FBAV/368.0.0.24.108;]"
::ffff:127.0.0.1 - - [02/Jun/2022:06:03:02 +0000] "GET /upload/photo_626a74fcc36872e4d55eb274.jpeg HTTP/1.0" 404 181 "https://www.icareer.mn/" "Mozilla/5.0 (Linux; Android 11; SM-A505FN Build/RP1A.200720.012; wv) AppleWebKit/537.36 (KHTML, like Gecko) Version/4.0 Chrome/101.0.4951.61 Mobile Safari/537.36 [FB_IAB/FB4A;FBAV/368.0.0.24.108;]"
::1 - - [02/Jun/2022:06:03:02 +0000] "GET /upload/photo_6257a923b41c5c678b998880.jpg HTTP/1.0" 404 180 "https://www.icareer.mn/" "Mozilla/5.0 (Linux; Android 11; SM-A505FN Build/RP1A.200720.012; wv) AppleWebKit/537.36 (KHTML, like Gecko) Version/4.0 Chrome/101.0.4951.61 Mobile Safari/537.36 [FB_IAB/FB4A;FBAV/368.0.0.24.108;]"
::1 - - [02/Jun/2022:06:05:54 +0000] "GET /api/v1/webworks?limit=10 HTTP/1.0" 200 792 "http://www.ihelp.mn/" "Mozilla/5.0 (Linux; Android 12; SM-A715F Build/SP1A.210812.016; wv) AppleWebKit/537.36 (KHTML, like Gecko) Version/4.0 Chrome/101.0.4951.61 Mobile Safari/537.36 [FB_IAB/FB4A;FBAV/368.0.0.24.108;]"
::ffff:127.0.0.1 - - [02/Jun/2022:06:05:54 +0000] "GET /upload/webwork__627e1aa7c36872e4d55f0cbf.jpg HTTP/1.0" 404 183 "http://www.ihelp.mn/" "Mozilla/5.0 (Linux; Android 12; SM-A715F Build/SP1A.210812.016; wv) AppleWebKit/537.36 (KHTML, like Gecko) Version/4.0 Chrome/101.0.4951.61 Mobile Safari/537.36 [FB_IAB/FB4A;FBAV/368.0.0.24.108;]"
::1 - - [02/Jun/2022:06:42:41 +0000] "GET /api/v1/users/6290b56a9eaf6f8bd9ccf71f HTTP/1.0" 304 - "-" "Career%20developer/1.0.9 CFNetwork/1331.0.7 Darwin/21.4.0"
::1 - - [02/Jun/2022:06:42:41 +0000] "GET /api/v1/odkos HTTP/1.0" 200 10198 "-" "Career%20developer/1.0.9 CFNetwork/1331.0.7 Darwin/21.4.0"
::ffff:127.0.0.1 - - [02/Jun/2022:06:42:41 +0000] "GET /api/v1/tops HTTP/1.0" 200 4811 "-" "Career%20developer/1.0.9 CFNetwork/1331.0.7 Darwin/21.4.0"
::ffff:127.0.0.1 - - [02/Jun/2022:06:42:41 +0000] "GET /api/v1/technos HTTP/1.0" 304 - "-" "Career%20developer/1.0.9 CFNetwork/1331.0.7 Darwin/21.4.0"
::1 - - [02/Jun/2022:06:42:41 +0000] "GET /api/v1/ariunzayas HTTP/1.0" 200 19072 "-" "Career%20developer/1.0.9 CFNetwork/1331.0.7 Darwin/21.4.0"
::ffff:127.0.0.1 - - [02/Jun/2022:06:42:41 +0000] "GET /api/v1/binances HTTP/1.0" 200 19696 "-" "Career%20developer/1.0.9 CFNetwork/1331.0.7 Darwin/21.4.0"
::1 - - [02/Jun/2022:06:42:41 +0000] "GET /api/v1/bolors HTTP/1.0" 200 19139 "-" "Career%20developer/1.0.9 CFNetwork/1331.0.7 Darwin/21.4.0"
::ffff:127.0.0.1 - - [02/Jun/2022:06:42:42 +0000] "GET /api/v1/coins HTTP/1.0" 200 12866 "-" "Career%20developer/1.0.9 CFNetwork/1331.0.7 Darwin/21.4.0"
::ffff:127.0.0.1 - - [02/Jun/2022:06:42:42 +0000] "GET /api/v1/binances HTTP/1.0" 200 19696 "-" "Career%20developer/1.0.9 CFNetwork/1331.0.7 Darwin/21.4.0"
::1 - - [02/Jun/2022:06:42:42 +0000] "GET /api/v1/baykas HTTP/1.0" 200 28804 "-" "Career%20developer/1.0.9 CFNetwork/1331.0.7 Darwin/21.4.0"
::1 - - [02/Jun/2022:06:42:42 +0000] "GET /api/v1/ariunzayas HTTP/1.0" 200 19072 "-" "Career%20developer/1.0.9 CFNetwork/1331.0.7 Darwin/21.4.0"
::1 - - [02/Jun/2022:06:42:42 +0000] "GET /api/v1/bataas HTTP/1.0" 200 17214 "-" "Career%20developer/1.0.9 CFNetwork/1331.0.7 Darwin/21.4.0"
::ffff:127.0.0.1 - - [02/Jun/2022:06:42:42 +0000] "GET /api/v1/bolors HTTP/1.0" 200 19139 "-" "Career%20developer/1.0.9 CFNetwork/1331.0.7 Darwin/21.4.0"
::1 - - [02/Jun/2022:06:42:42 +0000] "GET /api/v1/deegiis HTTP/1.0" 200 15902 "-" "Career%20developer/1.0.9 CFNetwork/1331.0.7 Darwin/21.4.0"
::ffff:127.0.0.1 - - [02/Jun/2022:06:42:42 +0000] "GET /api/v1/odkos HTTP/1.0" 200 10198 "-" "Career%20developer/1.0.9 CFNetwork/1331.0.7 Darwin/21.4.0"
::1 - - [02/Jun/2022:06:42:42 +0000] "GET /api/v1/works?select=createdAt&sort=-createdAt&limit=1 HTTP/1.0" 304 - "-" "Career%20developer/1.0.9 CFNetwork/1331.0.7 Darwin/21.4.0"
::ffff:127.0.0.1 - - [02/Jun/2022:06:42:42 +0000] "GET /api/v1/headerBanners?limit=10 HTTP/1.0" 304 - "-" "Career%20developer/1.0.9 CFNetwork/1331.0.7 Darwin/21.4.0"
::1 - - [02/Jun/2022:06:42:42 +0000] "GET /api/v1/works?limit=100 HTTP/1.0" 304 - "-" "Career%20developer/1.0.9 CFNetwork/1331.0.7 Darwin/21.4.0"
::ffff:127.0.0.1 - - [02/Jun/2022:06:42:42 +0000] "GET /api/v1/magazines?limit=50 HTTP/1.0" 200 194113 "-" "Career%20developer/1.0.9 CFNetwork/1331.0.7 Darwin/21.4.0"
::1 - - [02/Jun/2022:06:53:49 +0000] "GET /api/v1/webworks?limit=10 HTTP/1.0" 200 792 "http://www.ihelp.mn/" "Mozilla/5.0 (iPhone; CPU iPhone OS 15_4_1 like Mac OS X) AppleWebKit/605.1.15 (KHTML, like Gecko) Mobile/19E258 [FBAN/FBIOS;FBDV/iPhone14,3;FBMD/iPhone;FBSN/iOS;FBSV/15.4.1;FBSS/3;FBID/phone;FBLC/en_US;FBOP/5]"
::ffff:127.0.0.1 - - [02/Jun/2022:06:53:50 +0000] "GET /upload/webwork__627e1aa7c36872e4d55f0cbf.jpg HTTP/1.0" 404 183 "http://www.ihelp.mn/" "Mozilla/5.0 (iPhone; CPU iPhone OS 15_4_1 like Mac OS X) AppleWebKit/605.1.15 (KHTML, like Gecko) Mobile/19E258 [FBAN/FBIOS;FBDV/iPhone14,3;FBMD/iPhone;FBSN/iOS;FBSV/15.4.1;FBSS/3;FBID/phone;FBLC/en_US;FBOP/5]"
::1 - - [02/Jun/2022:06:58:36 +0000] "GET /api/v1/webworks?limit=10 HTTP/1.0" 200 792 "http://www.ihelp.mn/" "Mozilla/5.0 (Linux; Android 10; SM-A600FN Build/QP1A.190711.020; wv) AppleWebKit/537.36 (KHTML, like Gecko) Version/4.0 Chrome/101.0.4951.61 Mobile Safari/537.36 [FB_IAB/FB4A;FBAV/368.0.0.24.108;]"
::ffff:127.0.0.1 - - [02/Jun/2022:06:58:36 +0000] "GET /upload/webwork__627e1aa7c36872e4d55f0cbf.jpg HTTP/1.0" 404 183 "http://www.ihelp.mn/" "Mozilla/5.0 (Linux; Android 10; SM-A600FN Build/QP1A.190711.020; wv) AppleWebKit/537.36 (KHTML, like Gecko) Version/4.0 Chrome/101.0.4951.61 Mobile Safari/537.36 [FB_IAB/FB4A;FBAV/368.0.0.24.108;]"
::1 - - [02/Jun/2022:06:59:24 +0000] "GET /api/v1/webworks?limit=10 HTTP/1.0" 304 - "http://www.ihelp.mn/" "Mozilla/5.0 (Linux; Android 10; SM-A600FN Build/QP1A.190711.020; wv) AppleWebKit/537.36 (KHTML, like Gecko) Version/4.0 Chrome/101.0.4951.61 Mobile Safari/537.36 [FB_IAB/FB4A;FBAV/368.0.0.24.108;]"
::ffff:127.0.0.1 - - [02/Jun/2022:06:59:24 +0000] "GET /upload/webwork__627e1aa7c36872e4d55f0cbf.jpg HTTP/1.0" 404 183 "http://www.ihelp.mn/" "Mozilla/5.0 (Linux; Android 10; SM-A600FN Build/QP1A.190711.020; wv) AppleWebKit/537.36 (KHTML, like Gecko) Version/4.0 Chrome/101.0.4951.61 Mobile Safari/537.36 [FB_IAB/FB4A;FBAV/368.0.0.24.108;]"
::1 - - [02/Jun/2022:07:23:04 +0000] "GET /api/v1/webworks?limit=10 HTTP/1.0" 200 792 "http://www.ihelp.mn/" "Mozilla/5.0 (Windows NT 10.0; Win64; x64) AppleWebKit/537.36 (KHTML, like Gecko) Chrome/102.0.0.0 Safari/537.36"
::ffff:127.0.0.1 - - [02/Jun/2022:07:23:05 +0000] "GET /upload/webwork__627e1aa7c36872e4d55f0cbf.jpg HTTP/1.0" 404 183 "http://www.ihelp.mn/" "Mozilla/5.0 (Windows NT 10.0; Win64; x64) AppleWebKit/537.36 (KHTML, like Gecko) Chrome/102.0.0.0 Safari/537.36"
::1 - - [02/Jun/2022:07:27:27 +0000] "GET /api/v1/webworks?limit=10 HTTP/1.0" 200 792 "http://www.ihelp.mn/work" "Mozilla/5.0 (iPhone; CPU iPhone OS 13_7 like Mac OS X) AppleWebKit/605.1.15 (KHTML, like Gecko) Mobile/17H35 [FBAN/FBIOS;FBDV/iPhone12,1;FBMD/iPhone;FBSN/iOS;FBSV/13.7;FBSS/2;FBID/phone;FBLC/en_US;FBOP/5]"
::ffff:127.0.0.1 - - [02/Jun/2022:07:27:27 +0000] "GET /upload/webwork__627e1aa7c36872e4d55f0cbf.jpg HTTP/1.0" 404 183 "http://www.ihelp.mn/work" "Mozilla/5.0 (iPhone; CPU iPhone OS 13_7 like Mac OS X) AppleWebKit/605.1.15 (KHTML, like Gecko) Mobile/17H35 [FBAN/FBIOS;FBDV/iPhone12,1;FBMD/iPhone;FBSN/iOS;FBSV/13.7;FBSS/2;FBID/phone;FBLC/en_US;FBOP/5]"
::1 - - [02/Jun/2022:07:27:32 +0000] "GET /upload/null HTTP/1.0" 404 150 "http://www.ihelp.mn/work-detail/627e1aa7c36872e4d55f0cbf" "Mozilla/5.0 (iPhone; CPU iPhone OS 13_7 like Mac OS X) AppleWebKit/605.1.15 (KHTML, like Gecko) Mobile/17H35 [FBAN/FBIOS;FBDV/iPhone12,1;FBMD/iPhone;FBSN/iOS;FBSV/13.7;FBSS/2;FBID/phone;FBLC/en_US;FBOP/5]"
::ffff:127.0.0.1 - - [02/Jun/2022:07:27:32 +0000] "GET /api/v1/webworks/627e1aa7c36872e4d55f0cbf HTTP/1.0" 200 712 "http://www.ihelp.mn/work-detail/627e1aa7c36872e4d55f0cbf" "Mozilla/5.0 (iPhone; CPU iPhone OS 13_7 like Mac OS X) AppleWebKit/605.1.15 (KHTML, like Gecko) Mobile/17H35 [FBAN/FBIOS;FBDV/iPhone12,1;FBMD/iPhone;FBSN/iOS;FBSV/13.7;FBSS/2;FBID/phone;FBLC/en_US;FBOP/5]"
::1 - - [02/Jun/2022:07:27:32 +0000] "GET /upload/webwork__627e1aa7c36872e4d55f0cbf.jpg HTTP/1.0" 404 183 "http://www.ihelp.mn/work-detail/627e1aa7c36872e4d55f0cbf" "Mozilla/5.0 (iPhone; CPU iPhone OS 13_7 like Mac OS X) AppleWebKit/605.1.15 (KHTML, like Gecko) Mobile/17H35 [FBAN/FBIOS;FBDV/iPhone12,1;FBMD/iPhone;FBSN/iOS;FBSV/13.7;FBSS/2;FBID/phone;FBLC/en_US;FBOP/5]"
::ffff:127.0.0.1 - - [02/Jun/2022:07:36:05 +0000] "GET /api/v1/users/6263b9df81428fe338d4c131 HTTP/1.0" 200 180 "-" "Career%20developer/1.0.9 CFNetwork/1329 Darwin/21.3.0"
::1 - - [02/Jun/2022:07:36:05 +0000] "GET /api/v1/tops HTTP/1.0" 200 4811 "-" "Career%20developer/1.0.9 CFNetwork/1329 Darwin/21.3.0"
::1 - - [02/Jun/2022:07:36:05 +0000] "GET /api/v1/odkos HTTP/1.0" 200 10198 "-" "Career%20developer/1.0.9 CFNetwork/1329 Darwin/21.3.0"
::ffff:127.0.0.1 - - [02/Jun/2022:07:36:05 +0000] "GET /api/v1/bolors HTTP/1.0" 200 19139 "-" "Career%20developer/1.0.9 CFNetwork/1329 Darwin/21.3.0"
::1 - - [02/Jun/2022:07:36:05 +0000] "GET /api/v1/ariunzayas HTTP/1.0" 200 19072 "-" "Career%20developer/1.0.9 CFNetwork/1329 Darwin/21.3.0"
::ffff:127.0.0.1 - - [02/Jun/2022:07:36:05 +0000] "GET /api/v1/binances HTTP/1.0" 200 19696 "-" "Career%20developer/1.0.9 CFNetwork/1329 Darwin/21.3.0"
::ffff:127.0.0.1 - - [02/Jun/2022:07:36:05 +0000] "GET /api/v1/technos HTTP/1.0" 200 16321 "-" "Career%20developer/1.0.9 CFNetwork/1329 Darwin/21.3.0"
::1 - - [02/Jun/2022:07:36:05 +0000] "GET /api/v1/coins HTTP/1.0" 200 12866 "-" "Career%20developer/1.0.9 CFNetwork/1329 Darwin/21.3.0"
::ffff:127.0.0.1 - - [02/Jun/2022:07:36:05 +0000] "GET /api/v1/binances HTTP/1.0" 200 19696 "-" "Career%20developer/1.0.9 CFNetwork/1329 Darwin/21.3.0"
::1 - - [02/Jun/2022:07:36:06 +0000] "GET /api/v1/baykas HTTP/1.0" 200 28804 "-" "Career%20developer/1.0.9 CFNetwork/1329 Darwin/21.3.0"
::ffff:127.0.0.1 - - [02/Jun/2022:07:36:06 +0000] "GET /api/v1/ariunzayas HTTP/1.0" 200 19072 "-" "Career%20developer/1.0.9 CFNetwork/1329 Darwin/21.3.0"
::1 - - [02/Jun/2022:07:36:06 +0000] "GET /api/v1/bolors HTTP/1.0" 200 19139 "-" "Career%20developer/1.0.9 CFNetwork/1329 Darwin/21.3.0"
::1 - - [02/Jun/2022:07:36:06 +0000] "GET /api/v1/deegiis HTTP/1.0" 200 15902 "-" "Career%20developer/1.0.9 CFNetwork/1329 Darwin/21.3.0"
::ffff:127.0.0.1 - - [02/Jun/2022:07:36:06 +0000] "GET /api/v1/bataas HTTP/1.0" 200 17214 "-" "Career%20developer/1.0.9 CFNetwork/1329 Darwin/21.3.0"
::ffff:127.0.0.1 - - [02/Jun/2022:07:36:06 +0000] "GET /api/v1/odkos HTTP/1.0" 200 10198 "-" "Career%20developer/1.0.9 CFNetwork/1329 Darwin/21.3.0"
::1 - - [02/Jun/2022:07:36:06 +0000] "GET /api/v1/works?select=createdAt&sort=-createdAt&limit=1 HTTP/1.0" 200 237 "-" "Career%20developer/1.0.9 CFNetwork/1329 Darwin/21.3.0"
::1 - - [02/Jun/2022:07:36:06 +0000] "GET /api/v1/headerBanners?limit=10 HTTP/1.0" 200 766 "-" "Career%20developer/1.0.9 CFNetwork/1329 Darwin/21.3.0"
::ffff:127.0.0.1 - - [02/Jun/2022:07:36:06 +0000] "GET /api/v1/works?limit=100 HTTP/1.0" 200 12003 "-" "Career%20developer/1.0.9 CFNetwork/1329 Darwin/21.3.0"
::ffff:127.0.0.1 - - [02/Jun/2022:07:36:06 +0000] "GET /api/v1/magazines?limit=50 HTTP/1.0" 200 194113 "-" "Career%20developer/1.0.9 CFNetwork/1329 Darwin/21.3.0"
::ffff:127.0.0.1 - - [02/Jun/2022:07:36:18 +0000] "GET /api/v1/users/6263b9df81428fe338d4c131 HTTP/1.0" 304 - "-" "Career%20developer/1.0.9 CFNetwork/1329 Darwin/21.3.0"
::1 - - [02/Jun/2022:07:36:18 +0000] "GET /api/v1/bolors/6242b7d81aaad439817a4c62 HTTP/1.0" 200 19060 "-" "Career%20developer/1.0.9 CFNetwork/1329 Darwin/21.3.0"
::ffff:127.0.0.1 - - [02/Jun/2022:07:36:19 +0000] "GET /api/v1/users/6263b9df81428fe338d4c131 HTTP/1.0" 304 - "-" "Career%20developer/1.0.9 CFNetwork/1329 Darwin/21.3.0"
::ffff:127.0.0.1 - - [02/Jun/2022:07:36:31 +0000] "GET /api/v1/users/6263b9df81428fe338d4c131 HTTP/1.0" 304 - "-" "Career%20developer/1.0.9 CFNetwork/1329 Darwin/21.3.0"
::1 - - [02/Jun/2022:07:36:31 +0000] "GET /api/v1/bolors/6242b7d81aaad439817a4c62 HTTP/1.0" 200 19060 "-" "Career%20developer/1.0.9 CFNetwork/1329 Darwin/21.3.0"
::ffff:127.0.0.1 - - [02/Jun/2022:07:37:27 +0000] "GET /api/v1/users/undefined HTTP/1.0" 500 250 "-" "Career%20developer/1.0.9 CFNetwork/1327.0.4 Darwin/21.2.0"
::1 - - [02/Jun/2022:07:37:27 +0000] "GET /api/v1/technos HTTP/1.0" 304 - "-" "Career%20developer/1.0.9 CFNetwork/1327.0.4 Darwin/21.2.0"
::ffff:127.0.0.1 - - [02/Jun/2022:07:37:27 +0000] "GET /api/v1/odkos HTTP/1.0" 200 10198 "-" "Career%20developer/1.0.9 CFNetwork/1327.0.4 Darwin/21.2.0"
::ffff:127.0.0.1 - - [02/Jun/2022:07:37:27 +0000] "GET /api/v1/tops HTTP/1.0" 200 4811 "-" "Career%20developer/1.0.9 CFNetwork/1327.0.4 Darwin/21.2.0"
::1 - - [02/Jun/2022:07:37:27 +0000] "GET /api/v1/bolors HTTP/1.0" 200 19139 "-" "Career%20developer/1.0.9 CFNetwork/1327.0.4 Darwin/21.2.0"
::ffff:127.0.0.1 - - [02/Jun/2022:07:37:27 +0000] "GET /api/v1/binances HTTP/1.0" 200 19696 "-" "Career%20developer/1.0.9 CFNetwork/1327.0.4 Darwin/21.2.0"
::1 - - [02/Jun/2022:07:37:27 +0000] "GET /api/v1/ariunzayas HTTP/1.0" 200 19072 "-" "Career%20developer/1.0.9 CFNetwork/1327.0.4 Darwin/21.2.0"
::1 - - [02/Jun/2022:07:37:28 +0000] "GET /api/v1/coins HTTP/1.0" 200 12866 "-" "Career%20developer/1.0.9 CFNetwork/1327.0.4 Darwin/21.2.0"
::ffff:127.0.0.1 - - [02/Jun/2022:07:37:28 +0000] "GET /api/v1/binances HTTP/1.0" 200 19696 "-" "Career%20developer/1.0.9 CFNetwork/1327.0.4 Darwin/21.2.0"
::1 - - [02/Jun/2022:07:37:28 +0000] "GET /api/v1/baykas HTTP/1.0" 200 28804 "-" "Career%20developer/1.0.9 CFNetwork/1327.0.4 Darwin/21.2.0"
::1 - - [02/Jun/2022:07:37:28 +0000] "GET /api/v1/bataas HTTP/1.0" 304 - "-" "Career%20developer/1.0.9 CFNetwork/1327.0.4 Darwin/21.2.0"
::ffff:127.0.0.1 - - [02/Jun/2022:07:37:28 +0000] "GET /api/v1/ariunzayas HTTP/1.0" 200 19072 "-" "Career%20developer/1.0.9 CFNetwork/1327.0.4 Darwin/21.2.0"
::ffff:127.0.0.1 - - [02/Jun/2022:07:37:28 +0000] "GET /api/v1/bolors HTTP/1.0" 200 19139 "-" "Career%20developer/1.0.9 CFNetwork/1327.0.4 Darwin/21.2.0"
::1 - - [02/Jun/2022:07:37:28 +0000] "GET /api/v1/deegiis HTTP/1.0" 200 15902 "-" "Career%20developer/1.0.9 CFNetwork/1327.0.4 Darwin/21.2.0"
::ffff:127.0.0.1 - - [02/Jun/2022:07:37:28 +0000] "GET /api/v1/odkos HTTP/1.0" 200 10198 "-" "Career%20developer/1.0.9 CFNetwork/1327.0.4 Darwin/21.2.0"
::1 - - [02/Jun/2022:07:37:28 +0000] "GET /api/v1/works?select=createdAt&sort=-createdAt&limit=1 HTTP/1.0" 304 - "-" "Career%20developer/1.0.9 CFNetwork/1327.0.4 Darwin/21.2.0"
::ffff:127.0.0.1 - - [02/Jun/2022:07:37:28 +0000] "GET /api/v1/headerBanners?limit=10 HTTP/1.0" 304 - "-" "Career%20developer/1.0.9 CFNetwork/1327.0.4 Darwin/21.2.0"
::ffff:127.0.0.1 - - [02/Jun/2022:07:37:28 +0000] "GET /api/v1/works?limit=100 HTTP/1.0" 304 - "-" "Career%20developer/1.0.9 CFNetwork/1327.0.4 Darwin/21.2.0"
::1 - - [02/Jun/2022:07:37:28 +0000] "GET /api/v1/magazines?limit=50 HTTP/1.0" 200 194113 "-" "Career%20developer/1.0.9 CFNetwork/1327.0.4 Darwin/21.2.0"
::ffff:127.0.0.1 - - [02/Jun/2022:07:41:04 +0000] "GET /api/v1/users/undefined HTTP/1.0" 500 250 "-" "okhttp/3.14.9"
::1 - - [02/Jun/2022:07:41:04 +0000] "GET /api/v1/odkos HTTP/1.0" 200 10198 "-" "okhttp/3.14.9"
::1 - - [02/Jun/2022:07:41:04 +0000] "GET /api/v1/bolors HTTP/1.0" 200 19139 "-" "okhttp/3.14.9"
::1 - - [02/Jun/2022:07:41:04 +0000] "GET /api/v1/binances HTTP/1.0" 200 19696 "-" "okhttp/3.14.9"
::1 - - [02/Jun/2022:07:41:04 +0000] "GET /api/v1/tops HTTP/1.0" 200 4811 "-" "okhttp/3.14.9"
::ffff:127.0.0.1 - - [02/Jun/2022:07:41:04 +0000] "GET /api/v1/technos HTTP/1.0" 200 16321 "-" "okhttp/3.14.9"
::1 - - [02/Jun/2022:07:41:04 +0000] "GET /api/v1/coins HTTP/1.0" 200 12866 "-" "okhttp/3.14.9"
::ffff:127.0.0.1 - - [02/Jun/2022:07:41:04 +0000] "GET /api/v1/binances HTTP/1.0" 200 19696 "-" "okhttp/3.14.9"
::1 - - [02/Jun/2022:07:41:04 +0000] "GET /api/v1/baykas HTTP/1.0" 200 28804 "-" "okhttp/3.14.9"
::ffff:127.0.0.1 - - [02/Jun/2022:07:41:04 +0000] "GET /api/v1/ariunzayas HTTP/1.0" 304 - "-" "okhttp/3.14.9"
::ffff:127.0.0.1 - - [02/Jun/2022:07:41:05 +0000] "GET /api/v1/bolors HTTP/1.0" 304 - "-" "okhttp/3.14.9"
::1 - - [02/Jun/2022:07:41:05 +0000] "GET /api/v1/bataas HTTP/1.0" 200 17214 "-" "okhttp/3.14.9"
::ffff:127.0.0.1 - - [02/Jun/2022:07:41:05 +0000] "GET /api/v1/odkos HTTP/1.0" 304 - "-" "okhttp/3.14.9"
::1 - - [02/Jun/2022:07:41:05 +0000] "GET /api/v1/deegiis HTTP/1.0" 200 15902 "-" "okhttp/3.14.9"
::1 - - [02/Jun/2022:07:41:05 +0000] "GET /api/v1/works?select=createdAt&sort=-createdAt&limit=1 HTTP/1.0" 200 237 "-" "okhttp/3.14.9"
::ffff:127.0.0.1 - - [02/Jun/2022:07:41:05 +0000] "GET /api/v1/headerBanners?limit=10 HTTP/1.0" 304 - "-" "okhttp/3.14.9"
::1 - - [02/Jun/2022:07:41:05 +0000] "GET /api/v1/works?limit=100 HTTP/1.0" 200 12003 "-" "okhttp/3.14.9"
::ffff:127.0.0.1 - - [02/Jun/2022:07:41:05 +0000] "GET /api/v1/magazines?limit=50 HTTP/1.0" 200 194113 "-" "okhttp/3.14.9"
::1 - - [02/Jun/2022:07:41:16 +0000] "GET /api/v1/users/undefined HTTP/1.0" 500 250 "-" "okhttp/3.14.9"
::ffff:127.0.0.1 - - [02/Jun/2022:07:41:16 +0000] "GET /api/v1/bolors/6242b7d81aaad439817a4c62 HTTP/1.0" 200 19060 "-" "okhttp/3.14.9"
