::1 - - [20/May/2022:14:46:27 +0000] "GET /upload/webwork__627e1aa7c36872e4d55f0cbf.jpg HTTP/1.0" 404 183 "https://ihelp.mn/" "Mozilla/5.0 (Linux; Android 9; SAMSUNG SM-G955U) AppleWebKit/537.36 (KHTML, like Gecko) SamsungBrowser/17.0 Chrome/96.0.4664.104 Mobile Safari/537.36"
::1 - - [20/May/2022:14:46:33 +0000] "GET /upload/null HTTP/1.0" 404 150 "https://ihelp.mn/" "Mozilla/5.0 (Linux; Android 9; SAMSUNG SM-G955U) AppleWebKit/537.36 (KHTML, like Gecko) SamsungBrowser/17.0 Chrome/96.0.4664.104 Mobile Safari/537.36"
::ffff:127.0.0.1 - - [20/May/2022:14:46:33 +0000] "GET /api/v1/webworks/627e1aa7c36872e4d55f0cbf HTTP/1.0" 304 - "https://ihelp.mn/" "Mozilla/5.0 (Linux; Android 9; SAMSUNG SM-G955U) AppleWebKit/537.36 (KHTML, like Gecko) SamsungBrowser/17.0 Chrome/96.0.4664.104 Mobile Safari/537.36"
::ffff:127.0.0.1 - - [20/May/2022:14:46:33 +0000] "GET /upload/webwork__627e1aa7c36872e4d55f0cbf.jpg HTTP/1.0" 404 183 "https://ihelp.mn/" "Mozilla/5.0 (Linux; Android 9; SAMSUNG SM-G955U) AppleWebKit/537.36 (KHTML, like Gecko) SamsungBrowser/17.0 Chrome/96.0.4664.104 Mobile Safari/537.36"
::1 - - [20/May/2022:14:46:35 +0000] "GET /api/v1/webworks?limit=10 HTTP/1.0" 304 - "https://ihelp.mn/" "Mozilla/5.0 (Linux; Android 9; SAMSUNG SM-G955U) AppleWebKit/537.36 (KHTML, like Gecko) SamsungBrowser/17.0 Chrome/96.0.4664.104 Mobile Safari/537.36"
::ffff:127.0.0.1 - - [20/May/2022:14:46:35 +0000] "GET /upload/webwork__627e1aa7c36872e4d55f0cbf.jpg HTTP/1.0" 404 183 "https://ihelp.mn/" "Mozilla/5.0 (Linux; Android 9; SAMSUNG SM-G955U) AppleWebKit/537.36 (KHTML, like Gecko) SamsungBrowser/17.0 Chrome/96.0.4664.104 Mobile Safari/537.36"
::ffff:127.0.0.1 - - [20/May/2022:15:46:03 +0000] "GET /api/v1/webworks?limit=10 HTTP/1.0" 200 792 "http://www.ihelp.mn/" "Mozilla/5.0 (iPhone; CPU iPhone OS 15_4_1 like Mac OS X) AppleWebKit/605.1.15 (KHTML, like Gecko) Mobile/19E258 [FBAN/FBIOS;FBDV/iPhone12,1;FBMD/iPhone;FBSN/iOS;FBSV/15.4.1;FBSS/2;FBID/phone;FBLC/en_US;FBOP/5]"
::1 - - [20/May/2022:15:46:03 +0000] "GET /upload/webwork__627e1aa7c36872e4d55f0cbf.jpg HTTP/1.0" 404 183 "http://www.ihelp.mn/" "Mozilla/5.0 (iPhone; CPU iPhone OS 15_4_1 like Mac OS X) AppleWebKit/605.1.15 (KHTML, like Gecko) Mobile/19E258 [FBAN/FBIOS;FBDV/iPhone12,1;FBMD/iPhone;FBSN/iOS;FBSV/15.4.1;FBSS/2;FBID/phone;FBLC/en_US;FBOP/5]"
::ffff:127.0.0.1 - - [20/May/2022:15:46:10 +0000] "GET /upload/null HTTP/1.0" 404 150 "http://www.ihelp.mn/" "Mozilla/5.0 (iPhone; CPU iPhone OS 15_4_1 like Mac OS X) AppleWebKit/605.1.15 (KHTML, like Gecko) Mobile/19E258 [FBAN/FBIOS;FBDV/iPhone12,1;FBMD/iPhone;FBSN/iOS;FBSV/15.4.1;FBSS/2;FBID/phone;FBLC/en_US;FBOP/5]"
::1 - - [20/May/2022:15:46:11 +0000] "GET /api/v1/webworks/627e1aa7c36872e4d55f0cbf HTTP/1.0" 200 712 "http://www.ihelp.mn/" "Mozilla/5.0 (iPhone; CPU iPhone OS 15_4_1 like Mac OS X) AppleWebKit/605.1.15 (KHTML, like Gecko) Mobile/19E258 [FBAN/FBIOS;FBDV/iPhone12,1;FBMD/iPhone;FBSN/iOS;FBSV/15.4.1;FBSS/2;FBID/phone;FBLC/en_US;FBOP/5]"
::ffff:127.0.0.1 - - [20/May/2022:15:46:11 +0000] "GET /upload/webwork__627e1aa7c36872e4d55f0cbf.jpg HTTP/1.0" 404 183 "http://www.ihelp.mn/" "Mozilla/5.0 (iPhone; CPU iPhone OS 15_4_1 like Mac OS X) AppleWebKit/605.1.15 (KHTML, like Gecko) Mobile/19E258 [FBAN/FBIOS;FBDV/iPhone12,1;FBMD/iPhone;FBSN/iOS;FBSV/15.4.1;FBSS/2;FBID/phone;FBLC/en_US;FBOP/5]"
::1 - - [20/May/2022:15:46:22 +0000] "GET /api/v1/webworks?limit=10 HTTP/1.0" 304 - "http://www.ihelp.mn/" "Mozilla/5.0 (iPhone; CPU iPhone OS 15_4_1 like Mac OS X) AppleWebKit/605.1.15 (KHTML, like Gecko) Mobile/19E258 [FBAN/FBIOS;FBDV/iPhone12,1;FBMD/iPhone;FBSN/iOS;FBSV/15.4.1;FBSS/2;FBID/phone;FBLC/en_US;FBOP/5]"
::ffff:127.0.0.1 - - [20/May/2022:15:46:22 +0000] "GET /upload/webwork__627e1aa7c36872e4d55f0cbf.jpg HTTP/1.0" 404 183 "http://www.ihelp.mn/" "Mozilla/5.0 (iPhone; CPU iPhone OS 15_4_1 like Mac OS X) AppleWebKit/605.1.15 (KHTML, like Gecko) Mobile/19E258 [FBAN/FBIOS;FBDV/iPhone12,1;FBMD/iPhone;FBSN/iOS;FBSV/15.4.1;FBSS/2;FBID/phone;FBLC/en_US;FBOP/5]"
::1 - - [20/May/2022:15:55:21 +0000] "GET /api/v1/webworks?limit=10 HTTP/1.0" 304 - "https://ihelp.mn/" "Mozilla/5.0 (Linux; Android 9; SAMSUNG SM-G955U) AppleWebKit/537.36 (KHTML, like Gecko) SamsungBrowser/17.0 Chrome/96.0.4664.104 Mobile Safari/537.36"
::ffff:127.0.0.1 - - [20/May/2022:15:55:21 +0000] "GET /upload/webwork__627e1aa7c36872e4d55f0cbf.jpg HTTP/1.0" 404 183 "https://ihelp.mn/" "Mozilla/5.0 (Linux; Android 9; SAMSUNG SM-G955U) AppleWebKit/537.36 (KHTML, like Gecko) SamsungBrowser/17.0 Chrome/96.0.4664.104 Mobile Safari/537.36"
::1 - - [20/May/2022:16:18:02 +0000] "GET /upload/photo_626a74fcc36872e4d55eb274.jpeg HTTP/1.0" 404 181 "-" "facebookexternalhit/1.1 (+http://www.facebook.com/externalhit_uatext.php)"
::ffff:127.0.0.1 - - [20/May/2022:16:38:35 +0000] "GET /actuator/gateway/routes HTTP/1.0" 404 162 "-" "Mozilla/5.0 (Windows NT 10.0; Win64; x64) AppleWebKit/537.36 (KHTML, like Gecko) Chrome/78.0.3904.108 Safari/537.36"
::1 - - [20/May/2022:17:44:10 +0000] "GET /remote/fgt_lang?lang=/../../../..//////////dev/cmdb/sslvpn_websession HTTP/1.0" 404 154 "-" "Python-urllib/3.8"
::ffff:127.0.0.1 - - [20/May/2022:17:59:17 +0000] "GET /upload/photo_626a74fcc36872e4d55eb274.jpeg HTTP/1.0" 404 181 "-" "facebookexternalhit/1.1 (+http://www.facebook.com/externalhit_uatext.php)"
::ffff:127.0.0.1 - - [20/May/2022:20:05:58 +0000] "GET /admin/config.php HTTP/1.0" 404 155 "-" "python-requests/2.27.1"
::1 - - [20/May/2022:20:19:11 +0000] "GET /owa/auth/logon.aspx HTTP/1.0" 404 158 "-" "Mozilla/5.0 zgrab/0.x"
::ffff:127.0.0.1 - - [20/May/2022:20:21:12 +0000] "GET /owa/auth/x.js HTTP/1.0" 404 152 "-" "Mozilla/5.0 zgrab/0.x"
::1 - - [20/May/2022:20:22:56 +0000] "GET /ecp/Current/exporttool/microsoft.exchange.ediscovery.exporttool.application HTTP/1.0" 404 214 "-" "Mozilla/5.0 zgrab/0.x"
::1 - - [20/May/2022:21:29:00 +0000] "GET ///.env HTTP/1.0" 404 145 "-" "python-requests/2.6.0 CPython/2.7.5 Linux/3.10.0-1160.el7.x86_64"
::1 - - [20/May/2022:23:23:02 +0000] "GET /api/v1/users/undefined HTTP/1.0" 500 250 "-" "okhttp/3.14.9"
::ffff:127.0.0.1 - - [20/May/2022:23:23:02 +0000] "GET /api/v1/odkos HTTP/1.0" 200 10198 "-" "okhttp/3.14.9"
::ffff:127.0.0.1 - - [20/May/2022:23:23:02 +0000] "GET /api/v1/binances HTTP/1.0" 200 19696 "-" "okhttp/3.14.9"
::1 - - [20/May/2022:23:23:02 +0000] "GET /api/v1/ariunzayas HTTP/1.0" 200 19072 "-" "okhttp/3.14.9"
::ffff:127.0.0.1 - - [20/May/2022:23:23:02 +0000] "GET /api/v1/bolors HTTP/1.0" 200 19139 "-" "okhttp/3.14.9"
::1 - - [20/May/2022:23:23:02 +0000] "GET /api/v1/tops HTTP/1.0" 200 4811 "-" "okhttp/3.14.9"
::ffff:127.0.0.1 - - [20/May/2022:23:23:02 +0000] "GET /api/v1/technos HTTP/1.0" 200 16321 "-" "okhttp/3.14.9"
::1 - - [20/May/2022:23:23:03 +0000] "GET /api/v1/coins HTTP/1.0" 200 12866 "-" "okhttp/3.14.9"
::ffff:127.0.0.1 - - [20/May/2022:23:23:03 +0000] "GET /api/v1/binances HTTP/1.0" 304 - "-" "okhttp/3.14.9"
::1 - - [20/May/2022:23:23:03 +0000] "GET /api/v1/baykas HTTP/1.0" 200 28804 "-" "okhttp/3.14.9"
::ffff:127.0.0.1 - - [20/May/2022:23:23:03 +0000] "GET /api/v1/ariunzayas HTTP/1.0" 200 19072 "-" "okhttp/3.14.9"
::1 - - [20/May/2022:23:23:03 +0000] "GET /api/v1/bolors HTTP/1.0" 304 - "-" "okhttp/3.14.9"
::ffff:127.0.0.1 - - [20/May/2022:23:23:03 +0000] "GET /api/v1/bataas HTTP/1.0" 200 17214 "-" "okhttp/3.14.9"
::ffff:127.0.0.1 - - [20/May/2022:23:23:03 +0000] "GET /api/v1/deegiis HTTP/1.0" 200 15902 "-" "okhttp/3.14.9"
::1 - - [20/May/2022:23:23:03 +0000] "GET /api/v1/odkos HTTP/1.0" 304 - "-" "okhttp/3.14.9"
::ffff:127.0.0.1 - - [20/May/2022:23:23:03 +0000] "GET /api/v1/works?select=createdAt&sort=-createdAt&limit=1 HTTP/1.0" 200 237 "-" "okhttp/3.14.9"
::1 - - [20/May/2022:23:23:03 +0000] "GET /api/v1/headerBanners?limit=10 HTTP/1.0" 200 766 "-" "okhttp/3.14.9"
::ffff:127.0.0.1 - - [20/May/2022:23:23:03 +0000] "GET /api/v1/works?limit=100 HTTP/1.0" 200 12003 "-" "okhttp/3.14.9"
::ffff:127.0.0.1 - - [20/May/2022:23:23:03 +0000] "GET /api/v1/magazines?limit=50 HTTP/1.0" 200 194113 "-" "okhttp/3.14.9"
::ffff:127.0.0.1 - - [20/May/2022:23:23:10 +0000] "GET /api/v1/users/undefined HTTP/1.0" 500 250 "-" "okhttp/3.14.9"
::1 - - [20/May/2022:23:23:10 +0000] "GET /api/v1/technos/6242b7d81aaad439817a4c66 HTTP/1.0" 200 16242 "-" "okhttp/3.14.9"
::ffff:127.0.0.1 - - [20/May/2022:23:23:13 +0000] "GET /api/v1/users/undefined HTTP/1.0" 500 250 "-" "okhttp/3.14.9"
::1 - - [20/May/2022:23:23:14 +0000] "GET /api/v1/users/undefined HTTP/1.0" 500 250 "-" "okhttp/3.14.9"
::ffff:127.0.0.1 - - [20/May/2022:23:23:15 +0000] "GET /api/v1/tops/6242b7d81aaad439817a4c64 HTTP/1.0" 200 4732 "-" "okhttp/3.14.9"
::ffff:127.0.0.1 - - [20/May/2022:23:23:29 +0000] "GET /api/v1/users/undefined HTTP/1.0" 500 250 "-" "okhttp/3.14.9"
