::ffff:127.0.0.1 - - [09/Jun/2022:13:21:34 +0000] "GET /api/v1/magazines/6242b7d91aaad439817a4c70 HTTP/1.0" 200 194033 "-" "Career%20developer/1.0.9 CFNetwork/1331.0.7 Darwin/21.4.0"
::1 - - [09/Jun/2022:13:21:35 +0000] "GET /api/v1/users/62a1f3a8182f7ca23c90c68e HTTP/1.0" 304 - "-" "Career%20developer/1.0.9 CFNetwork/1331.0.7 Darwin/21.4.0"
::ffff:127.0.0.1 - - [09/Jun/2022:13:21:39 +0000] "GET /api/v1/users/629ff3c19eaf6f8bd9cd1631 HTTP/1.0" 304 - "-" "okhttp/3.14.9"
::1 - - [09/Jun/2022:13:21:39 +0000] "GET /api/v1/magazines/6242b7d91aaad439817a4c70 HTTP/1.0" 200 194033 "-" "okhttp/3.14.9"
::ffff:127.0.0.1 - - [09/Jun/2022:13:21:46 +0000] "GET /api/v1/users/629ff3c19eaf6f8bd9cd1631 HTTP/1.0" 304 - "-" "okhttp/3.14.9"
::ffff:127.0.0.1 - - [09/Jun/2022:13:21:48 +0000] "GET /api/v1/users/629ff3c19eaf6f8bd9cd1631 HTTP/1.0" 304 - "-" "okhttp/3.14.9"
::1 - - [09/Jun/2022:13:21:49 +0000] "GET /api/v1/magazines/6242b7d91aaad439817a4c70 HTTP/1.0" 200 194033 "-" "okhttp/3.14.9"
::ffff:127.0.0.1 - - [09/Jun/2022:13:21:54 +0000] "GET /api/v1/users/629ff3c19eaf6f8bd9cd1631 HTTP/1.0" 304 - "-" "okhttp/3.14.9"
::ffff:127.0.0.1 - - [09/Jun/2022:13:22:01 +0000] "GET /api/v1/users/629ff3c19eaf6f8bd9cd1631 HTTP/1.0" 304 - "-" "okhttp/3.14.9"
::1 - - [09/Jun/2022:13:22:01 +0000] "GET /api/v1/magazines/6242b7d91aaad439817a4c70 HTTP/1.0" 200 194033 "-" "okhttp/3.14.9"
::ffff:127.0.0.1 - - [09/Jun/2022:13:26:16 +0000] "GET /robots.txt HTTP/1.0" 404 149 "-" "panscient.com"
::1 - - [09/Jun/2022:13:29:35 +0000] "POST /owa/auth.owa HTTP/1.0" 404 152 "-" "python-requests/2.26.0"
::ffff:127.0.0.1 - - [09/Jun/2022:13:53:35 +0000] "GET /api/v1/webworks?limit=10 HTTP/1.0" 200 792 "http://www.ihelp.mn/" "Mozilla/5.0 (iPhone; CPU iPhone OS 15_5 like Mac OS X) AppleWebKit/605.1.15 (KHTML, like Gecko) Mobile/19F77 [FBAN/FBIOS;FBDV/iPhone12,5;FBMD/iPhone;FBSN/iOS;FBSV/15.5;FBSS/3;FBID/phone;FBLC/en_US;FBOP/5]"
::1 - - [09/Jun/2022:13:53:35 +0000] "GET /upload/webwork__627e1aa7c36872e4d55f0cbf.jpg HTTP/1.0" 404 183 "http://www.ihelp.mn/" "Mozilla/5.0 (iPhone; CPU iPhone OS 15_5 like Mac OS X) AppleWebKit/605.1.15 (KHTML, like Gecko) Mobile/19F77 [FBAN/FBIOS;FBDV/iPhone12,5;FBMD/iPhone;FBSN/iOS;FBSV/15.5;FBSS/3;FBID/phone;FBLC/en_US;FBOP/5]"
::ffff:127.0.0.1 - - [09/Jun/2022:13:53:45 +0000] "GET /upload/null HTTP/1.0" 404 150 "http://www.ihelp.mn/" "Mozilla/5.0 (iPhone; CPU iPhone OS 15_5 like Mac OS X) AppleWebKit/605.1.15 (KHTML, like Gecko) Mobile/19F77 [FBAN/FBIOS;FBDV/iPhone12,5;FBMD/iPhone;FBSN/iOS;FBSV/15.5;FBSS/3;FBID/phone;FBLC/en_US;FBOP/5]"
::1 - - [09/Jun/2022:13:53:46 +0000] "GET /api/v1/webworks/627e1aa7c36872e4d55f0cbf HTTP/1.0" 200 712 "http://www.ihelp.mn/" "Mozilla/5.0 (iPhone; CPU iPhone OS 15_5 like Mac OS X) AppleWebKit/605.1.15 (KHTML, like Gecko) Mobile/19F77 [FBAN/FBIOS;FBDV/iPhone12,5;FBMD/iPhone;FBSN/iOS;FBSV/15.5;FBSS/3;FBID/phone;FBLC/en_US;FBOP/5]"
::ffff:127.0.0.1 - - [09/Jun/2022:13:53:46 +0000] "GET /upload/webwork__627e1aa7c36872e4d55f0cbf.jpg HTTP/1.0" 404 183 "http://www.ihelp.mn/" "Mozilla/5.0 (iPhone; CPU iPhone OS 15_5 like Mac OS X) AppleWebKit/605.1.15 (KHTML, like Gecko) Mobile/19F77 [FBAN/FBIOS;FBDV/iPhone12,5;FBMD/iPhone;FBSN/iOS;FBSV/15.5;FBSS/3;FBID/phone;FBLC/en_US;FBOP/5]"
::1 - - [09/Jun/2022:14:03:38 +0000] "GET /api/v1/webworks?limit=10 HTTP/1.0" 200 792 "http://www.ihelp.mn/" "Mozilla/5.0 (Linux; Android 10; LM-X525) AppleWebKit/537.36 (KHTML, like Gecko) Chrome/100.0.4896.79 Mobile Safari/537.36"
::ffff:127.0.0.1 - - [09/Jun/2022:14:03:38 +0000] "GET /upload/webwork__627e1aa7c36872e4d55f0cbf.jpg HTTP/1.0" 404 183 "http://www.ihelp.mn/" "Mozilla/5.0 (Linux; Android 10; LM-X525) AppleWebKit/537.36 (KHTML, like Gecko) Chrome/100.0.4896.79 Mobile Safari/537.36"
::ffff:127.0.0.1 - - [09/Jun/2022:14:20:24 +0000] "GET /robots.txt HTTP/1.0" 404 149 "-" "Mozilla/5.0 (compatible; bingbot/2.0; +http://www.bing.com/bingbot.htm)"
::1 - - [09/Jun/2022:15:25:30 +0000] "GET /upload/photo_626a74fcc36872e4d55eb274.jpeg HTTP/1.0" 404 181 "https://icareer.mn/" "Mozilla/5.0 (Windows NT 10.0; Win64; x64) AppleWebKit/537.36 (KHTML, like Gecko) Chrome/102.0.5005.61 Safari/537.36"
::1 - - [09/Jun/2022:15:25:30 +0000] "GET /api/v1/articles?limit=3&sort=-createdAt HTTP/1.0" 200 20840 "https://icareer.mn/" "Mozilla/5.0 (Windows NT 10.0; Win64; x64) AppleWebKit/537.36 (KHTML, like Gecko) Chrome/102.0.5005.61 Safari/537.36"
::1 - - [09/Jun/2022:15:25:36 +0000] "GET /upload/photo_626a74fcc36872e4d55eb274.jpeg HTTP/1.0" 404 181 "https://icareer.mn/" "Mozilla/5.0 (Windows NT 10.0; Win64; x64) AppleWebKit/537.36 (KHTML, like Gecko) Chrome/102.0.5005.61 Safari/537.36"
::1 - - [09/Jun/2022:15:25:43 +0000] "POST /api/v1/users/login HTTP/1.0" 200 542 "https://icareer.mn/" "Mozilla/5.0 (Windows NT 10.0; Win64; x64) AppleWebKit/537.36 (KHTML, like Gecko) Chrome/102.0.5005.61 Safari/537.36"
::ffff:127.0.0.1 - - [09/Jun/2022:15:25:44 +0000] "GET /api/v1/articles?limit=20&sort=-createdAt HTTP/1.0" 200 48052 "https://icareer.mn/" "Mozilla/5.0 (Windows NT 10.0; Win64; x64) AppleWebKit/537.36 (KHTML, like Gecko) Chrome/102.0.5005.61 Safari/537.36"
::ffff:127.0.0.1 - - [09/Jun/2022:15:29:44 +0000] "GET /upload/photo_626a74fcc36872e4d55eb274.jpeg HTTP/1.0" 404 181 "https://icareer.mn/" "Mozilla/5.0 (Windows NT 10.0; Win64; x64) AppleWebKit/537.36 (KHTML, like Gecko) Chrome/102.0.5005.61 Safari/537.36"
::1 - - [09/Jun/2022:15:29:44 +0000] "GET /api/v1/articles?limit=3&sort=-createdAt HTTP/1.0" 304 - "https://icareer.mn/" "Mozilla/5.0 (Windows NT 10.0; Win64; x64) AppleWebKit/537.36 (KHTML, like Gecko) Chrome/102.0.5005.61 Safari/537.36"
::1 - - [09/Jun/2022:15:29:45 +0000] "GET /api/v1/articles?limit=6&sort=-createdAt&page=1 HTTP/1.0" 200 41264 "https://icareer.mn/" "Mozilla/5.0 (Windows NT 10.0; Win64; x64) AppleWebKit/537.36 (KHTML, like Gecko) Chrome/102.0.5005.61 Safari/537.36"
::1 - - [09/Jun/2022:15:29:46 +0000] "GET /upload/undefined HTTP/1.0" 404 155 "https://icareer.mn/" "Mozilla/5.0 (Windows NT 10.0; Win64; x64) AppleWebKit/537.36 (KHTML, like Gecko) Chrome/102.0.5005.61 Safari/537.36"
::ffff:127.0.0.1 - - [09/Jun/2022:15:29:46 +0000] "GET /api/v1/articles/626a74fcc36872e4d55eb274 HTTP/1.0" 200 10346 "https://icareer.mn/" "Mozilla/5.0 (Windows NT 10.0; Win64; x64) AppleWebKit/537.36 (KHTML, like Gecko) Chrome/102.0.5005.61 Safari/537.36"
::1 - - [09/Jun/2022:15:36:13 +0000] "POST /api/v1/articles HTTP/1.0" 200 8678 "https://icareer.mn/" "Mozilla/5.0 (Windows NT 10.0; Win64; x64) AppleWebKit/537.36 (KHTML, like Gecko) Chrome/102.0.5005.61 Safari/537.36"
::ffff:127.0.0.1 - - [09/Jun/2022:15:36:13 +0000] "PUT /api/v1/articles/62a2136d182f7ca23c90c6e1/photo HTTP/1.0" 200 60 "https://icareer.mn/" "Mozilla/5.0 (Windows NT 10.0; Win64; x64) AppleWebKit/537.36 (KHTML, like Gecko) Chrome/102.0.5005.61 Safari/537.36"
::1 - - [09/Jun/2022:15:36:13 +0000] "GET /api/v1/articles?limit=20&sort=-createdAt HTTP/1.0" 200 56707 "https://icareer.mn/" "Mozilla/5.0 (Windows NT 10.0; Win64; x64) AppleWebKit/537.36 (KHTML, like Gecko) Chrome/102.0.5005.61 Safari/537.36"
::1 - - [09/Jun/2022:15:36:14 +0000] "GET /upload/photo_2022-06-08_16-20-25.jpg HTTP/1.0" 404 175 "https://icareer.mn/" "Mozilla/5.0 (Windows NT 10.0; Win64; x64) AppleWebKit/537.36 (KHTML, like Gecko) Chrome/102.0.5005.61 Safari/537.36"
::1 - - [09/Jun/2022:15:36:16 +0000] "GET /upload/ HTTP/1.0" 404 146 "https://icareer.mn/" "Mozilla/5.0 (Windows NT 10.0; Win64; x64) AppleWebKit/537.36 (KHTML, like Gecko) Chrome/102.0.5005.61 Safari/537.36"
::ffff:127.0.0.1 - - [09/Jun/2022:15:36:16 +0000] "GET /api/v1/articles/62a2136d182f7ca23c90c6e1 HTTP/1.0" 200 8772 "https://icareer.mn/" "Mozilla/5.0 (Windows NT 10.0; Win64; x64) AppleWebKit/537.36 (KHTML, like Gecko) Chrome/102.0.5005.61 Safari/537.36"
::ffff:127.0.0.1 - - [09/Jun/2022:15:36:19 +0000] "GET /api/v1/articles?limit=3&sort=-createdAt HTTP/1.0" 200 25938 "https://icareer.mn/" "Mozilla/5.0 (Windows NT 10.0; Win64; x64) AppleWebKit/537.36 (KHTML, like Gecko) Chrome/102.0.5005.61 Safari/537.36"
::1 - - [09/Jun/2022:15:36:22 +0000] "GET /api/v1/articles?limit=6&sort=-createdAt&page=1 HTTP/1.0" 200 44316 "https://icareer.mn/" "Mozilla/5.0 (Windows NT 10.0; Win64; x64) AppleWebKit/537.36 (KHTML, like Gecko) Chrome/102.0.5005.61 Safari/537.36"
::1 - - [09/Jun/2022:15:36:24 +0000] "GET /upload/undefined HTTP/1.0" 404 155 "https://icareer.mn/" "Mozilla/5.0 (Windows NT 10.0; Win64; x64) AppleWebKit/537.36 (KHTML, like Gecko) Chrome/102.0.5005.61 Safari/537.36"
::ffff:127.0.0.1 - - [09/Jun/2022:15:36:24 +0000] "GET /api/v1/articles/62a2136d182f7ca23c90c6e1 HTTP/1.0" 200 8772 "https://icareer.mn/" "Mozilla/5.0 (Windows NT 10.0; Win64; x64) AppleWebKit/537.36 (KHTML, like Gecko) Chrome/102.0.5005.61 Safari/537.36"
::1 - - [09/Jun/2022:15:38:27 +0000] "GET /api/v1/articles?limit=6&sort=-createdAt&page=1 HTTP/1.0" 200 44316 "https://icareer.mn/" "Mozilla/5.0 (Windows NT 10.0; Win64; x64) AppleWebKit/537.36 (KHTML, like Gecko) Chrome/102.0.5005.61 Safari/537.36"
::ffff:127.0.0.1 - - [09/Jun/2022:15:38:28 +0000] "GET /upload/undefined HTTP/1.0" 404 155 "https://icareer.mn/" "Mozilla/5.0 (Windows NT 10.0; Win64; x64) AppleWebKit/537.36 (KHTML, like Gecko) Chrome/102.0.5005.61 Safari/537.36"
::1 - - [09/Jun/2022:15:38:28 +0000] "GET /api/v1/articles/626a74fcc36872e4d55eb274 HTTP/1.0" 200 10346 "https://icareer.mn/" "Mozilla/5.0 (Windows NT 10.0; Win64; x64) AppleWebKit/537.36 (KHTML, like Gecko) Chrome/102.0.5005.61 Safari/537.36"
::ffff:127.0.0.1 - - [09/Jun/2022:15:41:07 +0000] "GET /api/v1/articles?limit=3&sort=-createdAt HTTP/1.0" 200 25969 "https://icareer.mn/" "Mozilla/5.0 (Windows NT 10.0; Win64; x64) AppleWebKit/537.36 (KHTML, like Gecko) Chrome/102.0.5005.61 Safari/537.36"
::1 - - [09/Jun/2022:15:41:10 +0000] "GET /api/v1/articles?limit=6&sort=-createdAt&page=1 HTTP/1.0" 200 44347 "https://icareer.mn/" "Mozilla/5.0 (Windows NT 10.0; Win64; x64) AppleWebKit/537.36 (KHTML, like Gecko) Chrome/102.0.5005.61 Safari/537.36"
::1 - - [09/Jun/2022:15:41:11 +0000] "GET /upload/undefined HTTP/1.0" 404 155 "https://icareer.mn/" "Mozilla/5.0 (Windows NT 10.0; Win64; x64) AppleWebKit/537.36 (KHTML, like Gecko) Chrome/102.0.5005.61 Safari/537.36"
::ffff:127.0.0.1 - - [09/Jun/2022:15:41:11 +0000] "GET /api/v1/articles/62a2136d182f7ca23c90c6e1 HTTP/1.0" 200 8803 "https://icareer.mn/" "Mozilla/5.0 (Windows NT 10.0; Win64; x64) AppleWebKit/537.36 (KHTML, like Gecko) Chrome/102.0.5005.61 Safari/537.36"
::ffff:127.0.0.1 - - [09/Jun/2022:15:42:04 +0000] "GET /api/v1/articles?limit=6&sort=-createdAt&page=1 HTTP/1.0" 200 44347 "https://icareer.mn/" "Mozilla/5.0 (Windows NT 10.0; Win64; x64) AppleWebKit/537.36 (KHTML, like Gecko) Chrome/102.0.5005.61 Safari/537.36"
::1 - - [09/Jun/2022:15:42:05 +0000] "GET /upload/undefined HTTP/1.0" 404 155 "https://icareer.mn/" "Mozilla/5.0 (Windows NT 10.0; Win64; x64) AppleWebKit/537.36 (KHTML, like Gecko) Chrome/102.0.5005.61 Safari/537.36"
::ffff:127.0.0.1 - - [09/Jun/2022:15:42:05 +0000] "GET /api/v1/articles/626a74fcc36872e4d55eb274 HTTP/1.0" 200 10346 "https://icareer.mn/" "Mozilla/5.0 (Windows NT 10.0; Win64; x64) AppleWebKit/537.36 (KHTML, like Gecko) Chrome/102.0.5005.61 Safari/537.36"
::1 - - [09/Jun/2022:15:42:08 +0000] "GET /api/v1/articles?limit=6&sort=-createdAt&page=1 HTTP/1.0" 200 44347 "https://icareer.mn/" "Mozilla/5.0 (Windows NT 10.0; Win64; x64) AppleWebKit/537.36 (KHTML, like Gecko) Chrome/102.0.5005.61 Safari/537.36"
::ffff:127.0.0.1 - - [09/Jun/2022:15:42:09 +0000] "GET /upload/undefined HTTP/1.0" 404 155 "https://icareer.mn/" "Mozilla/5.0 (Windows NT 10.0; Win64; x64) AppleWebKit/537.36 (KHTML, like Gecko) Chrome/102.0.5005.61 Safari/537.36"
::1 - - [09/Jun/2022:15:42:09 +0000] "GET /api/v1/articles/6257a99db41c5c678b99888a HTTP/1.0" 200 7050 "https://icareer.mn/" "Mozilla/5.0 (Windows NT 10.0; Win64; x64) AppleWebKit/537.36 (KHTML, like Gecko) Chrome/102.0.5005.61 Safari/537.36"
::ffff:127.0.0.1 - - [09/Jun/2022:15:42:12 +0000] "GET /api/v1/articles?limit=6&sort=-createdAt&page=1 HTTP/1.0" 200 44347 "https://icareer.mn/" "Mozilla/5.0 (Windows NT 10.0; Win64; x64) AppleWebKit/537.36 (KHTML, like Gecko) Chrome/102.0.5005.61 Safari/537.36"
::1 - - [09/Jun/2022:15:42:13 +0000] "GET /upload/undefined HTTP/1.0" 404 155 "https://icareer.mn/" "Mozilla/5.0 (Windows NT 10.0; Win64; x64) AppleWebKit/537.36 (KHTML, like Gecko) Chrome/102.0.5005.61 Safari/537.36"
::ffff:127.0.0.1 - - [09/Jun/2022:15:42:13 +0000] "GET /api/v1/articles/6257a923b41c5c678b998880 HTTP/1.0" 200 3675 "https://icareer.mn/" "Mozilla/5.0 (Windows NT 10.0; Win64; x64) AppleWebKit/537.36 (KHTML, like Gecko) Chrome/102.0.5005.61 Safari/537.36"
::1 - - [09/Jun/2022:15:42:16 +0000] "GET /api/v1/articles?limit=6&sort=-createdAt&page=1 HTTP/1.0" 200 44348 "https://icareer.mn/" "Mozilla/5.0 (Windows NT 10.0; Win64; x64) AppleWebKit/537.36 (KHTML, like Gecko) Chrome/102.0.5005.61 Safari/537.36"
::ffff:127.0.0.1 - - [09/Jun/2022:15:42:17 +0000] "GET /upload/undefined HTTP/1.0" 404 155 "https://icareer.mn/" "Mozilla/5.0 (Windows NT 10.0; Win64; x64) AppleWebKit/537.36 (KHTML, like Gecko) Chrome/102.0.5005.61 Safari/537.36"
::1 - - [09/Jun/2022:15:42:17 +0000] "GET /api/v1/articles/6257a80bb41c5c678b99883c HTTP/1.0" 200 7704 "https://icareer.mn/" "Mozilla/5.0 (Windows NT 10.0; Win64; x64) AppleWebKit/537.36 (KHTML, like Gecko) Chrome/102.0.5005.61 Safari/537.36"
::ffff:127.0.0.1 - - [09/Jun/2022:15:42:20 +0000] "GET /api/v1/articles?limit=6&sort=-createdAt&page=1 HTTP/1.0" 200 44348 "https://icareer.mn/" "Mozilla/5.0 (Windows NT 10.0; Win64; x64) AppleWebKit/537.36 (KHTML, like Gecko) Chrome/102.0.5005.61 Safari/537.36"
::1 - - [09/Jun/2022:15:42:21 +0000] "GET /upload/undefined HTTP/1.0" 404 155 "https://icareer.mn/" "Mozilla/5.0 (Windows NT 10.0; Win64; x64) AppleWebKit/537.36 (KHTML, like Gecko) Chrome/102.0.5005.61 Safari/537.36"
::ffff:127.0.0.1 - - [09/Jun/2022:15:42:22 +0000] "GET /api/v1/articles/6257a60eb41c5c678b99881e HTTP/1.0" 200 7345 "https://icareer.mn/" "Mozilla/5.0 (Windows NT 10.0; Win64; x64) AppleWebKit/537.36 (KHTML, like Gecko) Chrome/102.0.5005.61 Safari/537.36"
::1 - - [09/Jun/2022:15:42:35 +0000] "GET /api/v1/articles?limit=3&sort=-createdAt HTTP/1.0" 200 25969 "https://icareer.mn/" "Mozilla/5.0 (Windows NT 10.0; Win64; x64) AppleWebKit/537.36 (KHTML, like Gecko) Chrome/102.0.5005.61 Safari/537.36"
::ffff:127.0.0.1 - - [09/Jun/2022:15:42:36 +0000] "GET /api/v1/articles?limit=6&sort=-createdAt&page=1 HTTP/1.0" 200 44348 "https://icareer.mn/" "Mozilla/5.0 (Windows NT 10.0; Win64; x64) AppleWebKit/537.36 (KHTML, like Gecko) Chrome/102.0.5005.61 Safari/537.36"
::ffff:127.0.0.1 - - [09/Jun/2022:15:42:38 +0000] "GET /upload/undefined HTTP/1.0" 404 155 "https://icareer.mn/" "Mozilla/5.0 (Windows NT 10.0; Win64; x64) AppleWebKit/537.36 (KHTML, like Gecko) Chrome/102.0.5005.61 Safari/537.36"
::1 - - [09/Jun/2022:15:42:38 +0000] "GET /api/v1/articles/62a2136d182f7ca23c90c6e1 HTTP/1.0" 200 8803 "https://icareer.mn/" "Mozilla/5.0 (Windows NT 10.0; Win64; x64) AppleWebKit/537.36 (KHTML, like Gecko) Chrome/102.0.5005.61 Safari/537.36"
::1 - - [09/Jun/2022:15:43:27 +0000] "GET /api/v1/articles?limit=3&sort=-createdAt HTTP/1.0" 200 25969 "https://icareer.mn/" "Mozilla/5.0 (Windows NT 10.0; Win64; x64) AppleWebKit/537.36 (KHTML, like Gecko) Chrome/102.0.5005.61 Safari/537.36"
::ffff:127.0.0.1 - - [09/Jun/2022:15:44:01 +0000] "GET /api/v1/articles?limit=6&sort=-createdAt&page=1 HTTP/1.0" 200 44389 "https://icareer.mn/" "Mozilla/5.0 (Windows NT 10.0; Win64; x64) AppleWebKit/537.36 (KHTML, like Gecko) Chrome/102.0.5005.61 Safari/537.36"
::ffff:127.0.0.1 - - [09/Jun/2022:15:44:02 +0000] "GET /upload/undefined HTTP/1.0" 404 155 "https://icareer.mn/" "Mozilla/5.0 (Windows NT 10.0; Win64; x64) AppleWebKit/537.36 (KHTML, like Gecko) Chrome/102.0.5005.61 Safari/537.36"
::1 - - [09/Jun/2022:15:44:02 +0000] "GET /api/v1/articles/62a2136d182f7ca23c90c6e1 HTTP/1.0" 200 8844 "https://icareer.mn/" "Mozilla/5.0 (Windows NT 10.0; Win64; x64) AppleWebKit/537.36 (KHTML, like Gecko) Chrome/102.0.5005.61 Safari/537.36"
::1 - - [09/Jun/2022:15:44:31 +0000] "GET /upload/photo_626a74fcc36872e4d55eb274.jpeg HTTP/1.0" 404 181 "https://icareer.mn/" "Mozilla/5.0 (Windows NT 10.0; Win64; x64) AppleWebKit/537.36 (KHTML, like Gecko) Chrome/102.0.5005.61 Safari/537.36"
::1 - - [09/Jun/2022:15:44:31 +0000] "GET /api/v1/articles/62a2136d182f7ca23c90c6e1 HTTP/1.0" 200 8803 "https://icareer.mn/" "Mozilla/5.0 (Windows NT 10.0; Win64; x64) AppleWebKit/537.36 (KHTML, like Gecko) Chrome/102.0.5005.61 Safari/537.36"
::ffff:127.0.0.1 - - [09/Jun/2022:15:44:31 +0000] "GET /upload/undefined HTTP/1.0" 404 155 "https://icareer.mn/" "Mozilla/5.0 (Windows NT 10.0; Win64; x64) AppleWebKit/537.36 (KHTML, like Gecko) Chrome/102.0.5005.61 Safari/537.36"
::1 - - [09/Jun/2022:15:50:45 +0000] "GET /upload/photo_626a74fcc36872e4d55eb274.jpeg HTTP/1.0" 404 181 "https://www.icareer.mn/" "Mozilla/5.0 (Windows NT 10.0; Win64; x64) AppleWebKit/537.36 (KHTML, like Gecko) Chrome/102.0.0.0 Safari/537.36"
::ffff:127.0.0.1 - - [09/Jun/2022:15:50:47 +0000] "GET /api/v1/articles?limit=3&sort=-createdAt HTTP/1.0" 200 25969 "https://www.icareer.mn/" "Mozilla/5.0 (Windows NT 10.0; Win64; x64) AppleWebKit/537.36 (KHTML, like Gecko) Chrome/102.0.0.0 Safari/537.36"
::1 - - [09/Jun/2022:15:50:52 +0000] "GET /api/v1/articles?limit=6&sort=-createdAt&page=1 HTTP/1.0" 200 44348 "https://www.icareer.mn/" "Mozilla/5.0 (Windows NT 10.0; Win64; x64) AppleWebKit/537.36 (KHTML, like Gecko) Chrome/102.0.0.0 Safari/537.36"
::ffff:127.0.0.1 - - [09/Jun/2022:15:50:57 +0000] "GET /upload/undefined HTTP/1.0" 404 155 "https://www.icareer.mn/" "Mozilla/5.0 (Windows NT 10.0; Win64; x64) AppleWebKit/537.36 (KHTML, like Gecko) Chrome/102.0.0.0 Safari/537.36"
::1 - - [09/Jun/2022:15:50:57 +0000] "GET /api/v1/articles/62a2136d182f7ca23c90c6e1 HTTP/1.0" 200 8803 "https://www.icareer.mn/" "Mozilla/5.0 (Windows NT 10.0; Win64; x64) AppleWebKit/537.36 (KHTML, like Gecko) Chrome/102.0.0.0 Safari/537.36"
::1 - - [09/Jun/2022:16:02:26 +0000] "GET /upload/photo_626a74fcc36872e4d55eb274.jpeg HTTP/1.0" 404 181 "https://icareer.mn/" "Mozilla/5.0 (Windows NT 10.0; Win64; x64) AppleWebKit/537.36 (KHTML, like Gecko) Chrome/102.0.5005.99 Safari/537.36"
::ffff:127.0.0.1 - - [09/Jun/2022:16:02:27 +0000] "GET /api/v1/articles?limit=3&sort=-createdAt HTTP/1.0" 200 25975 "https://icareer.mn/" "Mozilla/5.0 (Windows NT 10.0; Win64; x64) AppleWebKit/537.36 (KHTML, like Gecko) Chrome/102.0.5005.99 Safari/537.36"
::ffff:127.0.0.1 - - [09/Jun/2022:16:02:28 +0000] "GET /api/v1/articles?limit=6&sort=-createdAt&page=1 HTTP/1.0" 200 44354 "https://icareer.mn/" "Mozilla/5.0 (Windows NT 10.0; Win64; x64) AppleWebKit/537.36 (KHTML, like Gecko) Chrome/102.0.5005.99 Safari/537.36"
::ffff:127.0.0.1 - - [09/Jun/2022:16:02:30 +0000] "GET /upload/undefined HTTP/1.0" 404 155 "https://icareer.mn/" "Mozilla/5.0 (Windows NT 10.0; Win64; x64) AppleWebKit/537.36 (KHTML, like Gecko) Chrome/102.0.5005.99 Safari/537.36"
::1 - - [09/Jun/2022:16:02:30 +0000] "GET /api/v1/articles/62a2136d182f7ca23c90c6e1 HTTP/1.0" 200 8809 "https://icareer.mn/" "Mozilla/5.0 (Windows NT 10.0; Win64; x64) AppleWebKit/537.36 (KHTML, like Gecko) Chrome/102.0.5005.99 Safari/537.36"
::1 - - [09/Jun/2022:16:04:34 +0000] "GET /upload/photo_626a74fcc36872e4d55eb274.jpeg HTTP/1.0" 404 181 "https://icareer.mn/" "Mozilla/5.0 (Windows NT 10.0; Win64; x64) AppleWebKit/537.36 (KHTML, like Gecko) Chrome/102.0.5005.99 Safari/537.36"
::ffff:127.0.0.1 - - [09/Jun/2022:16:04:34 +0000] "GET /upload/undefined HTTP/1.0" 404 155 "https://icareer.mn/" "Mozilla/5.0 (Windows NT 10.0; Win64; x64) AppleWebKit/537.36 (KHTML, like Gecko) Chrome/102.0.5005.99 Safari/537.36"
::ffff:127.0.0.1 - - [09/Jun/2022:16:04:35 +0000] "GET /api/v1/articles/62a2136d182f7ca23c90c6e1 HTTP/1.0" 200 8888 "https://icareer.mn/" "Mozilla/5.0 (Windows NT 10.0; Win64; x64) AppleWebKit/537.36 (KHTML, like Gecko) Chrome/102.0.5005.99 Safari/537.36"
::1 - - [09/Jun/2022:16:06:42 +0000] "GET /upload/undefined HTTP/1.0" 404 155 "https://icareer.mn/" "Mozilla/5.0 (Windows NT 10.0; Win64; x64) AppleWebKit/537.36 (KHTML, like Gecko) Chrome/102.0.5005.99 Safari/537.36"
::ffff:127.0.0.1 - - [09/Jun/2022:16:06:42 +0000] "GET /upload/photo_626a74fcc36872e4d55eb274.jpeg HTTP/1.0" 404 181 "https://icareer.mn/" "Mozilla/5.0 (Windows NT 10.0; Win64; x64) AppleWebKit/537.36 (KHTML, like Gecko) Chrome/102.0.5005.99 Safari/537.36"
::1 - - [09/Jun/2022:16:06:42 +0000] "GET /api/v1/articles/62a2136d182f7ca23c90c6e1 HTTP/1.0" 200 8955 "https://icareer.mn/" "Mozilla/5.0 (Windows NT 10.0; Win64; x64) AppleWebKit/537.36 (KHTML, like Gecko) Chrome/102.0.5005.99 Safari/537.36"
::ffff:127.0.0.1 - - [09/Jun/2022:16:07:33 +0000] "GET /upload/photo_626a74fcc36872e4d55eb274.jpeg HTTP/1.0" 404 181 "https://icareer.mn/" "Mozilla/5.0 (iPhone; CPU iPhone OS 14_3 like Mac OS X) AppleWebKit/605.1.15 (KHTML, like Gecko) Version/14.0.2 Mobile/15E148 Safari/604.1"
::1 - - [09/Jun/2022:16:07:33 +0000] "GET /api/v1/articles?limit=3&sort=-createdAt HTTP/1.0" 200 26121 "https://icareer.mn/" "Mozilla/5.0 (iPhone; CPU iPhone OS 14_3 like Mac OS X) AppleWebKit/605.1.15 (KHTML, like Gecko) Version/14.0.2 Mobile/15E148 Safari/604.1"
::1 - - [09/Jun/2022:16:07:37 +0000] "GET /api/v1/articles?limit=6&sort=-createdAt&page=1 HTTP/1.0" 200 44500 "https://icareer.mn/" "Mozilla/5.0 (iPhone; CPU iPhone OS 14_3 like Mac OS X) AppleWebKit/605.1.15 (KHTML, like Gecko) Version/14.0.2 Mobile/15E148 Safari/604.1"
::ffff:127.0.0.1 - - [09/Jun/2022:16:07:51 +0000] "GET /upload/undefined HTTP/1.0" 404 155 "https://icareer.mn/" "Mozilla/5.0 (iPhone; CPU iPhone OS 14_3 like Mac OS X) AppleWebKit/605.1.15 (KHTML, like Gecko) Version/14.0.2 Mobile/15E148 Safari/604.1"
::1 - - [09/Jun/2022:16:07:51 +0000] "GET /api/v1/articles/62a2136d182f7ca23c90c6e1 HTTP/1.0" 200 8955 "https://icareer.mn/" "Mozilla/5.0 (iPhone; CPU iPhone OS 14_3 like Mac OS X) AppleWebKit/605.1.15 (KHTML, like Gecko) Version/14.0.2 Mobile/15E148 Safari/604.1"
::ffff:127.0.0.1 - - [09/Jun/2022:16:11:37 +0000] "GET /upload/photo_626a74fcc36872e4d55eb274.jpeg HTTP/1.0" 404 181 "https://icareer.mn/" "Mozilla/5.0 (Windows NT 10.0; Win64; x64) AppleWebKit/537.36 (KHTML, like Gecko) Chrome/102.0.5005.99 Safari/537.36"
::ffff:127.0.0.1 - - [09/Jun/2022:16:11:37 +0000] "GET /api/v1/articles?limit=3&sort=-createdAt HTTP/1.0" 200 26121 "https://icareer.mn/" "Mozilla/5.0 (Windows NT 10.0; Win64; x64) AppleWebKit/537.36 (KHTML, like Gecko) Chrome/102.0.5005.99 Safari/537.36"
::ffff:127.0.0.1 - - [09/Jun/2022:16:11:40 +0000] "GET /api/v1/articles?limit=6&sort=-createdAt&page=1 HTTP/1.0" 200 44500 "https://icareer.mn/" "Mozilla/5.0 (Windows NT 10.0; Win64; x64) AppleWebKit/537.36 (KHTML, like Gecko) Chrome/102.0.5005.99 Safari/537.36"
::1 - - [09/Jun/2022:16:12:38 +0000] "GET /api/v1/articles?limit=6&sort=-createdAt&page=1 HTTP/1.0" 304 - "https://icareer.mn/" "Mozilla/5.0 (Windows NT 10.0; Win64; x64) AppleWebKit/537.36 (KHTML, like Gecko) Chrome/102.0.5005.99 Safari/537.36"
::1 - - [09/Jun/2022:16:12:40 +0000] "GET /api/v1/articles?limit=3&sort=-createdAt HTTP/1.0" 304 - "https://icareer.mn/" "Mozilla/5.0 (Windows NT 10.0; Win64; x64) AppleWebKit/537.36 (KHTML, like Gecko) Chrome/102.0.5005.99 Safari/537.36"
::ffff:127.0.0.1 - - [09/Jun/2022:16:12:42 +0000] "GET /api/v1/articles?limit=6&sort=-createdAt&page=1 HTTP/1.0" 304 - "https://icareer.mn/" "Mozilla/5.0 (Windows NT 10.0; Win64; x64) AppleWebKit/537.36 (KHTML, like Gecko) Chrome/102.0.5005.99 Safari/537.36"
::1 - - [09/Jun/2022:16:12:43 +0000] "GET /upload/undefined HTTP/1.0" 404 155 "https://icareer.mn/" "Mozilla/5.0 (Windows NT 10.0; Win64; x64) AppleWebKit/537.36 (KHTML, like Gecko) Chrome/102.0.5005.99 Safari/537.36"
::1 - - [09/Jun/2022:16:12:43 +0000] "GET /api/v1/articles/62a2136d182f7ca23c90c6e1 HTTP/1.0" 200 8955 "https://icareer.mn/" "Mozilla/5.0 (Windows NT 10.0; Win64; x64) AppleWebKit/537.36 (KHTML, like Gecko) Chrome/102.0.5005.99 Safari/537.36"
::1 - - [09/Jun/2022:16:13:35 +0000] "GET /upload/undefined HTTP/1.0" 404 155 "https://icareer.mn/" "Mozilla/5.0 (Windows NT 10.0; Win64; x64) AppleWebKit/537.36 (KHTML, like Gecko) Chrome/102.0.5005.99 Safari/537.36"
::ffff:127.0.0.1 - - [09/Jun/2022:16:13:35 +0000] "GET /api/v1/articles/62a2136d182f7ca23c90c6e1 HTTP/1.0" 200 8955 "https://icareer.mn/" "Mozilla/5.0 (Windows NT 10.0; Win64; x64) AppleWebKit/537.36 (KHTML, like Gecko) Chrome/102.0.5005.99 Safari/537.36"
::1 - - [09/Jun/2022:16:15:07 +0000] "GET /api/v1/articles?limit=3&sort=-createdAt HTTP/1.0" 200 26121 "https://icareer.mn/" "Mozilla/5.0 (iPhone; CPU iPhone OS 15_5 like Mac OS X) AppleWebKit/605.1.15 (KHTML, like Gecko) Version/15.5 Mobile/15E148 Safari/604.1"
::1 - - [09/Jun/2022:16:15:11 +0000] "GET /api/v1/articles?limit=6&sort=-createdAt&page=1 HTTP/1.0" 200 44500 "https://icareer.mn/" "Mozilla/5.0 (iPhone; CPU iPhone OS 15_5 like Mac OS X) AppleWebKit/605.1.15 (KHTML, like Gecko) Version/15.5 Mobile/15E148 Safari/604.1"
::ffff:127.0.0.1 - - [09/Jun/2022:16:15:15 +0000] "GET /upload/undefined HTTP/1.0" 404 155 "https://icareer.mn/" "Mozilla/5.0 (iPhone; CPU iPhone OS 15_5 like Mac OS X) AppleWebKit/605.1.15 (KHTML, like Gecko) Version/15.5 Mobile/15E148 Safari/604.1"
::1 - - [09/Jun/2022:16:15:15 +0000] "GET /api/v1/articles/62a2136d182f7ca23c90c6e1 HTTP/1.0" 200 8955 "https://icareer.mn/" "Mozilla/5.0 (iPhone; CPU iPhone OS 15_5 like Mac OS X) AppleWebKit/605.1.15 (KHTML, like Gecko) Version/15.5 Mobile/15E148 Safari/604.1"
::ffff:127.0.0.1 - - [09/Jun/2022:16:16:11 +0000] "GET /upload/undefined HTTP/1.0" 404 155 "https://icareer.mn/" "Mozilla/5.0 (Windows NT 10.0; Win64; x64) AppleWebKit/537.36 (KHTML, like Gecko) Chrome/102.0.5005.99 Safari/537.36"
::ffff:127.0.0.1 - - [09/Jun/2022:16:16:11 +0000] "GET /api/v1/articles/62a2136d182f7ca23c90c6e1 HTTP/1.0" 200 8955 "https://icareer.mn/" "Mozilla/5.0 (Windows NT 10.0; Win64; x64) AppleWebKit/537.36 (KHTML, like Gecko) Chrome/102.0.5005.99 Safari/537.36"
::ffff:127.0.0.1 - - [09/Jun/2022:16:17:11 +0000] "GET /upload/undefined HTTP/1.0" 404 155 "https://icareer.mn/" "Mozilla/5.0 (Windows NT 10.0; Win64; x64) AppleWebKit/537.36 (KHTML, like Gecko) Chrome/102.0.5005.99 Safari/537.36"
::1 - - [09/Jun/2022:16:17:11 +0000] "GET /api/v1/articles/62a2136d182f7ca23c90c6e1 HTTP/1.0" 200 8955 "https://icareer.mn/" "Mozilla/5.0 (Windows NT 10.0; Win64; x64) AppleWebKit/537.36 (KHTML, like Gecko) Chrome/102.0.5005.99 Safari/537.36"
::1 - - [09/Jun/2022:16:17:27 +0000] "GET /api/v1/articles?limit=6&sort=-createdAt&page=1 HTTP/1.0" 200 44500 "https://icareer.mn/" "Mozilla/5.0 (Windows NT 10.0; Win64; x64) AppleWebKit/537.36 (KHTML, like Gecko) Chrome/102.0.5005.99 Safari/537.36"
::ffff:127.0.0.1 - - [09/Jun/2022:16:17:29 +0000] "GET /upload/undefined HTTP/1.0" 404 155 "https://icareer.mn/" "Mozilla/5.0 (Windows NT 10.0; Win64; x64) AppleWebKit/537.36 (KHTML, like Gecko) Chrome/102.0.5005.99 Safari/537.36"
::1 - - [09/Jun/2022:16:17:29 +0000] "GET /api/v1/articles/62a2136d182f7ca23c90c6e1 HTTP/1.0" 200 8955 "https://icareer.mn/" "Mozilla/5.0 (Windows NT 10.0; Win64; x64) AppleWebKit/537.36 (KHTML, like Gecko) Chrome/102.0.5005.99 Safari/537.36"
::1 - - [09/Jun/2022:16:19:13 +0000] "GET /api/v1/articles?limit=3&sort=-createdAt HTTP/1.0" 200 26121 "http://localhost:3005/" "Mozilla/5.0 (Windows NT 10.0; Win64; x64) AppleWebKit/537.36 (KHTML, like Gecko) Chrome/102.0.5005.99 Safari/537.36"
::ffff:127.0.0.1 - - [09/Jun/2022:16:19:15 +0000] "GET /api/v1/articles?limit=6&sort=-createdAt&page=1 HTTP/1.0" 200 44500 "http://localhost:3005/" "Mozilla/5.0 (Windows NT 10.0; Win64; x64) AppleWebKit/537.36 (KHTML, like Gecko) Chrome/102.0.5005.99 Safari/537.36"
::1 - - [09/Jun/2022:16:19:16 +0000] "GET /upload/undefined HTTP/1.0" 404 155 "http://localhost:3005/" "Mozilla/5.0 (Windows NT 10.0; Win64; x64) AppleWebKit/537.36 (KHTML, like Gecko) Chrome/102.0.5005.99 Safari/537.36"
::ffff:127.0.0.1 - - [09/Jun/2022:16:19:16 +0000] "GET /api/v1/articles/62a2136d182f7ca23c90c6e1 HTTP/1.0" 200 8955 "http://localhost:3005/" "Mozilla/5.0 (Windows NT 10.0; Win64; x64) AppleWebKit/537.36 (KHTML, like Gecko) Chrome/102.0.5005.99 Safari/537.36"
::ffff:127.0.0.1 - - [09/Jun/2022:16:19:32 +0000] "GET /upload/photo_626a74fcc36872e4d55eb274.jpeg HTTP/1.0" 404 181 "https://icareer.mn/" "Mozilla/5.0 (Windows NT 10.0; Win64; x64) AppleWebKit/537.36 (KHTML, like Gecko) Chrome/102.0.5005.99 Safari/537.36"
::1 - - [09/Jun/2022:16:19:32 +0000] "GET /api/v1/articles?limit=3&sort=-createdAt HTTP/1.0" 200 26121 "https://icareer.mn/" "Mozilla/5.0 (Windows NT 10.0; Win64; x64) AppleWebKit/537.36 (KHTML, like Gecko) Chrome/102.0.5005.99 Safari/537.36"
::1 - - [09/Jun/2022:16:19:34 +0000] "GET /api/v1/articles?limit=6&sort=-createdAt&page=1 HTTP/1.0" 200 44500 "https://icareer.mn/" "Mozilla/5.0 (Windows NT 10.0; Win64; x64) AppleWebKit/537.36 (KHTML, like Gecko) Chrome/102.0.5005.99 Safari/537.36"
::ffff:127.0.0.1 - - [09/Jun/2022:16:19:35 +0000] "GET /upload/undefined HTTP/1.0" 404 155 "https://icareer.mn/" "Mozilla/5.0 (Windows NT 10.0; Win64; x64) AppleWebKit/537.36 (KHTML, like Gecko) Chrome/102.0.5005.99 Safari/537.36"
::1 - - [09/Jun/2022:16:19:36 +0000] "GET /api/v1/articles/62a2136d182f7ca23c90c6e1 HTTP/1.0" 200 8955 "https://icareer.mn/" "Mozilla/5.0 (Windows NT 10.0; Win64; x64) AppleWebKit/537.36 (KHTML, like Gecko) Chrome/102.0.5005.99 Safari/537.36"
::1 - - [09/Jun/2022:16:20:18 +0000] "GET /api/v1/articles?limit=6&sort=-createdAt&page=1 HTTP/1.0" 200 44500 "http://localhost:3005/" "Mozilla/5.0 (Windows NT 10.0; Win64; x64) AppleWebKit/537.36 (KHTML, like Gecko) Chrome/102.0.5005.99 Safari/537.36"
::ffff:127.0.0.1 - - [09/Jun/2022:16:20:23 +0000] "GET /api/v1/articles?limit=6&sort=-createdAt&page=1 HTTP/1.0" 304 - "http://localhost:3005/" "Mozilla/5.0 (Windows NT 10.0; Win64; x64) AppleWebKit/537.36 (KHTML, like Gecko) Chrome/102.0.5005.99 Safari/537.36"
::1 - - [09/Jun/2022:16:20:24 +0000] "GET /upload/undefined HTTP/1.0" 404 155 "http://localhost:3005/" "Mozilla/5.0 (Windows NT 10.0; Win64; x64) AppleWebKit/537.36 (KHTML, like Gecko) Chrome/102.0.5005.99 Safari/537.36"
::ffff:127.0.0.1 - - [09/Jun/2022:16:20:24 +0000] "GET /api/v1/articles/62a2136d182f7ca23c90c6e1 HTTP/1.0" 200 8955 "http://localhost:3005/" "Mozilla/5.0 (Windows NT 10.0; Win64; x64) AppleWebKit/537.36 (KHTML, like Gecko) Chrome/102.0.5005.99 Safari/537.36"
::1 - - [09/Jun/2022:16:20:46 +0000] "GET /api/v1/articles?limit=6&sort=-createdAt&page=1 HTTP/1.0" 200 44500 "http://localhost:3005/" "Mozilla/5.0 (Windows NT 10.0; Win64; x64) AppleWebKit/537.36 (KHTML, like Gecko) Chrome/102.0.5005.99 Safari/537.36"
::ffff:127.0.0.1 - - [09/Jun/2022:16:20:50 +0000] "GET /api/v1/articles?limit=6&sort=-createdAt&page=2 HTTP/1.0" 200 12520 "http://localhost:3005/" "Mozilla/5.0 (Windows NT 10.0; Win64; x64) AppleWebKit/537.36 (KHTML, like Gecko) Chrome/102.0.5005.99 Safari/537.36"
::1 - - [09/Jun/2022:16:21:02 +0000] "GET /api/v1/articles?limit=6&sort=-createdAt&page=1 HTTP/1.0" 304 - "http://localhost:3005/" "Mozilla/5.0 (Windows NT 10.0; Win64; x64) AppleWebKit/537.36 (KHTML, like Gecko) Chrome/102.0.5005.99 Safari/537.36"
::1 - - [09/Jun/2022:16:21:06 +0000] "GET /upload/undefined HTTP/1.0" 404 155 "http://localhost:3005/" "Mozilla/5.0 (Windows NT 10.0; Win64; x64) AppleWebKit/537.36 (KHTML, like Gecko) Chrome/102.0.5005.99 Safari/537.36"
::ffff:127.0.0.1 - - [09/Jun/2022:16:21:06 +0000] "GET /api/v1/articles/62a2136d182f7ca23c90c6e1 HTTP/1.0" 200 8955 "http://localhost:3005/" "Mozilla/5.0 (Windows NT 10.0; Win64; x64) AppleWebKit/537.36 (KHTML, like Gecko) Chrome/102.0.5005.99 Safari/537.36"
::1 - - [09/Jun/2022:16:21:11 +0000] "GET /api/v1/articles?limit=6&sort=-createdAt&page=1 HTTP/1.0" 200 44500 "https://icareer.mn/" "Mozilla/5.0 (Windows NT 10.0; Win64; x64) AppleWebKit/537.36 (KHTML, like Gecko) Chrome/102.0.5005.99 Safari/537.36"
::ffff:127.0.0.1 - - [09/Jun/2022:16:21:12 +0000] "GET /upload/undefined HTTP/1.0" 404 155 "https://icareer.mn/" "Mozilla/5.0 (Windows NT 10.0; Win64; x64) AppleWebKit/537.36 (KHTML, like Gecko) Chrome/102.0.5005.99 Safari/537.36"
::1 - - [09/Jun/2022:16:21:13 +0000] "GET /api/v1/articles/62a2136d182f7ca23c90c6e1 HTTP/1.0" 200 8955 "https://icareer.mn/" "Mozilla/5.0 (Windows NT 10.0; Win64; x64) AppleWebKit/537.36 (KHTML, like Gecko) Chrome/102.0.5005.99 Safari/537.36"
::1 - - [09/Jun/2022:16:24:01 +0000] "GET /upload/photo_626a74fcc36872e4d55eb274.jpeg HTTP/1.0" 404 181 "https://icareer.mn/" "Mozilla/5.0 (Windows NT 10.0; Win64; x64) AppleWebKit/537.36 (KHTML, like Gecko) Chrome/102.0.5005.99 Safari/537.36"
::ffff:127.0.0.1 - - [09/Jun/2022:16:24:01 +0000] "GET /api/v1/articles?limit=3&sort=-createdAt HTTP/1.0" 200 26121 "https://icareer.mn/" "Mozilla/5.0 (Windows NT 10.0; Win64; x64) AppleWebKit/537.36 (KHTML, like Gecko) Chrome/102.0.5005.99 Safari/537.36"
::ffff:127.0.0.1 - - [09/Jun/2022:16:24:09 +0000] "GET /api/v1/articles?limit=6&sort=-createdAt&page=1 HTTP/1.0" 200 44500 "https://icareer.mn/" "Mozilla/5.0 (Windows NT 10.0; Win64; x64) AppleWebKit/537.36 (KHTML, like Gecko) Chrome/102.0.5005.99 Safari/537.36"
::1 - - [09/Jun/2022:16:24:17 +0000] "GET /upload/undefined HTTP/1.0" 404 155 "https://icareer.mn/" "Mozilla/5.0 (Windows NT 10.0; Win64; x64) AppleWebKit/537.36 (KHTML, like Gecko) Chrome/102.0.5005.99 Safari/537.36"
::ffff:127.0.0.1 - - [09/Jun/2022:16:24:17 +0000] "GET /api/v1/articles/62a2136d182f7ca23c90c6e1 HTTP/1.0" 200 8955 "https://icareer.mn/" "Mozilla/5.0 (Windows NT 10.0; Win64; x64) AppleWebKit/537.36 (KHTML, like Gecko) Chrome/102.0.5005.99 Safari/537.36"
::ffff:127.0.0.1 - - [09/Jun/2022:16:51:13 +0000] "GET /api/v1/users/undefined HTTP/1.0" 500 250 "-" "Career%20developer/1.0.6 CFNetwork/1197 Darwin/20.0.0"
::1 - - [09/Jun/2022:16:51:13 +0000] "GET /api/v1/bolors HTTP/1.0" 200 19139 "-" "Career%20developer/1.0.6 CFNetwork/1197 Darwin/20.0.0"
::ffff:127.0.0.1 - - [09/Jun/2022:16:51:13 +0000] "GET /api/v1/odkos HTTP/1.0" 200 10198 "-" "Career%20developer/1.0.6 CFNetwork/1197 Darwin/20.0.0"
::ffff:127.0.0.1 - - [09/Jun/2022:16:51:13 +0000] "GET /api/v1/ariunzayas HTTP/1.0" 200 19072 "-" "Career%20developer/1.0.6 CFNetwork/1197 Darwin/20.0.0"
::1 - - [09/Jun/2022:16:51:13 +0000] "GET /api/v1/binances HTTP/1.0" 200 19696 "-" "Career%20developer/1.0.6 CFNetwork/1197 Darwin/20.0.0"
::1 - - [09/Jun/2022:16:51:14 +0000] "GET /api/v1/tops HTTP/1.0" 200 4811 "-" "Career%20developer/1.0.6 CFNetwork/1197 Darwin/20.0.0"
::ffff:127.0.0.1 - - [09/Jun/2022:16:51:14 +0000] "GET /api/v1/technos HTTP/1.0" 200 16321 "-" "Career%20developer/1.0.6 CFNetwork/1197 Darwin/20.0.0"
::1 - - [09/Jun/2022:16:51:14 +0000] "GET /api/v1/coins HTTP/1.0" 200 12866 "-" "Career%20developer/1.0.6 CFNetwork/1197 Darwin/20.0.0"
::ffff:127.0.0.1 - - [09/Jun/2022:16:51:14 +0000] "GET /api/v1/binances HTTP/1.0" 200 19696 "-" "Career%20developer/1.0.6 CFNetwork/1197 Darwin/20.0.0"
::1 - - [09/Jun/2022:16:51:14 +0000] "GET /api/v1/baykas HTTP/1.0" 200 28804 "-" "Career%20developer/1.0.6 CFNetwork/1197 Darwin/20.0.0"
::ffff:127.0.0.1 - - [09/Jun/2022:16:51:14 +0000] "GET /api/v1/ariunzayas HTTP/1.0" 200 19072 "-" "Career%20developer/1.0.6 CFNetwork/1197 Darwin/20.0.0"
::1 - - [09/Jun/2022:16:51:14 +0000] "GET /api/v1/bolors HTTP/1.0" 200 19139 "-" "Career%20developer/1.0.6 CFNetwork/1197 Darwin/20.0.0"
::ffff:127.0.0.1 - - [09/Jun/2022:16:51:14 +0000] "GET /api/v1/bataas HTTP/1.0" 200 17214 "-" "Career%20developer/1.0.6 CFNetwork/1197 Darwin/20.0.0"
::1 - - [09/Jun/2022:16:51:14 +0000] "GET /api/v1/deegiis HTTP/1.0" 200 15902 "-" "Career%20developer/1.0.6 CFNetwork/1197 Darwin/20.0.0"
::ffff:127.0.0.1 - - [09/Jun/2022:16:51:14 +0000] "GET /api/v1/odkos HTTP/1.0" 200 10198 "-" "Career%20developer/1.0.6 CFNetwork/1197 Darwin/20.0.0"
::1 - - [09/Jun/2022:16:51:14 +0000] "GET /api/v1/works?select=createdAt&sort=-createdAt&limit=1 HTTP/1.0" 200 237 "-" "Career%20developer/1.0.6 CFNetwork/1197 Darwin/20.0.0"
::ffff:127.0.0.1 - - [09/Jun/2022:16:51:14 +0000] "GET /api/v1/headerBanners?limit=10 HTTP/1.0" 304 - "-" "Career%20developer/1.0.6 CFNetwork/1197 Darwin/20.0.0"
::ffff:127.0.0.1 - - [09/Jun/2022:16:51:15 +0000] "GET /api/v1/works?limit=100 HTTP/1.0" 200 12003 "-" "Career%20developer/1.0.6 CFNetwork/1197 Darwin/20.0.0"
::1 - - [09/Jun/2022:16:51:15 +0000] "GET /api/v1/magazines?limit=50 HTTP/1.0" 200 194113 "-" "Career%20developer/1.0.6 CFNetwork/1197 Darwin/20.0.0"
::ffff:127.0.0.1 - - [09/Jun/2022:16:51:36 +0000] "GET /api/v1/users/undefined HTTP/1.0" 500 250 "-" "Career%20developer/1.0.6 CFNetwork/1197 Darwin/20.0.0"
::1 - - [09/Jun/2022:16:51:36 +0000] "GET /api/v1/binances/6242b7d71aaad439817a4c5e HTTP/1.0" 200 19617 "-" "Career%20developer/1.0.6 CFNetwork/1197 Darwin/20.0.0"
::1 - - [09/Jun/2022:16:51:53 +0000] "GET /api/v1/users/undefined HTTP/1.0" 500 250 "-" "Career%20developer/1.0.6 CFNetwork/1197 Darwin/20.0.0"
::1 - - [09/Jun/2022:16:51:58 +0000] "GET /api/v1/users/undefined HTTP/1.0" 500 250 "-" "Career%20developer/1.0.6 CFNetwork/1197 Darwin/20.0.0"
::ffff:127.0.0.1 - - [09/Jun/2022:16:51:58 +0000] "GET /api/v1/works?limit=100 HTTP/1.0" 304 - "-" "Career%20developer/1.0.6 CFNetwork/1197 Darwin/20.0.0"
::ffff:127.0.0.1 - - [09/Jun/2022:16:51:59 +0000] "GET /upload/work__627e2255c36872e4d55f0d43.png HTTP/1.0" 404 180 "-" "Career%20developer/1.0.6 CFNetwork/1197 Darwin/20.0.0"
::1 - - [09/Jun/2022:16:51:59 +0000] "GET /upload/work__627e2a3bc36872e4d55f0dcc.png HTTP/1.0" 404 180 "-" "Career%20developer/1.0.6 CFNetwork/1197 Darwin/20.0.0"
::ffff:127.0.0.1 - - [09/Jun/2022:16:51:59 +0000] "GET /upload/work__627e242cc36872e4d55f0d4c.jpg HTTP/1.0" 404 180 "-" "Career%20developer/1.0.6 CFNetwork/1197 Darwin/20.0.0"
::1 - - [09/Jun/2022:16:51:59 +0000] "GET /upload/work__627e1ee4c36872e4d55f0d03.jpg HTTP/1.0" 404 180 "-" "Career%20developer/1.0.6 CFNetwork/1197 Darwin/20.0.0"
::1 - - [09/Jun/2022:16:51:59 +0000] "GET /upload/work__627e2b6fc36872e4d55f0dfe.png HTTP/1.0" 404 180 "-" "Career%20developer/1.0.6 CFNetwork/1197 Darwin/20.0.0"
::ffff:127.0.0.1 - - [09/Jun/2022:16:51:59 +0000] "GET /upload/work__627e2adec36872e4d55f0dd2.jpg HTTP/1.0" 404 180 "-" "Career%20developer/1.0.6 CFNetwork/1197 Darwin/20.0.0"
::1 - - [09/Jun/2022:16:51:59 +0000] "GET /upload/work__627e27d7c36872e4d55f0d7d.png HTTP/1.0" 404 180 "-" "Career%20developer/1.0.6 CFNetwork/1197 Darwin/20.0.0"
::ffff:127.0.0.1 - - [09/Jun/2022:16:51:59 +0000] "GET /upload/work__627e214dc36872e4d55f0d15.jpg HTTP/1.0" 404 180 "-" "Career%20developer/1.0.6 CFNetwork/1197 Darwin/20.0.0"
::1 - - [09/Jun/2022:16:51:59 +0000] "GET /upload/work__627e28a7c36872e4d55f0d83.jpg HTTP/1.0" 404 180 "-" "Career%20developer/1.0.6 CFNetwork/1197 Darwin/20.0.0"
::ffff:127.0.0.1 - - [09/Jun/2022:16:51:59 +0000] "GET /upload/work__627e1d1ac36872e4d55f0cee.png HTTP/1.0" 404 180 "-" "Career%20developer/1.0.6 CFNetwork/1197 Darwin/20.0.0"
::1 - - [09/Jun/2022:16:51:59 +0000] "GET /upload/work__62738134c36872e4d55eec4e.jpg HTTP/1.0" 404 180 "-" "Career%20developer/1.0.6 CFNetwork/1197 Darwin/20.0.0"
::ffff:127.0.0.1 - - [09/Jun/2022:16:51:59 +0000] "GET /upload/work__627e2c22c36872e4d55f0e04.jpg HTTP/1.0" 404 180 "-" "Career%20developer/1.0.6 CFNetwork/1197 Darwin/20.0.0"
::1 - - [09/Jun/2022:16:51:59 +0000] "GET /upload/work__627e1fb1c36872e4d55f0d0c.jpg HTTP/1.0" 404 180 "-" "Career%20developer/1.0.6 CFNetwork/1197 Darwin/20.0.0"
::1 - - [09/Jun/2022:16:55:41 +0000] "GET /api/v1/users/undefined HTTP/1.0" 500 250 "-" "Career%20developer/1.0.6 CFNetwork/1197 Darwin/20.0.0"
::ffff:127.0.0.1 - - [09/Jun/2022:17:23:14 +0000] "GET /api/v1/webworks?limit=10 HTTP/1.0" 200 792 "http://www.ihelp.mn/" "Mozilla/5.0 (Linux; Android 9; SM-N950U Build/PPR1.180610.011; wv) AppleWebKit/537.36 (KHTML, like Gecko) Version/4.0 Chrome/102.0.5005.78 Mobile Safari/537.36 [FB_IAB/FB4A;FBAV/369.0.0.18.103;]"
::1 - - [09/Jun/2022:17:23:14 +0000] "GET /upload/webwork__627e1aa7c36872e4d55f0cbf.jpg HTTP/1.0" 404 183 "http://www.ihelp.mn/" "Mozilla/5.0 (Linux; Android 9; SM-N950U Build/PPR1.180610.011; wv) AppleWebKit/537.36 (KHTML, like Gecko) Version/4.0 Chrome/102.0.5005.78 Mobile Safari/537.36 [FB_IAB/FB4A;FBAV/369.0.0.18.103;]"
::ffff:127.0.0.1 - - [09/Jun/2022:18:10:09 +0000] "GET /upload/undefined HTTP/1.0" 404 155 "https://icareer.mn/" "Mozilla/5.0 (iPhone; CPU iPhone OS 15_5 like Mac OS X) AppleWebKit/605.1.15 (KHTML, like Gecko) Version/15.5 Mobile/15E148 Safari/604.1"
::1 - - [09/Jun/2022:18:49:04 +0000] "GET /upload/undefined HTTP/1.0" 404 155 "https://icareer.mn/" "Mozilla/5.0 (iPhone; CPU iPhone OS 15_5 like Mac OS X) AppleWebKit/605.1.15 (KHTML, like Gecko) Version/15.5 Mobile/15E148 Safari/604.1"
::ffff:127.0.0.1 - - [09/Jun/2022:19:06:41 +0000] "GET /owa/auth/logon.aspx HTTP/1.0" 404 158 "-" "Mozilla/5.0 zgrab/0.x"
::1 - - [09/Jun/2022:19:07:16 +0000] "GET /owa/auth/x.js HTTP/1.0" 404 152 "-" "Mozilla/5.0 zgrab/0.x"
::ffff:127.0.0.1 - - [09/Jun/2022:19:07:28 +0000] "GET /ecp/Current/exporttool/microsoft.exchange.ediscovery.exporttool.application HTTP/1.0" 404 214 "-" "Mozilla/5.0 zgrab/0.x"
::1 - - [09/Jun/2022:20:01:24 +0000] "GET /robots.txt HTTP/1.0" 404 149 "-" "Mozilla/5.0 (compatible; AhrefsBot/7.0; +http://ahrefs.com/robot/)"
::ffff:127.0.0.1 - - [09/Jun/2022:20:48:40 +0000] "GET /robots.txt HTTP/1.0" 404 149 "-" "Mozilla/5.0 (compatible; AhrefsBot/7.0; +http://ahrefs.com/robot/)"
::1 - - [09/Jun/2022:20:51:18 +0000] "GET /robots.txt HTTP/1.0" 404 149 "-" "Mozilla/5.0 (compatible; bingbot/2.0; +http://www.bing.com/bingbot.htm)"
::1 - - [09/Jun/2022:23:26:44 +0000] "GET /actuator/health HTTP/1.0" 404 154 "-" "Mozilla/5.0 zgrab/0.x"
