::ffff:192.168.1.66 - - [23/Mar/2022:16:37:54 +0000] "GET /api/v1/odkos HTTP/1.1" 200 10198 "-" "Expo/2.23.2.1013698 CFNetwork/1329 Darwin/21.3.0"
::ffff:192.168.1.66 - - [23/Mar/2022:16:37:54 +0000] "GET /api/v1/tops HTTP/1.1" 200 4809 "-" "Expo/2.23.2.1013698 CFNetwork/1329 Darwin/21.3.0"
::ffff:192.168.1.66 - - [23/Mar/2022:16:37:54 +0000] "GET /api/v1/notifications HTTP/1.1" 500 92 "-" "Expo/2.23.2.1013698 CFNetwork/1329 Darwin/21.3.0"
::ffff:192.168.1.66 - - [23/Mar/2022:16:37:54 +0000] "GET /api/v1/ariunzayas HTTP/1.1" 200 19070 "-" "Expo/2.23.2.1013698 CFNetwork/1329 Darwin/21.3.0"
::ffff:192.168.1.66 - - [23/Mar/2022:16:37:54 +0000] "GET /api/v1/bolors HTTP/1.1" 200 19137 "-" "Expo/2.23.2.1013698 CFNetwork/1329 Darwin/21.3.0"
::ffff:192.168.1.66 - - [23/Mar/2022:16:37:54 +0000] "GET /api/v1/technos HTTP/1.1" 200 16320 "-" "Expo/2.23.2.1013698 CFNetwork/1329 Darwin/21.3.0"
::ffff:192.168.1.66 - - [23/Mar/2022:16:37:54 +0000] "GET /api/v1/coins HTTP/1.1" 200 12864 "-" "Expo/2.23.2.1013698 CFNetwork/1329 Darwin/21.3.0"
::ffff:192.168.1.66 - - [23/Mar/2022:16:37:54 +0000] "GET /api/v1/baykas HTTP/1.1" 200 28802 "-" "Expo/2.23.2.1013698 CFNetwork/1329 Darwin/21.3.0"
::ffff:192.168.1.66 - - [23/Mar/2022:16:37:54 +0000] "GET /api/v1/ariunzayas HTTP/1.1" 200 19070 "-" "Expo/2.23.2.1013698 CFNetwork/1329 Darwin/21.3.0"
::ffff:192.168.1.66 - - [23/Mar/2022:16:37:54 +0000] "GET /api/v1/binances HTTP/1.1" 200 19671 "-" "Expo/2.23.2.1013698 CFNetwork/1329 Darwin/21.3.0"
::ffff:192.168.1.66 - - [23/Mar/2022:16:37:54 +0000] "GET /api/v1/binances HTTP/1.1" 200 19671 "-" "Expo/2.23.2.1013698 CFNetwork/1329 Darwin/21.3.0"
::ffff:192.168.1.66 - - [23/Mar/2022:16:37:54 +0000] "GET /api/v1/bolors HTTP/1.1" 200 19137 "-" "Expo/2.23.2.1013698 CFNetwork/1329 Darwin/21.3.0"
::ffff:192.168.1.66 - - [23/Mar/2022:16:37:54 +0000] "GET /api/v1/bataas HTTP/1.1" 200 17213 "-" "Expo/2.23.2.1013698 CFNetwork/1329 Darwin/21.3.0"
::ffff:192.168.1.66 - - [23/Mar/2022:16:37:54 +0000] "GET /api/v1/deegiis HTTP/1.1" 200 15903 "-" "Expo/2.23.2.1013698 CFNetwork/1329 Darwin/21.3.0"
::ffff:192.168.1.66 - - [23/Mar/2022:16:37:54 +0000] "GET /api/v1/odkos HTTP/1.1" 200 10198 "-" "Expo/2.23.2.1013698 CFNetwork/1329 Darwin/21.3.0"
::ffff:192.168.1.66 - - [23/Mar/2022:16:37:54 +0000] "GET /api/v1/works?select=createdAt&sort=-createdAt&limit=1 HTTP/1.1" 200 103 "-" "Expo/2.23.2.1013698 CFNetwork/1329 Darwin/21.3.0"
::ffff:192.168.1.66 - - [23/Mar/2022:16:37:54 +0000] "GET /api/v1/headerBanners?limit=10 HTTP/1.1" 200 766 "-" "Expo/2.23.2.1013698 CFNetwork/1329 Darwin/21.3.0"
::ffff:192.168.1.66 - - [23/Mar/2022:16:37:54 +0000] "GET /api/v1/works HTTP/1.1" 200 103 "-" "Expo/2.23.2.1013698 CFNetwork/1329 Darwin/21.3.0"
::ffff:192.168.1.66 - - [23/Mar/2022:16:37:54 +0000] "GET /upload/p3BayFace.png HTTP/1.1" 404 159 "-" "Expo/2.23.2.1013698 CFNetwork/1329 Darwin/21.3.0"
::ffff:192.168.1.66 - - [23/Mar/2022:16:37:55 +0000] "GET /upload/p1Delgermend.jpeg HTTP/1.1" 404 163 "-" "Expo/2.23.2.1013698 CFNetwork/1329 Darwin/21.3.0"
::ffff:192.168.1.66 - - [23/Mar/2022:16:38:02 +0000] "GET /api/v1/magazines?limit=50 HTTP/1.1" 200 193872 "-" "Expo/2.23.2.1013698 CFNetwork/1329 Darwin/21.3.0"
::ffff:192.168.1.66 - - [23/Mar/2022:16:38:02 +0000] "GET /upload/p3BayFace.png HTTP/1.1" 404 159 "-" "Expo/2.23.2.1013698 CFNetwork/1329 Darwin/21.3.0"
::ffff:192.168.1.66 - - [23/Mar/2022:16:38:02 +0000] "GET /upload/p1Delgermend.jpeg HTTP/1.1" 404 163 "-" "Expo/2.23.2.1013698 CFNetwork/1329 Darwin/21.3.0"
::ffff:192.168.1.66 - - [23/Mar/2022:16:38:02 +0000] "GET /api/v1/ariunzayas/623b3d91866772a158729753 HTTP/1.1" 200 18991 "-" "Expo/2.23.2.1013698 CFNetwork/1329 Darwin/21.3.0"
::ffff:192.168.1.66 - - [23/Mar/2022:16:38:07 +0000] "GET /upload/p1Delgermend.jpeg HTTP/1.1" 404 163 "-" "Expo/2.23.2.1013698 CFNetwork/1329 Darwin/21.3.0"
::ffff:192.168.1.66 - - [23/Mar/2022:16:38:07 +0000] "GET /upload/p3BayFace.png HTTP/1.1" 404 159 "-" "Expo/2.23.2.1013698 CFNetwork/1329 Darwin/21.3.0"
::ffff:192.168.1.66 - - [23/Mar/2022:16:38:10 +0000] "GET /upload/p3BayFace.png HTTP/1.1" 404 159 "-" "Expo/2.23.2.1013698 CFNetwork/1329 Darwin/21.3.0"
::ffff:192.168.1.66 - - [23/Mar/2022:16:38:10 +0000] "GET /upload/p1Delgermend.jpeg HTTP/1.1" 404 163 "-" "Expo/2.23.2.1013698 CFNetwork/1329 Darwin/21.3.0"
::ffff:192.168.1.66 - - [23/Mar/2022:16:38:10 +0000] "GET /api/v1/binances/623b3d93866772a158729758 HTTP/1.1" 200 19592 "-" "Expo/2.23.2.1013698 CFNetwork/1329 Darwin/21.3.0"
::ffff:192.168.1.66 - - [23/Mar/2022:16:38:10 +0000] "GET /upload/p10BiCompany.png HTTP/1.1" 404 162 "-" "Expo/2.23.2.1013698 CFNetwork/1329 Darwin/21.3.0"
::ffff:192.168.1.66 - - [23/Mar/2022:16:39:21 +0000] "GET /upload/p3BayFace.png HTTP/1.1" 404 159 "-" "Expo/2.23.2.1013698 CFNetwork/1329 Darwin/21.3.0"
::ffff:192.168.1.66 - - [23/Mar/2022:16:39:21 +0000] "GET /upload/p1Delgermend.jpeg HTTP/1.1" 404 163 "-" "Expo/2.23.2.1013698 CFNetwork/1329 Darwin/21.3.0"
::ffff:192.168.1.66 - - [23/Mar/2022:16:39:23 +0000] "GET /upload/p3BayFace.png HTTP/1.1" 404 159 "-" "Expo/2.23.2.1013698 CFNetwork/1329 Darwin/21.3.0"
::ffff:192.168.1.66 - - [23/Mar/2022:16:39:23 +0000] "GET /upload/p1Delgermend.jpeg HTTP/1.1" 404 163 "-" "Expo/2.23.2.1013698 CFNetwork/1329 Darwin/21.3.0"
::ffff:192.168.1.66 - - [23/Mar/2022:16:39:23 +0000] "GET /api/v1/odkos/623b3d93866772a15872975a HTTP/1.1" 200 10119 "-" "Expo/2.23.2.1013698 CFNetwork/1329 Darwin/21.3.0"
::ffff:192.168.1.66 - - [23/Mar/2022:16:39:23 +0000] "GET /upload/p9Od2.png HTTP/1.1" 404 155 "-" "Expo/2.23.2.1013698 CFNetwork/1329 Darwin/21.3.0"
::ffff:192.168.1.66 - - [23/Mar/2022:16:39:23 +0000] "GET /upload/p9Odko.jpeg HTTP/1.1" 404 157 "-" "Expo/2.23.2.1013698 CFNetwork/1329 Darwin/21.3.0"
::ffff:192.168.1.66 - - [23/Mar/2022:16:39:25 +0000] "GET /upload/p3BayFace.png HTTP/1.1" 404 159 "-" "Expo/2.23.2.1013698 CFNetwork/1329 Darwin/21.3.0"
::ffff:192.168.1.66 - - [23/Mar/2022:16:39:25 +0000] "GET /upload/p1Delgermend.jpeg HTTP/1.1" 404 163 "-" "Expo/2.23.2.1013698 CFNetwork/1329 Darwin/21.3.0"
::ffff:192.168.1.66 - - [23/Mar/2022:16:39:53 +0000] "GET /upload/p3BayFace.png HTTP/1.1" 404 159 "-" "Expo/2.23.2.1013698 CFNetwork/1329 Darwin/21.3.0"
::ffff:192.168.1.66 - - [23/Mar/2022:16:39:53 +0000] "GET /upload/p1Delgermend.jpeg HTTP/1.1" 404 163 "-" "Expo/2.23.2.1013698 CFNetwork/1329 Darwin/21.3.0"
::ffff:192.168.1.66 - - [23/Mar/2022:16:39:54 +0000] "GET /api/v1/odkos/623b3d93866772a15872975a HTTP/1.1" 200 10119 "-" "Expo/2.23.2.1013698 CFNetwork/1329 Darwin/21.3.0"
::ffff:192.168.1.66 - - [23/Mar/2022:16:39:54 +0000] "GET /upload/p9Od2.png HTTP/1.1" 404 155 "-" "Expo/2.23.2.1013698 CFNetwork/1329 Darwin/21.3.0"
::ffff:192.168.1.66 - - [23/Mar/2022:16:39:54 +0000] "GET /upload/p9Odko.jpeg HTTP/1.1" 404 157 "-" "Expo/2.23.2.1013698 CFNetwork/1329 Darwin/21.3.0"
::ffff:192.168.1.66 - - [23/Mar/2022:16:40:23 +0000] "GET /upload/p3BayFace.png HTTP/1.1" 404 159 "-" "Expo/2.23.2.1013698 CFNetwork/1329 Darwin/21.3.0"
::ffff:192.168.1.66 - - [23/Mar/2022:16:40:23 +0000] "GET /upload/p1Delgermend.jpeg HTTP/1.1" 404 163 "-" "Expo/2.23.2.1013698 CFNetwork/1329 Darwin/21.3.0"
::ffff:192.168.1.66 - - [23/Mar/2022:16:40:30 +0000] "GET /upload/p1Delgermend.jpeg HTTP/1.1" 404 163 "-" "Expo/2.23.2.1013698 CFNetwork/1329 Darwin/21.3.0"
::ffff:192.168.1.66 - - [23/Mar/2022:16:40:30 +0000] "GET /upload/p3BayFace.png HTTP/1.1" 404 159 "-" "Expo/2.23.2.1013698 CFNetwork/1329 Darwin/21.3.0"
::ffff:192.168.1.66 - - [23/Mar/2022:16:40:30 +0000] "GET /api/v1/bolors/623b3d93866772a15872975c HTTP/1.1" 200 19058 "-" "Expo/2.23.2.1013698 CFNetwork/1329 Darwin/21.3.0"
::ffff:192.168.1.66 - - [23/Mar/2022:16:40:30 +0000] "GET /upload/p5Bo1.png HTTP/1.1" 404 155 "-" "Expo/2.23.2.1013698 CFNetwork/1329 Darwin/21.3.0"
::ffff:192.168.1.66 - - [23/Mar/2022:16:40:30 +0000] "GET /upload/p5Bo3.png HTTP/1.1" 404 155 "-" "Expo/2.23.2.1013698 CFNetwork/1329 Darwin/21.3.0"
::ffff:192.168.1.66 - - [23/Mar/2022:16:40:30 +0000] "GET /upload/p5Bo2.png HTTP/1.1" 404 155 "-" "Expo/2.23.2.1013698 CFNetwork/1329 Darwin/21.3.0"
::ffff:192.168.1.66 - - [23/Mar/2022:16:44:21 +0000] "GET /upload/p3BayFace.png HTTP/1.1" 404 159 "-" "Expo/2.23.2.1013698 CFNetwork/1329 Darwin/21.3.0"
::ffff:192.168.1.66 - - [23/Mar/2022:16:44:21 +0000] "GET /upload/p1Delgermend.jpeg HTTP/1.1" 404 163 "-" "Expo/2.23.2.1013698 CFNetwork/1329 Darwin/21.3.0"
::ffff:192.168.1.66 - - [23/Mar/2022:16:44:22 +0000] "GET /upload/p3BayFace.png HTTP/1.1" 404 159 "-" "Expo/2.23.2.1013698 CFNetwork/1329 Darwin/21.3.0"
::ffff:192.168.1.66 - - [23/Mar/2022:16:44:22 +0000] "GET /upload/p1Delgermend.jpeg HTTP/1.1" 404 163 "-" "Expo/2.23.2.1013698 CFNetwork/1329 Darwin/21.3.0"
::ffff:192.168.1.66 - - [23/Mar/2022:16:44:22 +0000] "GET /api/v1/tops/623b3d93866772a15872975e HTTP/1.1" 200 4730 "-" "Expo/2.23.2.1013698 CFNetwork/1329 Darwin/21.3.0"
::ffff:192.168.1.66 - - [23/Mar/2022:16:44:22 +0000] "GET /upload/p7Ceo8.png HTTP/1.1" 404 156 "-" "Expo/2.23.2.1013698 CFNetwork/1329 Darwin/21.3.0"
::ffff:192.168.1.66 - - [23/Mar/2022:16:44:22 +0000] "GET /upload/p7Ceo2.png HTTP/1.1" 404 156 "-" "Expo/2.23.2.1013698 CFNetwork/1329 Darwin/21.3.0"
::ffff:192.168.1.66 - - [23/Mar/2022:16:44:22 +0000] "GET /upload/p7Ceo4.png HTTP/1.1" 404 156 "-" "Expo/2.23.2.1013698 CFNetwork/1329 Darwin/21.3.0"
::ffff:192.168.1.66 - - [23/Mar/2022:16:44:22 +0000] "GET /upload/p7Ceo1.png HTTP/1.1" 404 156 "-" "Expo/2.23.2.1013698 CFNetwork/1329 Darwin/21.3.0"
::ffff:192.168.1.66 - - [23/Mar/2022:16:44:22 +0000] "GET /upload/p7Ceo7.png HTTP/1.1" 404 156 "-" "Expo/2.23.2.1013698 CFNetwork/1329 Darwin/21.3.0"
::ffff:192.168.1.66 - - [23/Mar/2022:16:44:22 +0000] "GET /upload/p7Ceo9.png HTTP/1.1" 404 156 "-" "Expo/2.23.2.1013698 CFNetwork/1329 Darwin/21.3.0"
::ffff:192.168.1.66 - - [23/Mar/2022:16:47:26 +0000] "GET /upload/p3BayFace.png HTTP/1.1" 404 159 "-" "Expo/2.23.2.1013698 CFNetwork/1329 Darwin/21.3.0"
::ffff:192.168.1.66 - - [23/Mar/2022:16:47:26 +0000] "GET /upload/p1Delgermend.jpeg HTTP/1.1" 404 163 "-" "Expo/2.23.2.1013698 CFNetwork/1329 Darwin/21.3.0"
::ffff:192.168.1.66 - - [23/Mar/2022:16:47:28 +0000] "GET /upload/p3BayFace.png HTTP/1.1" 404 159 "-" "Expo/2.23.2.1013698 CFNetwork/1329 Darwin/21.3.0"
::ffff:192.168.1.66 - - [23/Mar/2022:16:47:28 +0000] "GET /upload/p1Delgermend.jpeg HTTP/1.1" 404 163 "-" "Expo/2.23.2.1013698 CFNetwork/1329 Darwin/21.3.0"
::ffff:192.168.1.66 - - [23/Mar/2022:16:47:28 +0000] "GET /api/v1/technos/623b3d93866772a158729760 HTTP/1.1" 200 16241 "-" "Expo/2.23.2.1013698 CFNetwork/1329 Darwin/21.3.0"
::ffff:192.168.1.66 - - [23/Mar/2022:16:47:28 +0000] "GET /upload/p13Tech6.jpeg HTTP/1.1" 404 159 "-" "Expo/2.23.2.1013698 CFNetwork/1329 Darwin/21.3.0"
::ffff:192.168.1.66 - - [23/Mar/2022:16:49:41 +0000] "GET /upload/p3BayFace.png HTTP/1.1" 404 159 "-" "Expo/2.23.2.1013698 CFNetwork/1329 Darwin/21.3.0"
::ffff:192.168.1.66 - - [23/Mar/2022:16:49:41 +0000] "GET /upload/p1Delgermend.jpeg HTTP/1.1" 404 163 "-" "Expo/2.23.2.1013698 CFNetwork/1329 Darwin/21.3.0"
::ffff:192.168.1.66 - - [23/Mar/2022:16:49:42 +0000] "GET /upload/p3BayFace.png HTTP/1.1" 404 159 "-" "Expo/2.23.2.1013698 CFNetwork/1329 Darwin/21.3.0"
::ffff:192.168.1.66 - - [23/Mar/2022:16:49:42 +0000] "GET /upload/p1Delgermend.jpeg HTTP/1.1" 404 163 "-" "Expo/2.23.2.1013698 CFNetwork/1329 Darwin/21.3.0"
::ffff:192.168.1.66 - - [23/Mar/2022:16:49:42 +0000] "GET /api/v1/coins/623b3d93866772a158729762 HTTP/1.1" 200 12785 "-" "Expo/2.23.2.1013698 CFNetwork/1329 Darwin/21.3.0"
::ffff:192.168.1.66 - - [23/Mar/2022:16:49:48 +0000] "GET /upload/p3BayFace.png HTTP/1.1" 404 159 "-" "Expo/2.23.2.1013698 CFNetwork/1329 Darwin/21.3.0"
::ffff:192.168.1.66 - - [23/Mar/2022:16:49:48 +0000] "GET /upload/p1Delgermend.jpeg HTTP/1.1" 404 163 "-" "Expo/2.23.2.1013698 CFNetwork/1329 Darwin/21.3.0"
::ffff:192.168.1.66 - - [23/Mar/2022:16:49:55 +0000] "GET /upload/p3BayFace.png HTTP/1.1" 404 159 "-" "Expo/2.23.2.1013698 CFNetwork/1329 Darwin/21.3.0"
::ffff:192.168.1.66 - - [23/Mar/2022:16:49:55 +0000] "GET /upload/p1Delgermend.jpeg HTTP/1.1" 404 163 "-" "Expo/2.23.2.1013698 CFNetwork/1329 Darwin/21.3.0"
::ffff:192.168.1.66 - - [23/Mar/2022:16:49:55 +0000] "GET /api/v1/binances/623b3d93866772a158729758 HTTP/1.1" 200 19592 "-" "Expo/2.23.2.1013698 CFNetwork/1329 Darwin/21.3.0"
::ffff:192.168.1.66 - - [23/Mar/2022:16:49:56 +0000] "GET /upload/p10BiCompany.png HTTP/1.1" 404 162 "-" "Expo/2.23.2.1013698 CFNetwork/1329 Darwin/21.3.0"
::ffff:192.168.1.66 - - [23/Mar/2022:16:50:06 +0000] "GET /upload/p3BayFace.png HTTP/1.1" 404 159 "-" "Expo/2.23.2.1013698 CFNetwork/1329 Darwin/21.3.0"
::ffff:192.168.1.66 - - [23/Mar/2022:16:50:06 +0000] "GET /upload/p1Delgermend.jpeg HTTP/1.1" 404 163 "-" "Expo/2.23.2.1013698 CFNetwork/1329 Darwin/21.3.0"
::ffff:192.168.1.66 - - [23/Mar/2022:16:54:13 +0000] "GET /upload/p3BayFace.png HTTP/1.1" 404 159 "-" "Expo/2.23.2.1013698 CFNetwork/1329 Darwin/21.3.0"
::ffff:192.168.1.66 - - [23/Mar/2022:16:54:13 +0000] "GET /upload/p1Delgermend.jpeg HTTP/1.1" 404 163 "-" "Expo/2.23.2.1013698 CFNetwork/1329 Darwin/21.3.0"
::ffff:192.168.1.66 - - [23/Mar/2022:16:54:13 +0000] "GET /api/v1/magazines/623b3d94866772a15872976a HTTP/1.1" 200 193792 "-" "Expo/2.23.2.1013698 CFNetwork/1329 Darwin/21.3.0"
::ffff:192.168.1.66 - - [23/Mar/2022:16:54:14 +0000] "GET /upload/p10BiCompany.png HTTP/1.1" 404 162 "-" "Expo/2.23.2.1013698 CFNetwork/1329 Darwin/21.3.0"
::ffff:192.168.1.66 - - [23/Mar/2022:16:54:14 +0000] "GET /upload/p5Bo2.png HTTP/1.1" 404 155 "-" "Expo/2.23.2.1013698 CFNetwork/1329 Darwin/21.3.0"
::ffff:192.168.1.66 - - [23/Mar/2022:16:54:14 +0000] "GET /upload/p7Ceo10.png HTTP/1.1" 404 157 "-" "Expo/2.23.2.1013698 CFNetwork/1329 Darwin/21.3.0"
::ffff:192.168.1.66 - - [23/Mar/2022:16:54:15 +0000] "GET /upload/p13Tech6.jpeg HTTP/1.1" 404 159 "-" "Expo/2.23.2.1013698 CFNetwork/1329 Darwin/21.3.0"
::ffff:192.168.1.66 - - [23/Mar/2022:16:54:15 +0000] "GET /upload/p1Delgermend.jpeg HTTP/1.1" 404 163 "-" "Expo/2.23.2.1013698 CFNetwork/1329 Darwin/21.3.0"
::ffff:192.168.1.66 - - [23/Mar/2022:16:54:15 +0000] "GET /upload/p7Ceo3.png HTTP/1.1" 404 156 "-" "Expo/2.23.2.1013698 CFNetwork/1329 Darwin/21.3.0"
::ffff:192.168.1.66 - - [23/Mar/2022:16:54:15 +0000] "GET /upload/p7Ceo7.png HTTP/1.1" 404 156 "-" "Expo/2.23.2.1013698 CFNetwork/1329 Darwin/21.3.0"
::ffff:192.168.1.66 - - [23/Mar/2022:16:54:15 +0000] "GET /upload/p7Ceo1.png HTTP/1.1" 404 156 "-" "Expo/2.23.2.1013698 CFNetwork/1329 Darwin/21.3.0"
::ffff:192.168.1.66 - - [23/Mar/2022:16:54:15 +0000] "GET /upload/p7Ceo4.png HTTP/1.1" 404 156 "-" "Expo/2.23.2.1013698 CFNetwork/1329 Darwin/21.3.0"
::ffff:192.168.1.66 - - [23/Mar/2022:16:54:15 +0000] "GET /upload/p9Odko.jpeg HTTP/1.1" 404 157 "-" "Expo/2.23.2.1013698 CFNetwork/1329 Darwin/21.3.0"
::ffff:192.168.1.66 - - [23/Mar/2022:16:54:15 +0000] "GET /upload/p3BayFace.png HTTP/1.1" 404 159 "-" "Expo/2.23.2.1013698 CFNetwork/1329 Darwin/21.3.0"
::ffff:192.168.1.66 - - [23/Mar/2022:16:54:15 +0000] "GET /upload/p9Od1.png HTTP/1.1" 404 155 "-" "Expo/2.23.2.1013698 CFNetwork/1329 Darwin/21.3.0"
::ffff:192.168.1.66 - - [23/Mar/2022:16:54:15 +0000] "GET /upload/p3Bay2.png HTTP/1.1" 404 156 "-" "Expo/2.23.2.1013698 CFNetwork/1329 Darwin/21.3.0"
::ffff:192.168.1.66 - - [23/Mar/2022:16:54:15 +0000] "GET /upload/p11De1.jpeg HTTP/1.1" 404 157 "-" "Expo/2.23.2.1013698 CFNetwork/1329 Darwin/21.3.0"
::ffff:192.168.1.66 - - [23/Mar/2022:16:54:15 +0000] "GET /upload/p1Delgermend.jpeg HTTP/1.1" 404 163 "-" "Expo/2.23.2.1013698 CFNetwork/1329 Darwin/21.3.0"
::ffff:192.168.1.66 - - [23/Mar/2022:16:54:16 +0000] "GET /upload/p1Bayka.png HTTP/1.1" 404 157 "-" "Expo/2.23.2.1013698 CFNetwork/1329 Darwin/21.3.0"
::ffff:192.168.1.66 - - [23/Mar/2022:16:54:16 +0000] "GET /upload/p7Ceo9.png HTTP/1.1" 404 156 "-" "Expo/2.23.2.1013698 CFNetwork/1329 Darwin/21.3.0"
::ffff:192.168.1.66 - - [23/Mar/2022:16:54:16 +0000] "GET /upload/p7Ceo8.png HTTP/1.1" 404 156 "-" "Expo/2.23.2.1013698 CFNetwork/1329 Darwin/21.3.0"
::ffff:192.168.1.66 - - [23/Mar/2022:16:54:16 +0000] "GET /upload/p7Ceo6.png HTTP/1.1" 404 156 "-" "Expo/2.23.2.1013698 CFNetwork/1329 Darwin/21.3.0"
::ffff:192.168.1.66 - - [23/Mar/2022:16:54:16 +0000] "GET /upload/p1Odbaysal.jpeg HTTP/1.1" 404 161 "-" "Expo/2.23.2.1013698 CFNetwork/1329 Darwin/21.3.0"
::ffff:192.168.1.66 - - [23/Mar/2022:16:54:16 +0000] "GET /upload/p7Ceo2.png HTTP/1.1" 404 156 "-" "Expo/2.23.2.1013698 CFNetwork/1329 Darwin/21.3.0"
::ffff:192.168.1.66 - - [23/Mar/2022:16:54:17 +0000] "GET /upload/p5Bo3.png HTTP/1.1" 404 155 "-" "Expo/2.23.2.1013698 CFNetwork/1329 Darwin/21.3.0"
::ffff:192.168.1.66 - - [23/Mar/2022:16:54:17 +0000] "GET /upload/p7Ceo5.png HTTP/1.1" 404 156 "-" "Expo/2.23.2.1013698 CFNetwork/1329 Darwin/21.3.0"
::ffff:192.168.1.66 - - [23/Mar/2022:16:54:17 +0000] "GET /upload/p9Od2.png HTTP/1.1" 404 155 "-" "Expo/2.23.2.1013698 CFNetwork/1329 Darwin/21.3.0"
::ffff:192.168.1.66 - - [23/Mar/2022:16:54:17 +0000] "GET /upload/p5Bo1.png HTTP/1.1" 404 155 "-" "Expo/2.23.2.1013698 CFNetwork/1329 Darwin/21.3.0"
::ffff:192.168.1.66 - - [23/Mar/2022:16:55:55 +0000] "GET /upload/p3BayFace.png HTTP/1.1" 404 159 "-" "Expo/2.23.2.1013698 CFNetwork/1329 Darwin/21.3.0"
::ffff:192.168.1.66 - - [23/Mar/2022:16:55:55 +0000] "GET /upload/p1Delgermend.jpeg HTTP/1.1" 404 163 "-" "Expo/2.23.2.1013698 CFNetwork/1329 Darwin/21.3.0"
::ffff:192.168.1.66 - - [23/Mar/2022:16:55:56 +0000] "GET /upload/p3BayFace.png HTTP/1.1" 404 159 "-" "Expo/2.23.2.1013698 CFNetwork/1329 Darwin/21.3.0"
::ffff:192.168.1.66 - - [23/Mar/2022:16:55:56 +0000] "GET /upload/p1Delgermend.jpeg HTTP/1.1" 404 163 "-" "Expo/2.23.2.1013698 CFNetwork/1329 Darwin/21.3.0"
::ffff:192.168.1.66 - - [23/Mar/2022:16:55:56 +0000] "GET /api/v1/magazines/623b3d94866772a15872976a HTTP/1.1" 200 193792 "-" "Expo/2.23.2.1013698 CFNetwork/1329 Darwin/21.3.0"
::ffff:192.168.1.66 - - [23/Mar/2022:16:55:57 +0000] "GET /upload/p7Ceo2.png HTTP/1.1" 404 156 "-" "Expo/2.23.2.1013698 CFNetwork/1329 Darwin/21.3.0"
::ffff:192.168.1.66 - - [23/Mar/2022:16:55:57 +0000] "GET /upload/p7Ceo1.png HTTP/1.1" 404 156 "-" "Expo/2.23.2.1013698 CFNetwork/1329 Darwin/21.3.0"
::ffff:192.168.1.66 - - [23/Mar/2022:16:55:57 +0000] "GET /upload/p7Ceo10.png HTTP/1.1" 404 157 "-" "Expo/2.23.2.1013698 CFNetwork/1329 Darwin/21.3.0"
::ffff:192.168.1.66 - - [23/Mar/2022:16:55:57 +0000] "GET /upload/p1Odbaysal.jpeg HTTP/1.1" 404 161 "-" "Expo/2.23.2.1013698 CFNetwork/1329 Darwin/21.3.0"
::ffff:192.168.1.66 - - [23/Mar/2022:16:55:57 +0000] "GET /upload/p7Ceo9.png HTTP/1.1" 404 156 "-" "Expo/2.23.2.1013698 CFNetwork/1329 Darwin/21.3.0"
::ffff:192.168.1.66 - - [23/Mar/2022:16:55:57 +0000] "GET /upload/p3BayFace.png HTTP/1.1" 404 159 "-" "Expo/2.23.2.1013698 CFNetwork/1329 Darwin/21.3.0"
::ffff:192.168.1.66 - - [23/Mar/2022:16:55:58 +0000] "GET /upload/p5Bo1.png HTTP/1.1" 404 155 "-" "Expo/2.23.2.1013698 CFNetwork/1329 Darwin/21.3.0"
::ffff:192.168.1.66 - - [23/Mar/2022:16:55:58 +0000] "GET /upload/p11De1.jpeg HTTP/1.1" 404 157 "-" "Expo/2.23.2.1013698 CFNetwork/1329 Darwin/21.3.0"
::ffff:192.168.1.66 - - [23/Mar/2022:16:55:58 +0000] "GET /upload/p7Ceo7.png HTTP/1.1" 404 156 "-" "Expo/2.23.2.1013698 CFNetwork/1329 Darwin/21.3.0"
::ffff:192.168.1.66 - - [23/Mar/2022:16:55:58 +0000] "GET /upload/p5Bo2.png HTTP/1.1" 404 155 "-" "Expo/2.23.2.1013698 CFNetwork/1329 Darwin/21.3.0"
::ffff:192.168.1.66 - - [23/Mar/2022:16:55:58 +0000] "GET /upload/p7Ceo4.png HTTP/1.1" 404 156 "-" "Expo/2.23.2.1013698 CFNetwork/1329 Darwin/21.3.0"
::ffff:192.168.1.66 - - [23/Mar/2022:16:55:58 +0000] "GET /upload/p13Tech6.jpeg HTTP/1.1" 404 159 "-" "Expo/2.23.2.1013698 CFNetwork/1329 Darwin/21.3.0"
::ffff:192.168.1.66 - - [23/Mar/2022:16:55:58 +0000] "GET /upload/p7Ceo5.png HTTP/1.1" 404 156 "-" "Expo/2.23.2.1013698 CFNetwork/1329 Darwin/21.3.0"
::ffff:192.168.1.66 - - [23/Mar/2022:16:55:58 +0000] "GET /upload/p10BiCompany.png HTTP/1.1" 404 162 "-" "Expo/2.23.2.1013698 CFNetwork/1329 Darwin/21.3.0"
::ffff:192.168.1.66 - - [23/Mar/2022:16:55:58 +0000] "GET /upload/p1Delgermend.jpeg HTTP/1.1" 404 163 "-" "Expo/2.23.2.1013698 CFNetwork/1329 Darwin/21.3.0"
::ffff:192.168.1.66 - - [23/Mar/2022:16:55:58 +0000] "GET /upload/p1Bayka.png HTTP/1.1" 404 157 "-" "Expo/2.23.2.1013698 CFNetwork/1329 Darwin/21.3.0"
::ffff:192.168.1.66 - - [23/Mar/2022:16:55:58 +0000] "GET /upload/p1Delgermend.jpeg HTTP/1.1" 404 163 "-" "Expo/2.23.2.1013698 CFNetwork/1329 Darwin/21.3.0"
::ffff:192.168.1.66 - - [23/Mar/2022:16:55:59 +0000] "GET /upload/p9Odko.jpeg HTTP/1.1" 404 157 "-" "Expo/2.23.2.1013698 CFNetwork/1329 Darwin/21.3.0"
::ffff:192.168.1.66 - - [23/Mar/2022:16:55:59 +0000] "GET /upload/p9Od2.png HTTP/1.1" 404 155 "-" "Expo/2.23.2.1013698 CFNetwork/1329 Darwin/21.3.0"
::ffff:192.168.1.66 - - [23/Mar/2022:16:55:59 +0000] "GET /upload/p3Bay2.png HTTP/1.1" 404 156 "-" "Expo/2.23.2.1013698 CFNetwork/1329 Darwin/21.3.0"
::ffff:192.168.1.66 - - [23/Mar/2022:16:55:59 +0000] "GET /upload/p9Od1.png HTTP/1.1" 404 155 "-" "Expo/2.23.2.1013698 CFNetwork/1329 Darwin/21.3.0"
::ffff:192.168.1.66 - - [23/Mar/2022:16:55:59 +0000] "GET /upload/p7Ceo3.png HTTP/1.1" 404 156 "-" "Expo/2.23.2.1013698 CFNetwork/1329 Darwin/21.3.0"
::ffff:192.168.1.66 - - [23/Mar/2022:16:55:59 +0000] "GET /upload/p7Ceo8.png HTTP/1.1" 404 156 "-" "Expo/2.23.2.1013698 CFNetwork/1329 Darwin/21.3.0"
::ffff:192.168.1.66 - - [23/Mar/2022:16:55:59 +0000] "GET /upload/p7Ceo6.png HTTP/1.1" 404 156 "-" "Expo/2.23.2.1013698 CFNetwork/1329 Darwin/21.3.0"
::ffff:192.168.1.66 - - [23/Mar/2022:16:55:59 +0000] "GET /upload/p5Bo3.png HTTP/1.1" 404 155 "-" "Expo/2.23.2.1013698 CFNetwork/1329 Darwin/21.3.0"
::ffff:192.168.1.66 - - [23/Mar/2022:16:56:04 +0000] "GET /upload/p3BayFace.png HTTP/1.1" 404 159 "-" "Expo/2.23.2.1013698 CFNetwork/1329 Darwin/21.3.0"
::ffff:192.168.1.66 - - [23/Mar/2022:16:56:04 +0000] "GET /upload/p1Delgermend.jpeg HTTP/1.1" 404 163 "-" "Expo/2.23.2.1013698 CFNetwork/1329 Darwin/21.3.0"
::ffff:192.168.1.66 - - [23/Mar/2022:16:56:05 +0000] "GET /upload/p3BayFace.png HTTP/1.1" 404 159 "-" "Expo/2.23.2.1013698 CFNetwork/1329 Darwin/21.3.0"
::ffff:192.168.1.66 - - [23/Mar/2022:16:56:05 +0000] "GET /upload/p1Delgermend.jpeg HTTP/1.1" 404 163 "-" "Expo/2.23.2.1013698 CFNetwork/1329 Darwin/21.3.0"
::ffff:192.168.1.66 - - [23/Mar/2022:16:56:05 +0000] "GET /api/v1/magazines/623b3d94866772a15872976a HTTP/1.1" 200 193792 "-" "Expo/2.23.2.1013698 CFNetwork/1329 Darwin/21.3.0"
::ffff:192.168.1.66 - - [23/Mar/2022:16:56:06 +0000] "GET /upload/p7Ceo8.png HTTP/1.1" 404 156 "-" "Expo/2.23.2.1013698 CFNetwork/1329 Darwin/21.3.0"
::ffff:192.168.1.66 - - [23/Mar/2022:16:56:06 +0000] "GET /upload/p7Ceo5.png HTTP/1.1" 404 156 "-" "Expo/2.23.2.1013698 CFNetwork/1329 Darwin/21.3.0"
::ffff:192.168.1.66 - - [23/Mar/2022:16:56:06 +0000] "GET /upload/p5Bo1.png HTTP/1.1" 404 155 "-" "Expo/2.23.2.1013698 CFNetwork/1329 Darwin/21.3.0"
::ffff:192.168.1.66 - - [23/Mar/2022:16:56:06 +0000] "GET /upload/p7Ceo1.png HTTP/1.1" 404 156 "-" "Expo/2.23.2.1013698 CFNetwork/1329 Darwin/21.3.0"
::ffff:192.168.1.66 - - [23/Mar/2022:16:56:06 +0000] "GET /upload/p3BayFace.png HTTP/1.1" 404 159 "-" "Expo/2.23.2.1013698 CFNetwork/1329 Darwin/21.3.0"
::ffff:192.168.1.66 - - [23/Mar/2022:16:56:06 +0000] "GET /upload/p9Odko.jpeg HTTP/1.1" 404 157 "-" "Expo/2.23.2.1013698 CFNetwork/1329 Darwin/21.3.0"
::ffff:192.168.1.66 - - [23/Mar/2022:16:56:07 +0000] "GET /upload/p11De1.jpeg HTTP/1.1" 404 157 "-" "Expo/2.23.2.1013698 CFNetwork/1329 Darwin/21.3.0"
::ffff:192.168.1.66 - - [23/Mar/2022:16:56:07 +0000] "GET /upload/p5Bo2.png HTTP/1.1" 404 155 "-" "Expo/2.23.2.1013698 CFNetwork/1329 Darwin/21.3.0"
::ffff:192.168.1.66 - - [23/Mar/2022:16:56:07 +0000] "GET /upload/p7Ceo4.png HTTP/1.1" 404 156 "-" "Expo/2.23.2.1013698 CFNetwork/1329 Darwin/21.3.0"
::ffff:192.168.1.66 - - [23/Mar/2022:16:56:07 +0000] "GET /upload/p7Ceo2.png HTTP/1.1" 404 156 "-" "Expo/2.23.2.1013698 CFNetwork/1329 Darwin/21.3.0"
::ffff:192.168.1.66 - - [23/Mar/2022:16:56:07 +0000] "GET /upload/p1Bayka.png HTTP/1.1" 404 157 "-" "Expo/2.23.2.1013698 CFNetwork/1329 Darwin/21.3.0"
::ffff:192.168.1.66 - - [23/Mar/2022:16:56:07 +0000] "GET /upload/p1Odbaysal.jpeg HTTP/1.1" 404 161 "-" "Expo/2.23.2.1013698 CFNetwork/1329 Darwin/21.3.0"
::ffff:192.168.1.66 - - [23/Mar/2022:16:56:07 +0000] "GET /upload/p7Ceo9.png HTTP/1.1" 404 156 "-" "Expo/2.23.2.1013698 CFNetwork/1329 Darwin/21.3.0"
::ffff:192.168.1.66 - - [23/Mar/2022:16:56:07 +0000] "GET /upload/p7Ceo10.png HTTP/1.1" 404 157 "-" "Expo/2.23.2.1013698 CFNetwork/1329 Darwin/21.3.0"
::ffff:192.168.1.66 - - [23/Mar/2022:16:56:07 +0000] "GET /upload/p7Ceo3.png HTTP/1.1" 404 156 "-" "Expo/2.23.2.1013698 CFNetwork/1329 Darwin/21.3.0"
::ffff:192.168.1.66 - - [23/Mar/2022:16:56:07 +0000] "GET /upload/p3Bay2.png HTTP/1.1" 404 156 "-" "Expo/2.23.2.1013698 CFNetwork/1329 Darwin/21.3.0"
::ffff:192.168.1.66 - - [23/Mar/2022:16:56:07 +0000] "GET /upload/p9Od2.png HTTP/1.1" 404 155 "-" "Expo/2.23.2.1013698 CFNetwork/1329 Darwin/21.3.0"
::ffff:192.168.1.66 - - [23/Mar/2022:16:56:07 +0000] "GET /upload/p1Delgermend.jpeg HTTP/1.1" 404 163 "-" "Expo/2.23.2.1013698 CFNetwork/1329 Darwin/21.3.0"
::ffff:192.168.1.66 - - [23/Mar/2022:16:56:07 +0000] "GET /upload/p7Ceo7.png HTTP/1.1" 404 156 "-" "Expo/2.23.2.1013698 CFNetwork/1329 Darwin/21.3.0"
::ffff:192.168.1.66 - - [23/Mar/2022:16:56:07 +0000] "GET /upload/p7Ceo6.png HTTP/1.1" 404 156 "-" "Expo/2.23.2.1013698 CFNetwork/1329 Darwin/21.3.0"
::ffff:192.168.1.66 - - [23/Mar/2022:16:56:07 +0000] "GET /upload/p1Delgermend.jpeg HTTP/1.1" 404 163 "-" "Expo/2.23.2.1013698 CFNetwork/1329 Darwin/21.3.0"
::ffff:192.168.1.66 - - [23/Mar/2022:16:56:07 +0000] "GET /upload/p5Bo3.png HTTP/1.1" 404 155 "-" "Expo/2.23.2.1013698 CFNetwork/1329 Darwin/21.3.0"
::ffff:192.168.1.66 - - [23/Mar/2022:16:56:08 +0000] "GET /upload/p9Od1.png HTTP/1.1" 404 155 "-" "Expo/2.23.2.1013698 CFNetwork/1329 Darwin/21.3.0"
::ffff:192.168.1.66 - - [23/Mar/2022:16:56:08 +0000] "GET /upload/p13Tech6.jpeg HTTP/1.1" 404 159 "-" "Expo/2.23.2.1013698 CFNetwork/1329 Darwin/21.3.0"
::ffff:192.168.1.66 - - [23/Mar/2022:17:02:24 +0000] "GET /api/v1/tops HTTP/1.1" 200 4809 "-" "Expo/2.23.2.1013698 CFNetwork/1329 Darwin/21.3.0"
::ffff:192.168.1.66 - - [23/Mar/2022:17:02:24 +0000] "GET /api/v1/odkos HTTP/1.1" 200 10197 "-" "Expo/2.23.2.1013698 CFNetwork/1329 Darwin/21.3.0"
::ffff:192.168.1.66 - - [23/Mar/2022:17:02:24 +0000] "GET /api/v1/notifications HTTP/1.1" 500 92 "-" "Expo/2.23.2.1013698 CFNetwork/1329 Darwin/21.3.0"
::ffff:192.168.1.66 - - [23/Mar/2022:17:02:24 +0000] "GET /api/v1/bolors HTTP/1.1" 200 19137 "-" "Expo/2.23.2.1013698 CFNetwork/1329 Darwin/21.3.0"
::ffff:192.168.1.66 - - [23/Mar/2022:17:02:24 +0000] "GET /api/v1/binances HTTP/1.1" 200 19671 "-" "Expo/2.23.2.1013698 CFNetwork/1329 Darwin/21.3.0"
::ffff:192.168.1.66 - - [23/Mar/2022:17:02:24 +0000] "GET /api/v1/ariunzayas HTTP/1.1" 200 19070 "-" "Expo/2.23.2.1013698 CFNetwork/1329 Darwin/21.3.0"
::ffff:192.168.1.66 - - [23/Mar/2022:17:02:24 +0000] "GET /api/v1/coins HTTP/1.1" 200 12864 "-" "Expo/2.23.2.1013698 CFNetwork/1329 Darwin/21.3.0"
::ffff:192.168.1.66 - - [23/Mar/2022:17:02:24 +0000] "GET /api/v1/baykas HTTP/1.1" 200 28802 "-" "Expo/2.23.2.1013698 CFNetwork/1329 Darwin/21.3.0"
::ffff:192.168.1.66 - - [23/Mar/2022:17:02:24 +0000] "GET /api/v1/technos HTTP/1.1" 200 16319 "-" "Expo/2.23.2.1013698 CFNetwork/1329 Darwin/21.3.0"
::ffff:192.168.1.66 - - [23/Mar/2022:17:02:24 +0000] "GET /api/v1/ariunzayas HTTP/1.1" 200 19070 "-" "Expo/2.23.2.1013698 CFNetwork/1329 Darwin/21.3.0"
::ffff:192.168.1.66 - - [23/Mar/2022:17:02:24 +0000] "GET /api/v1/bolors HTTP/1.1" 200 19137 "-" "Expo/2.23.2.1013698 CFNetwork/1329 Darwin/21.3.0"
::ffff:192.168.1.66 - - [23/Mar/2022:17:02:24 +0000] "GET /api/v1/binances HTTP/1.1" 200 19671 "-" "Expo/2.23.2.1013698 CFNetwork/1329 Darwin/21.3.0"
::ffff:192.168.1.66 - - [23/Mar/2022:17:02:24 +0000] "GET /api/v1/deegiis HTTP/1.1" 200 15902 "-" "Expo/2.23.2.1013698 CFNetwork/1329 Darwin/21.3.0"
::ffff:192.168.1.66 - - [23/Mar/2022:17:02:24 +0000] "GET /api/v1/odkos HTTP/1.1" 200 10197 "-" "Expo/2.23.2.1013698 CFNetwork/1329 Darwin/21.3.0"
::ffff:192.168.1.66 - - [23/Mar/2022:17:02:24 +0000] "GET /api/v1/works?select=createdAt&sort=-createdAt&limit=1 HTTP/1.1" 200 103 "-" "Expo/2.23.2.1013698 CFNetwork/1329 Darwin/21.3.0"
::ffff:192.168.1.66 - - [23/Mar/2022:17:02:24 +0000] "GET /api/v1/bataas HTTP/1.1" 200 17213 "-" "Expo/2.23.2.1013698 CFNetwork/1329 Darwin/21.3.0"
::ffff:192.168.1.66 - - [23/Mar/2022:17:02:24 +0000] "GET /api/v1/headerBanners?limit=10 HTTP/1.1" 200 766 "-" "Expo/2.23.2.1013698 CFNetwork/1329 Darwin/21.3.0"
::ffff:192.168.1.66 - - [23/Mar/2022:17:02:24 +0000] "GET /api/v1/works HTTP/1.1" 200 103 "-" "Expo/2.23.2.1013698 CFNetwork/1329 Darwin/21.3.0"
::ffff:192.168.1.66 - - [23/Mar/2022:17:02:25 +0000] "GET /api/v1/magazines?limit=50 HTTP/1.1" 200 194113 "-" "Expo/2.23.2.1013698 CFNetwork/1329 Darwin/21.3.0"
::ffff:192.168.1.66 - - [23/Mar/2022:17:03:53 +0000] "GET /api/v1/magazines/623b51c62c42ea2e7827a2e0 HTTP/1.1" 200 194033 "-" "Expo/2.23.2.1013698 CFNetwork/1329 Darwin/21.3.0"
::1 - - [25/Mar/2022:06:11:11 +0000] "GET /api/v1/works HTTP/1.1" 200 3316 "-" "PostmanRuntime/7.29.0"
::1 - - [25/Mar/2022:06:12:29 +0000] "PUT /api/v1/works/623c470b8c54337193213de8/upload-pdf HTTP/1.1" 200 60 "-" "PostmanRuntime/7.29.0"
::1 - - [25/Mar/2022:06:13:47 +0000] "PUT /api/v1/works/623c470b8c54337193213de8/upload-pdf HTTP/1.1" 200 58 "-" "PostmanRuntime/7.29.0"
::1 - - [25/Mar/2022:06:14:29 +0000] "GET /public/pdf_623c470b8c54337193213de8.pdf HTTP/1.1" 404 178 "-" "PostmanRuntime/7.29.0"
::1 - - [25/Mar/2022:06:14:42 +0000] "GET /uploads/pdf_623c470b8c54337193213de8.pdf HTTP/1.1" 404 179 "-" "PostmanRuntime/7.29.0"
::1 - - [25/Mar/2022:06:14:57 +0000] "GET /uploads/pdf_623c470b8c54337193213de8 HTTP/1.1" 404 175 "-" "PostmanRuntime/7.29.0"
::1 - - [25/Mar/2022:06:17:37 +0000] "GET /favicon.ico HTTP/1.1" 404 150 "http://localhost:5050/upload/pdf_623c470b8c54337193213de8.pdf" "Mozilla/5.0 (Windows NT 10.0; Win64; x64) AppleWebKit/537.36 (KHTML, like Gecko) Chrome/99.0.4844.82 Safari/537.36"
::ffff:192.168.1.112 - - [25/Mar/2022:06:29:57 +0000] "GET /favicon.ico HTTP/1.1" 404 150 "http://192.168.1.115:5050/upload/pdf_623c470b8c54337193213de8.pdf" "Mozilla/5.0 (Windows NT 10.0; Win64; x64) AppleWebKit/537.36 (KHTML, like Gecko) Chrome/99.0.4844.83 Safari/537.36"
::1 - - [13/Apr/2022:08:27:57 +0000] "GET /api/v1/categories HTTP/1.1" 404 156 "-" "PostmanRuntime/7.29.0"
::1 - - [13/Apr/2022:08:30:28 +0000] "GET /api/v1/categories HTTP/1.1" 404 156 "-" "PostmanRuntime/7.29.0"
::1 - - [13/Apr/2022:08:30:34 +0000] "GET /api/v1/categories HTTP/1.1" 404 156 "-" "PostmanRuntime/7.29.0"
::1 - - [13/Apr/2022:08:32:09 +0000] "POST /api/v1/categories HTTP/1.1" 404 157 "-" "PostmanRuntime/7.29.0"
::1 - - [13/Apr/2022:08:33:07 +0000] "POST /api/v1/categories HTTP/1.1" 200 118 "-" "PostmanRuntime/7.29.0"
::1 - - [13/Apr/2022:08:33:24 +0000] "GET /api/v1/categories HTTP/1.1" 200 189 "-" "PostmanRuntime/7.29.0"
::1 - - [13/Apr/2022:08:39:43 +0000] "POST /api/v1/categories HTTP/1.1" 200 114 "-" "PostmanRuntime/7.29.0"
::1 - - [13/Apr/2022:08:39:51 +0000] "POST /api/v1/categories HTTP/1.1" 200 118 "-" "PostmanRuntime/7.29.0"
::1 - - [13/Apr/2022:08:39:59 +0000] "POST /api/v1/categories HTTP/1.1" 200 117 "-" "PostmanRuntime/7.29.0"
::1 - - [13/Apr/2022:08:40:06 +0000] "POST /api/v1/categories HTTP/1.1" 200 118 "-" "PostmanRuntime/7.29.0"
::1 - - [13/Apr/2022:08:40:11 +0000] "POST /api/v1/categories HTTP/1.1" 500 253 "-" "PostmanRuntime/7.29.0"
::1 - - [13/Apr/2022:08:46:25 +0000] "GET /api/v1/categories HTTP/1.1" 200 564 "-" "PostmanRuntime/7.29.0"
::1 - - [13/Apr/2022:08:46:49 +0000] "POST /api/v1/articles HTTP/1.1" 200 2500 "-" "PostmanRuntime/7.29.0"
::1 - - [13/Apr/2022:09:08:08 +0000] "GET /api/v1/articles HTTP/1.1" 200 2695 "-" "Mozilla/5.0 (Windows NT 10.0; Win64; x64) AppleWebKit/537.36 (KHTML, like Gecko) Chrome/100.0.4896.75 Safari/537.36"
::1 - - [13/Apr/2022:09:08:08 +0000] "GET /favicon.ico HTTP/1.1" 404 150 "http://localhost:5050/api/v1/articles" "Mozilla/5.0 (Windows NT 10.0; Win64; x64) AppleWebKit/537.36 (KHTML, like Gecko) Chrome/100.0.4896.75 Safari/537.36"
::ffff:192.168.1.115 - - [13/Apr/2022:09:09:02 +0000] "GET /api/v1/articles HTTP/1.1" 200 2695 "-" "Mozilla/5.0 (Windows NT 10.0; Win64; x64) AppleWebKit/537.36 (KHTML, like Gecko) Chrome/100.0.4896.75 Safari/537.36"
::ffff:192.168.1.115 - - [13/Apr/2022:09:09:02 +0000] "GET /favicon.ico HTTP/1.1" 404 150 "http://192.168.1.115:5050/api/v1/articles" "Mozilla/5.0 (Windows NT 10.0; Win64; x64) AppleWebKit/537.36 (KHTML, like Gecko) Chrome/100.0.4896.75 Safari/537.36"
::ffff:192.168.1.115 - - [13/Apr/2022:09:10:02 +0000] "GET /api/v1/articles HTTP/1.1" 304 - "-" "Mozilla/5.0 (Windows NT 10.0; Win64; x64) AppleWebKit/537.36 (KHTML, like Gecko) Chrome/100.0.4896.75 Safari/537.36"
::ffff:192.168.1.115 - - [13/Apr/2022:09:10:28 +0000] "GET /api/v1/articles HTTP/1.1" 304 - "-" "Mozilla/5.0 (Windows NT 10.0; Win64; x64) AppleWebKit/537.36 (KHTML, like Gecko) Chrome/100.0.4896.75 Safari/537.36"
::ffff:192.168.1.115 - - [13/Apr/2022:09:10:33 +0000] "GET /api/v1/articles HTTP/1.1" 304 - "-" "Mozilla/5.0 (Windows NT 10.0; Win64; x64) AppleWebKit/537.36 (KHTML, like Gecko) Chrome/100.0.4896.75 Safari/537.36"
::ffff:192.168.1.112 - - [13/Apr/2022:09:12:41 +0000] "GET /api/v1/articles HTTP/1.1" 200 2695 "-" "Mozilla/5.0 (Windows NT 10.0; Win64; x64) AppleWebKit/537.36 (KHTML, like Gecko) Chrome/100.0.4896.79 Safari/537.36"
::ffff:192.168.1.112 - - [13/Apr/2022:09:12:42 +0000] "GET /favicon.ico HTTP/1.1" 404 150 "http://192.168.1.115:5050/api/v1/articles" "Mozilla/5.0 (Windows NT 10.0; Win64; x64) AppleWebKit/537.36 (KHTML, like Gecko) Chrome/100.0.4896.79 Safari/537.36"
::ffff:192.168.1.112 - - [13/Apr/2022:09:12:53 +0000] "GET /api/v1/articles HTTP/1.1" 200 2695 "http://localhost:3005/" "Mozilla/5.0 (Windows NT 10.0; Win64; x64) AppleWebKit/537.36 (KHTML, like Gecko) Chrome/100.0.4896.79 Safari/537.36"
::ffff:192.168.1.112 - - [13/Apr/2022:09:13:22 +0000] "GET /api/v1/articles HTTP/1.1" 304 - "http://localhost:3005/" "Mozilla/5.0 (Windows NT 10.0; Win64; x64) AppleWebKit/537.36 (KHTML, like Gecko) Chrome/100.0.4896.79 Safari/537.36"
::1 - - [13/Apr/2022:09:14:29 +0000] "POST /api/v1/articles HTTP/1.1" 200 2500 "-" "PostmanRuntime/7.29.0"
::ffff:192.168.1.112 - - [13/Apr/2022:09:15:57 +0000] "GET /api/v1/articles HTTP/1.1" 200 5288 "http://localhost:3005/" "Mozilla/5.0 (Windows NT 10.0; Win64; x64) AppleWebKit/537.36 (KHTML, like Gecko) Chrome/100.0.4896.79 Safari/537.36"
::1 - - [13/Apr/2022:09:16:45 +0000] "GET /upload/pdf_623c470b8c54337193213de8.pdf HTTP/1.1" 404 178 "-" "PostmanRuntime/7.29.0"
::ffff:192.168.1.112 - - [13/Apr/2022:09:16:49 +0000] "GET /api/v1/articles HTTP/1.1" 304 - "http://localhost:3005/" "Mozilla/5.0 (Windows NT 10.0; Win64; x64) AppleWebKit/537.36 (KHTML, like Gecko) Chrome/100.0.4896.79 Safari/537.36"
::ffff:192.168.1.112 - - [13/Apr/2022:09:16:59 +0000] "GET /api/v1/articles HTTP/1.1" 304 - "http://localhost:3005/" "Mozilla/5.0 (Windows NT 10.0; Win64; x64) AppleWebKit/537.36 (KHTML, like Gecko) Chrome/100.0.4896.79 Safari/537.36"
::ffff:192.168.1.112 - - [13/Apr/2022:09:17:00 +0000] "GET /api/v1/articles HTTP/1.1" 200 5288 "http://localhost:3005/" "Mozilla/5.0 (Windows NT 10.0; Win64; x64) AppleWebKit/537.36 (KHTML, like Gecko) Chrome/100.0.4896.79 Safari/537.36"
::1 - - [13/Apr/2022:09:17:08 +0000] "GET /api/v1/articles HTTP/1.1" 200 5288 "-" "PostmanRuntime/7.29.0"
::ffff:192.168.1.112 - - [13/Apr/2022:09:17:28 +0000] "GET /api/v1/articles HTTP/1.1" 304 - "http://localhost:3005/" "Mozilla/5.0 (Windows NT 10.0; Win64; x64) AppleWebKit/537.36 (KHTML, like Gecko) Chrome/100.0.4896.79 Safari/537.36"
::ffff:192.168.1.112 - - [13/Apr/2022:09:17:55 +0000] "GET /api/v1/articles HTTP/1.1" 304 - "http://localhost:3005/" "Mozilla/5.0 (Windows NT 10.0; Win64; x64) AppleWebKit/537.36 (KHTML, like Gecko) Chrome/100.0.4896.79 Safari/537.36"
::ffff:192.168.1.112 - - [13/Apr/2022:09:19:15 +0000] "GET /api/v1/articles HTTP/1.1" 200 5276 "http://localhost:3005/" "Mozilla/5.0 (Windows NT 10.0; Win64; x64) AppleWebKit/537.36 (KHTML, like Gecko) Chrome/100.0.4896.79 Safari/537.36"
::ffff:192.168.1.112 - - [13/Apr/2022:09:20:25 +0000] "GET /api/v1/articles HTTP/1.1" 304 - "http://localhost:3005/" "Mozilla/5.0 (Windows NT 10.0; Win64; x64) AppleWebKit/537.36 (KHTML, like Gecko) Chrome/100.0.4896.79 Safari/537.36"
::ffff:192.168.1.112 - - [13/Apr/2022:09:20:37 +0000] "GET /api/v1/articles HTTP/1.1" 304 - "http://localhost:3005/" "Mozilla/5.0 (Windows NT 10.0; Win64; x64) AppleWebKit/537.36 (KHTML, like Gecko) Chrome/100.0.4896.79 Safari/537.36"
::1 - - [13/Apr/2022:09:22:17 +0000] "GET /api/v1/articles/6256947461ee460afc004235 HTTP/1.1" 500 75 "-" "PostmanRuntime/7.29.0"
::ffff:192.168.1.112 - - [13/Apr/2022:09:22:20 +0000] "GET /api/v1/articles HTTP/1.1" 200 5276 "http://localhost:3005/" "Mozilla/5.0 (Windows NT 10.0; Win64; x64) AppleWebKit/537.36 (KHTML, like Gecko) Chrome/100.0.4896.79 Safari/537.36"
::ffff:192.168.1.112 - - [13/Apr/2022:09:22:22 +0000] "GET /api/v1/articles HTTP/1.1" 304 - "http://localhost:3005/" "Mozilla/5.0 (Windows NT 10.0; Win64; x64) AppleWebKit/537.36 (KHTML, like Gecko) Chrome/100.0.4896.79 Safari/537.36"
::ffff:192.168.1.112 - - [13/Apr/2022:09:22:53 +0000] "GET /api/v1/articles HTTP/1.1" 304 - "http://localhost:3005/" "Mozilla/5.0 (Windows NT 10.0; Win64; x64) AppleWebKit/537.36 (KHTML, like Gecko) Chrome/100.0.4896.79 Safari/537.36"
::1 - - [13/Apr/2022:09:23:10 +0000] "POST /api/v1/articles HTTP/1.1" 200 2500 "-" "PostmanRuntime/7.29.0"
::ffff:192.168.1.112 - - [13/Apr/2022:09:23:14 +0000] "GET /api/v1/articles HTTP/1.1" 200 7869 "http://localhost:3005/" "Mozilla/5.0 (Windows NT 10.0; Win64; x64) AppleWebKit/537.36 (KHTML, like Gecko) Chrome/100.0.4896.79 Safari/537.36"
::1 - - [13/Apr/2022:09:23:23 +0000] "GET /api/v1/articles/6256947461ee460afc004235 HTTP/1.1" 200 2498 "-" "PostmanRuntime/7.29.0"
::1 - - [13/Apr/2022:09:24:48 +0000] "GET /api/v1/articles/6256947461ee460afc004235 HTTP/1.1" 200 2498 "-" "PostmanRuntime/7.29.0"
::ffff:192.168.1.112 - - [13/Apr/2022:09:24:58 +0000] "GET /api/v1/articles HTTP/1.1" 200 7869 "http://localhost:3005/" "Mozilla/5.0 (Windows NT 10.0; Win64; x64) AppleWebKit/537.36 (KHTML, like Gecko) Chrome/100.0.4896.79 Safari/537.36"
::1 - - [13/Apr/2022:09:25:24 +0000] "GET /api/v1/articles/6256947461ee460afc004235 HTTP/1.1" 200 2498 "-" "PostmanRuntime/7.29.0"
::1 - - [13/Apr/2022:09:25:58 +0000] "GET /api/v1/articles/6256947461ee460afc004235 HTTP/1.1" 200 2498 "-" "PostmanRuntime/7.29.0"
::ffff:192.168.1.112 - - [13/Apr/2022:09:26:06 +0000] "GET /api/v1/articles HTTP/1.1" 200 7786 "http://localhost:3005/" "Mozilla/5.0 (Windows NT 10.0; Win64; x64) AppleWebKit/537.36 (KHTML, like Gecko) Chrome/100.0.4896.79 Safari/537.36"
::ffff:192.168.1.112 - - [13/Apr/2022:09:28:03 +0000] "GET /api/v1/articles HTTP/1.1" 200 7362 "http://localhost:3005/" "Mozilla/5.0 (Windows NT 10.0; Win64; x64) AppleWebKit/537.36 (KHTML, like Gecko) Chrome/100.0.4896.79 Safari/537.36"
::1 - - [13/Apr/2022:09:28:19 +0000] "GET /api/v1/articles HTTP/1.1" 200 7362 "-" "PostmanRuntime/7.29.0"
::ffff:192.168.1.112 - - [13/Apr/2022:09:28:38 +0000] "GET /api/v1/articles HTTP/1.1" 304 - "http://localhost:3005/" "Mozilla/5.0 (Windows NT 10.0; Win64; x64) AppleWebKit/537.36 (KHTML, like Gecko) Chrome/100.0.4896.79 Safari/537.36"
::ffff:192.168.1.112 - - [13/Apr/2022:09:28:47 +0000] "GET /api/v1/articles HTTP/1.1" 304 - "http://localhost:3005/" "Mozilla/5.0 (Windows NT 10.0; Win64; x64) AppleWebKit/537.36 (KHTML, like Gecko) Chrome/100.0.4896.79 Safari/537.36"
::1 - - [13/Apr/2022:09:29:26 +0000] "POST /api/v1/articles HTTP/1.1" 500 245 "-" "PostmanRuntime/7.29.0"
::1 - - [13/Apr/2022:09:29:53 +0000] "POST /api/v1/articles HTTP/1.1" 200 2468 "-" "PostmanRuntime/7.29.0"
::ffff:192.168.1.112 - - [13/Apr/2022:09:31:24 +0000] "GET /api/v1/articles HTTP/1.1" 500 244 "http://localhost:3005/" "Mozilla/5.0 (Windows NT 10.0; Win64; x64) AppleWebKit/537.36 (KHTML, like Gecko) Chrome/100.0.4896.79 Safari/537.36"
::1 - - [13/Apr/2022:09:31:50 +0000] "GET /api/v1/articles HTTP/1.1" 500 244 "-" "PostmanRuntime/7.29.0"
::1 - - [13/Apr/2022:09:32:01 +0000] "GET /api/v1/articles HTTP/1.1" 500 244 "-" "PostmanRuntime/7.29.0"
::1 - - [13/Apr/2022:09:32:30 +0000] "GET /api/v1/articles HTTP/1.1" 500 244 "-" "PostmanRuntime/7.29.0"
::1 - - [13/Apr/2022:09:32:58 +0000] "GET /api/v1/articles HTTP/1.1" 200 2537 "-" "PostmanRuntime/7.29.0"
::ffff:192.168.1.112 - - [13/Apr/2022:09:33:36 +0000] "GET /api/v1/articles HTTP/1.1" 200 2537 "http://localhost:3005/" "Mozilla/5.0 (Windows NT 10.0; Win64; x64) AppleWebKit/537.36 (KHTML, like Gecko) Chrome/100.0.4896.79 Safari/537.36"
::ffff:192.168.1.112 - - [13/Apr/2022:09:34:03 +0000] "GET /api/v1/articles HTTP/1.1" 200 2512 "http://localhost:3005/" "Mozilla/5.0 (Windows NT 10.0; Win64; x64) AppleWebKit/537.36 (KHTML, like Gecko) Chrome/100.0.4896.79 Safari/537.36"
::1 - - [13/Apr/2022:09:34:05 +0000] "POST /api/v1/articles HTTP/1.1" 200 2453 "-" "PostmanRuntime/7.29.0"
::1 - - [13/Apr/2022:09:34:37 +0000] "GET /api/v1/articles HTTP/1.1" 200 2532 "-" "PostmanRuntime/7.29.0"
::ffff:192.168.1.112 - - [13/Apr/2022:09:34:44 +0000] "GET /api/v1/articles HTTP/1.1" 200 2532 "http://localhost:3005/" "Mozilla/5.0 (Windows NT 10.0; Win64; x64) AppleWebKit/537.36 (KHTML, like Gecko) Chrome/100.0.4896.79 Safari/537.36"
::ffff:192.168.1.112 - - [13/Apr/2022:09:35:19 +0000] "GET /api/v1/articles HTTP/1.1" 304 - "http://localhost:3005/" "Mozilla/5.0 (Windows NT 10.0; Win64; x64) AppleWebKit/537.36 (KHTML, like Gecko) Chrome/100.0.4896.79 Safari/537.36"
::ffff:192.168.1.112 - - [13/Apr/2022:09:35:43 +0000] "GET /api/v1/articles HTTP/1.1" 304 - "http://localhost:3005/" "Mozilla/5.0 (Windows NT 10.0; Win64; x64) AppleWebKit/537.36 (KHTML, like Gecko) Chrome/100.0.4896.79 Safari/537.36"
::1 - - [13/Apr/2022:09:36:01 +0000] "GET /api/v1/articles/6256990d395a4215f8c2d96a HTTP/1.1" 500 58 "-" "PostmanRuntime/7.29.0"
::1 - - [13/Apr/2022:09:36:10 +0000] "GET /api/v1/articles/6256990d395a4215f8c2d96a HTTP/1.1" 200 2453 "-" "PostmanRuntime/7.29.0"
::1 - - [13/Apr/2022:09:37:17 +0000] "GET /api/v1/articles/6256990d395a4215f8c2d96a HTTP/1.1" 200 2417 "-" "PostmanRuntime/7.29.0"
::1 - - [13/Apr/2022:09:38:04 +0000] "GET /api/v1/articles/6256990d395a4215f8c2d96a HTTP/1.1" 200 2417 "-" "PostmanRuntime/7.29.0"
::ffff:192.168.1.112 - - [13/Apr/2022:09:38:40 +0000] "GET /api/v1/articles HTTP/1.1" 200 2496 "http://localhost:3005/" "Mozilla/5.0 (Windows NT 10.0; Win64; x64) AppleWebKit/537.36 (KHTML, like Gecko) Chrome/100.0.4896.79 Safari/537.36"
::1 - - [13/Apr/2022:09:38:41 +0000] "GET /api/v1/articles/6256990d395a4215f8c2d96a HTTP/1.1" 200 2417 "-" "PostmanRuntime/7.29.0"
::ffff:192.168.1.112 - - [13/Apr/2022:09:38:44 +0000] "GET /api/v1/articles HTTP/1.1" 200 2496 "http://localhost:3005/" "Mozilla/5.0 (Windows NT 10.0; Win64; x64) AppleWebKit/537.36 (KHTML, like Gecko) Chrome/100.0.4896.79 Safari/537.36"
::1 - - [13/Apr/2022:09:39:17 +0000] "GET /api/v1/articles/6256990d395a4215f8c2d96a HTTP/1.1" 200 2417 "-" "PostmanRuntime/7.29.0"
::1 - - [13/Apr/2022:09:39:46 +0000] "GET /api/v1/articles/6256990d395a4215f8c2d96a HTTP/1.1" 200 2417 "-" "PostmanRuntime/7.29.0"
::ffff:192.168.1.112 - - [13/Apr/2022:09:40:07 +0000] "GET /api/v1/articles HTTP/1.1" 200 2496 "http://localhost:3005/" "Mozilla/5.0 (Windows NT 10.0; Win64; x64) AppleWebKit/537.36 (KHTML, like Gecko) Chrome/100.0.4896.79 Safari/537.36"
::ffff:192.168.1.112 - - [13/Apr/2022:09:40:31 +0000] "GET /api/v1/articles HTTP/1.1" 304 - "http://localhost:3005/" "Mozilla/5.0 (Windows NT 10.0; Win64; x64) AppleWebKit/537.36 (KHTML, like Gecko) Chrome/100.0.4896.79 Safari/537.36"
::1 - - [13/Apr/2022:09:40:32 +0000] "GET /api/v1/articles/6256990d395a4215f8c2d96a HTTP/1.1" 200 2417 "-" "PostmanRuntime/7.29.0"
::1 - - [13/Apr/2022:09:41:06 +0000] "GET /api/v1/articles/6256990d395a4215f8c2d96a HTTP/1.1" 200 2417 "-" "PostmanRuntime/7.29.0"
::ffff:192.168.1.112 - - [13/Apr/2022:09:41:26 +0000] "GET /api/v1/articles HTTP/1.1" 200 2496 "http://localhost:3005/" "Mozilla/5.0 (Windows NT 10.0; Win64; x64) AppleWebKit/537.36 (KHTML, like Gecko) Chrome/100.0.4896.79 Safari/537.36"
::ffff:192.168.1.112 - - [13/Apr/2022:09:42:27 +0000] "GET /api/v1/articles HTTP/1.1" 304 - "http://localhost:3005/" "Mozilla/5.0 (Windows NT 10.0; Win64; x64) AppleWebKit/537.36 (KHTML, like Gecko) Chrome/100.0.4896.79 Safari/537.36"
::1 - - [13/Apr/2022:09:42:34 +0000] "GET /api/v1/articles/6256990d395a4215f8c2d96a HTTP/1.1" 500 65 "-" "PostmanRuntime/7.29.0"
::1 - - [13/Apr/2022:09:42:53 +0000] "GET /api/v1/articles/6256990d395a4215f8c2d96a HTTP/1.1" 500 63 "-" "PostmanRuntime/7.29.0"
::ffff:192.168.1.112 - - [13/Apr/2022:09:44:56 +0000] "GET /api/v1/articles HTTP/1.1" 200 2497 "http://localhost:3005/" "Mozilla/5.0 (Windows NT 10.0; Win64; x64) AppleWebKit/537.36 (KHTML, like Gecko) Chrome/100.0.4896.79 Safari/537.36"
::1 - - [13/Apr/2022:09:45:16 +0000] "POST /api/v1/articles HTTP/1.1" 200 2417 "-" "PostmanRuntime/7.29.0"
::ffff:192.168.1.112 - - [13/Apr/2022:09:45:23 +0000] "GET /api/v1/articles HTTP/1.1" 200 4891 "http://localhost:3005/" "Mozilla/5.0 (Windows NT 10.0; Win64; x64) AppleWebKit/537.36 (KHTML, like Gecko) Chrome/100.0.4896.79 Safari/537.36"
::ffff:192.168.1.112 - - [13/Apr/2022:09:45:40 +0000] "GET /api/v1/articles HTTP/1.1" 304 - "http://localhost:3005/" "Mozilla/5.0 (Windows NT 10.0; Win64; x64) AppleWebKit/537.36 (KHTML, like Gecko) Chrome/100.0.4896.79 Safari/537.36"
::1 - - [13/Apr/2022:09:45:43 +0000] "POST /api/v1/articles HTTP/1.1" 200 2417 "-" "PostmanRuntime/7.29.0"
::1 - - [13/Apr/2022:09:45:46 +0000] "GET /api/v1/articles/6256990d395a4215f8c2d96a HTTP/1.1" 200 2418 "-" "PostmanRuntime/7.29.0"
::ffff:192.168.1.112 - - [13/Apr/2022:09:45:55 +0000] "GET /api/v1/articles HTTP/1.1" 200 7285 "http://localhost:3005/" "Mozilla/5.0 (Windows NT 10.0; Win64; x64) AppleWebKit/537.36 (KHTML, like Gecko) Chrome/100.0.4896.79 Safari/537.36"
::ffff:192.168.1.112 - - [13/Apr/2022:09:46:28 +0000] "GET /api/v1/articles HTTP/1.1" 304 - "http://localhost:3005/" "Mozilla/5.0 (Windows NT 10.0; Win64; x64) AppleWebKit/537.36 (KHTML, like Gecko) Chrome/100.0.4896.79 Safari/537.36"
::ffff:192.168.1.112 - - [13/Apr/2022:09:46:29 +0000] "GET /api/v1/articles HTTP/1.1" 304 - "http://localhost:3005/" "Mozilla/5.0 (Windows NT 10.0; Win64; x64) AppleWebKit/537.36 (KHTML, like Gecko) Chrome/100.0.4896.79 Safari/537.36"
::ffff:192.168.1.112 - - [13/Apr/2022:09:47:06 +0000] "GET /api/v1/articles HTTP/1.1" 304 - "http://localhost:3005/" "Mozilla/5.0 (Windows NT 10.0; Win64; x64) AppleWebKit/537.36 (KHTML, like Gecko) Chrome/100.0.4896.79 Safari/537.36"
::1 - - [13/Apr/2022:09:48:44 +0000] "GET /api/v1/articles/6256990d395a4215f8c2d96a HTTP/1.1" 200 2418 "-" "PostmanRuntime/7.29.0"
::1 - - [13/Apr/2022:09:48:47 +0000] "POST /api/v1/articles HTTP/1.1" 200 2417 "-" "PostmanRuntime/7.29.0"
::1 - - [13/Apr/2022:09:49:02 +0000] "POST /api/v1/articles HTTP/1.1" 200 2393 "-" "PostmanRuntime/7.29.0"
::1 - - [13/Apr/2022:09:49:22 +0000] "GET /api/v1/articles HTTP/1.1" 200 12049 "-" "PostmanRuntime/7.29.0"
::ffff:192.168.1.112 - - [13/Apr/2022:09:49:25 +0000] "GET /api/v1/articles HTTP/1.1" 200 12049 "http://localhost:3005/" "Mozilla/5.0 (Windows NT 10.0; Win64; x64) AppleWebKit/537.36 (KHTML, like Gecko) Chrome/100.0.4896.79 Safari/537.36"
::1 - - [13/Apr/2022:09:49:36 +0000] "DELETE /api/v1/articles/6256990d395a4215f8c2d96a HTTP/1.1" 500 87 "-" "PostmanRuntime/7.29.0"
::1 - - [13/Apr/2022:09:49:49 +0000] "DELETE /api/v1/articles/6256990d395a4215f8c2d96a HTTP/1.1" 404 125 "-" "PostmanRuntime/7.29.0"
::1 - - [13/Apr/2022:09:50:00 +0000] "GET /api/v1/articles HTTP/1.1" 200 9654 "-" "PostmanRuntime/7.29.0"
::ffff:192.168.1.112 - - [13/Apr/2022:09:50:07 +0000] "GET /api/v1/articles HTTP/1.1" 200 9654 "http://localhost:3005/" "Mozilla/5.0 (Windows NT 10.0; Win64; x64) AppleWebKit/537.36 (KHTML, like Gecko) Chrome/100.0.4896.79 Safari/537.36"
::ffff:192.168.1.112 - - [13/Apr/2022:09:50:14 +0000] "GET /api/v1/articles HTTP/1.1" 304 - "http://localhost:3005/" "Mozilla/5.0 (Windows NT 10.0; Win64; x64) AppleWebKit/537.36 (KHTML, like Gecko) Chrome/100.0.4896.79 Safari/537.36"
::1 - - [13/Apr/2022:09:50:18 +0000] "DELETE /api/v1/articles/62569bac5014c8206c25b7c7 HTTP/1.1" 200 2417 "-" "PostmanRuntime/7.29.0"
::1 - - [13/Apr/2022:09:50:27 +0000] "DELETE /api/v1/articles/62569bc7a33a47315c7b5286 HTTP/1.1" 200 2417 "-" "PostmanRuntime/7.29.0"
::1 - - [13/Apr/2022:09:50:38 +0000] "DELETE /api/v1/articles/62569c7fb292472484f650f8 HTTP/1.1" 200 2417 "-" "PostmanRuntime/7.29.0"
::1 - - [13/Apr/2022:09:50:43 +0000] "GET /api/v1/articles HTTP/1.1" 200 2472 "-" "PostmanRuntime/7.29.0"
::1 - - [13/Apr/2022:09:51:25 +0000] "DELETE /api/v1/articles/62569c8df4346421fc0f3e3e HTTP/1.1" 200 2393 "-" "PostmanRuntime/7.29.0"
::1 - - [13/Apr/2022:09:51:43 +0000] "DELETE /api/v1/articles/62569c8df4346421fc0f3e3e HTTP/1.1" 404 125 "-" "PostmanRuntime/7.29.0"
::1 - - [13/Apr/2022:09:51:55 +0000] "DELETE /api/v1/articles/62569c8df4346421fc0f3e3e HTTP/1.1" 404 125 "-" "PostmanRuntime/7.29.0"
::1 - - [13/Apr/2022:09:52:02 +0000] "GET /api/v1/articles HTTP/1.1" 200 103 "-" "PostmanRuntime/7.29.0"
::1 - - [13/Apr/2022:09:52:11 +0000] "POST /api/v1/articles HTTP/1.1" 200 2393 "-" "PostmanRuntime/7.29.0"
::1 - - [13/Apr/2022:09:52:17 +0000] "GET /api/v1/articles/62569d4b70c4ac2088587135 HTTP/1.1" 200 2393 "-" "PostmanRuntime/7.29.0"
::ffff:192.168.1.112 - - [13/Apr/2022:09:53:19 +0000] "GET /api/v1/articles HTTP/1.1" 200 2472 "http://localhost:3005/" "Mozilla/5.0 (Windows NT 10.0; Win64; x64) AppleWebKit/537.36 (KHTML, like Gecko) Chrome/100.0.4896.79 Safari/537.36"
